<html>
<body>
<pre>
<h1>µVision Build Log</h1>
<h2>Tool Versions:</h2>
IDE-Version: ¦ÌVision V5.26.2.0
Copyright (C) 2018 ARM Ltd and ARM Germany GmbH. All rights reserved.
License Information: Xin hp, BUPT, LIC=FQQ63-AFFUC-NQQ0G-V8VNV-S14V8-CLPF4
 
Tool Versions:
Toolchain:       MDK-ARM Professional  Version: 5.26.2.0
Toolchain Path:  D:\Keil_v5\ARM\ARMCC\Bin
C Compiler:      Armcc.exe V5.06 update 6 (build 750)
Assembler:       Armasm.exe V5.06 update 6 (build 750)
Linker/Locator:  ArmLink.exe V5.06 update 6 (build 750)
Library Manager: ArmAr.exe V5.06 update 6 (build 750)
Hex Converter:   FromElf.exe V5.06 update 6 (build 750)
CPU DLL:         
Dialog DLL:      
Target DLL:      Segger\JL2CM3.dll V2.99.31.0
Dialog DLL:      TCM.DLL V1.36.1.0
 
<h2>Project:</h2>
E:\2019.3.8888888\nRF5_SDK_15.2.0_9412b961\nRF5_SDK_15.2.0_9412b96\examples\peripheral\gpiote\pca10040\blank\arm5_no_packs\gpiote_pca10040.uvprojx
Project File Date:  11/18/2019

<h2>Output:</h2>
*** Using Compiler 'V5.06 update 6 (build 750)', folder: 'D:\Keil_v5\ARM\ARMCC\Bin'
Build target 'nrf52832_xxaa'
compiling app_error.c...
compiling nrf_drv_ppi.c...
compiling boards.c...
compiling nrfx_ppi.c...
compiling main.c...
..\..\..\main.c(39): warning:  #111-D: statement is unreachable
  	return 0;
..\..\..\main.c(40): warning:  #1-D: last line of file ends without a newline
  }
..\..\..\main.c: 2 warnings, 0 errors
compiling nrfx_timer.c...
compiling nrfx_gpiote.c...
compiling app_error_handler_keil.c...
compiling app_error_weak.c...
compiling nrf_assert.c...
compiling app_util_platform.c...
compiling nrf_fprintf.c...
compiling nrf_fprintf_format.c...
compiling nrf_atomic.c...
compiling nrf_memobj.c...
compiling nrf_balloc.c...
assembling arm_startup_nrf52.s...
compiling nrf_strerror.c...
compiling nrf_ringbuf.c...
compiling nrf_log_str_formatter.c...
compiling nrf_log_frontend.c...
compiling system_nrf52.c...
linking...
Program Size: Code=2572 RO-data=560 RW-data=4 ZI-data=8284  
FromELF: creating hex file...
".\_build\nrf52832_xxaa.axf" - 0 Error(s), 2 Warning(s).

<h2>Software Packages used:</h2>

Package Vendor: ARM
                http://www.keil.com/pack/ARM.CMSIS.4.5.0.pack
                ARM.CMSIS.4.5.0
                CMSIS (Cortex Microcontroller Software Interface Standard)
   * Component: CORE Version: 4.3.0

Package Vendor: NordicSemiconductor
                http://developer.nordicsemi.com/nRF5_SDK/pieces/nRF_DeviceFamilyPack/NordicSemiconductor.nRF_DeviceFamilyPack.8.17.0.pack
                NordicSemiconductor.nRF_DeviceFamilyPack.8.17.0
                Nordic Semiconductor nRF ARM devices Device Family Pack.
   * Component: Startup Version: 8.17.0

<h2>Collection of Component include folders:</h2>
  .\RTE\_nrf52832_xxaa
  D:\Keil_v5\ARM\PACK\ARM\CMSIS\4.5.0\CMSIS\Include
  D:\Keil_v5\ARM\PACK\NordicSemiconductor\nRF_DeviceFamilyPack\8.17.0\Device\Include

<h2>Collection of Component Files used:</h2>

   * Component: ARM::CMSIS:CORE:4.3.0

   * Component: NordicSemiconductor::Device:Startup:8.17.0
      Include file:  Device\Include\system_nrf52.h
      Source file:   Device\Source\system_nrf52.c
      Source file:   Device\Source\arm\arm_startup_nrf52.s
Build Time Elapsed:  00:00:11
</pre>
</body>
</html>
