Component: ARM Compiler 5.06 update 6 (build 750) Tool: armlink [4d35ed]

==============================================================================

Section Cross References

    main.o(i.adc_configure) refers to nrfx_saadc.o(i.nrfx_saadc_init) for nrfx_saadc_init
    main.o(i.adc_configure) refers to app_error_handler_keil.o(.emb_text) for app_error_handler
    main.o(i.adc_configure) refers to nrfx_saadc.o(i.nrfx_saadc_channel_init) for nrfx_saadc_channel_init
    main.o(i.adc_configure) refers to nrfx_saadc.o(i.nrfx_saadc_buffer_convert) for nrfx_saadc_buffer_convert
    main.o(i.adc_configure) refers to main.o(i.saadc_event_handler) for saadc_event_handler
    main.o(i.adc_configure) refers to main.o(.constdata) for .constdata
    main.o(i.adc_configure) refers to main.o(i.advertising_start) for i.advertising_start
    main.o(i.adc_configure) refers to main.o(.data) for .data
    main.o(i.advertising_init) refers to memseta.o(.text) for __aeabi_memclr4
    main.o(i.advertising_init) refers to nrf_log_frontend.o(i.nrf_log_frontend_std_1) for nrf_log_frontend_std_1
    main.o(i.advertising_init) refers to printf5.o(i.__0sprintf$5) for __2sprintf
    main.o(i.advertising_init) refers to ble_advertising.o(i.ble_advertising_init) for ble_advertising_init
    main.o(i.advertising_init) refers to app_error_handler_keil.o(.emb_text) for app_error_handler
    main.o(i.advertising_init) refers to ble_advertising.o(i.ble_advertising_conn_cfg_tag_set) for ble_advertising_conn_cfg_tag_set
    main.o(i.advertising_init) refers to nrf_log_frontend.o(log_const_data) for m_nrf_log_app_logs_data_const
    main.o(i.advertising_init) refers to main.o(i.on_adv_evt) for on_adv_evt
    main.o(i.advertising_init) refers to main.o(.bss) for .bss
    main.o(i.advertising_start) refers to nrf_log_frontend.o(i.nrf_log_frontend_std_0) for nrf_log_frontend_std_0
    main.o(i.advertising_start) refers to peer_manager.o(i.pm_peers_delete) for pm_peers_delete
    main.o(i.advertising_start) refers to ble_advertising.o(i.ble_advertising_start) for ble_advertising_start
    main.o(i.advertising_start) refers to app_error_handler_keil.o(.emb_text) for app_error_handler
    main.o(i.advertising_start) refers to nrf_log_frontend.o(log_const_data) for m_nrf_log_app_logs_data_const
    main.o(i.advertising_start) refers to main.o(.bss) for .bss
    main.o(i.alert_signal) refers to nrf_log_frontend.o(i.nrf_log_frontend_std_0) for nrf_log_frontend_std_0
    main.o(i.alert_signal) refers to bsp.o(i.bsp_indication_set) for bsp_indication_set
    main.o(i.alert_signal) refers to app_error_handler_keil.o(.emb_text) for app_error_handler
    main.o(i.alert_signal) refers to nrf_log_frontend.o(log_const_data) for m_nrf_log_app_logs_data_const
    main.o(i.assert_nrf_callback) refers to app_error_handler_keil.o(.emb_text) for app_error_handler
    main.o(i.battery_level_meas_timeout_handler) refers to nrfx_saadc.o(i.nrfx_saadc_sample) for nrfx_saadc_sample
    main.o(i.battery_level_meas_timeout_handler) refers to app_error_handler_keil.o(.emb_text) for app_error_handler
    main.o(i.ble_evt_handler) refers to nrf_log_frontend.o(i.nrf_log_frontend_std_0) for nrf_log_frontend_std_0
    main.o(i.ble_evt_handler) refers to app_error_handler_keil.o(.emb_text) for app_error_handler
    main.o(i.ble_evt_handler) refers to bsp.o(i.bsp_indication_set) for bsp_indication_set
    main.o(i.ble_evt_handler) refers to nrf_ble_qwr.o(i.nrf_ble_qwr_conn_handle_assign) for nrf_ble_qwr_conn_handle_assign
    main.o(i.ble_evt_handler) refers to ble_db_discovery.o(i.ble_db_discovery_start) for ble_db_discovery_start
    main.o(i.ble_evt_handler) refers to nrf_log_frontend.o(log_const_data) for m_nrf_log_app_logs_data_const
    main.o(i.ble_evt_handler) refers to main.o(.bss) for .bss
    main.o(i.ble_evt_handler) refers to main.o(.data) for .data
    main.o(i.ble_stack_init) refers to nrf_sdh.o(i.nrf_sdh_enable_request) for nrf_sdh_enable_request
    main.o(i.ble_stack_init) refers to app_error_handler_keil.o(.emb_text) for app_error_handler
    main.o(i.ble_stack_init) refers to nrf_sdh_ble.o(i.nrf_sdh_ble_default_cfg_set) for nrf_sdh_ble_default_cfg_set
    main.o(i.ble_stack_init) refers to nrf_sdh_ble.o(i.nrf_sdh_ble_enable) for nrf_sdh_ble_enable
    main.o(i.ble_stack_init) refers to main.o(i.advertising_start) for i.advertising_start
    main.o(i.bsp_event_handler) refers to nrf_log_frontend.o(i.nrf_log_frontend_std_0) for nrf_log_frontend_std_0
    main.o(i.bsp_event_handler) refers to bsp.o(i.bsp_indication_set) for bsp_indication_set
    main.o(i.bsp_event_handler) refers to app_error_handler_keil.o(.emb_text) for app_error_handler
    main.o(i.bsp_event_handler) refers to main.o(i.sleep_mode_enter) for sleep_mode_enter
    main.o(i.bsp_event_handler) refers to ble_ias_c.o(i.ble_ias_c_send_alert_level) for ble_ias_c_send_alert_level
    main.o(i.bsp_event_handler) refers to nrf_log_frontend.o(log_const_data) for m_nrf_log_app_logs_data_const
[...]
    sdh_req_observers0$$Limit                0x000332a0   Number         0  nrf_fstorage_sd.o(sdh_req_observers0)
    sdh_soc_observers0$$Base                 0x000332a0   Number         0  nrf_drv_clock.o(sdh_soc_observers0)
    sdh_soc_observers0$$Limit                0x000332b0   Number         0  nrf_fstorage_sd.o(sdh_soc_observers0)
    sdh_soc_observers1$$Base                 0x000332b0   Number         0  main.o(sdh_soc_observers1)
    sdh_soc_observers1$$Limit                0x000332b8   Number         0  main.o(sdh_soc_observers1)
    sdh_stack_observers0$$Base               0x000332b8   Number         0  nrf_sdh_ble.o(sdh_stack_observers0)
    sdh_stack_observers0$$Limit              0x000332c8   Number         0  nrf_sdh_soc.o(sdh_stack_observers0)
    sdh_state_observers0$$Base               0x000332c8   Number         0  nrf_drv_clock.o(sdh_state_observers0)
    sdh_state_observers0$$Limit              0x000332d8   Number         0  nrf_fstorage_sd.o(sdh_state_observers0)
    Image$$RW_IRAM1$$Base                    0x20002218   Number         0  anon$$obj.o ABSOLUTE
    SystemCoreClock                          0x200026dc   Data           4  system_nrf52.o(.data)
    fs_data$$Base                            0x200026e0   Number         0  fds.o(fs_data)
    m_fs                                     0x200026e0   Data          20  fds.o(fs_data)
    fs_data$$Limit                           0x200026f4   Number         0  fds.o(fs_data)
    nrf_nvic_state                           0x200032f4   Data          12  app_util_platform.o(.bss)
    _SEGGER_RTT                              0x20003a68   Data         120  segger_rtt.o(.bss)
    __initial_sp                             0x20005cf0   Data           0  arm_startup_nrf52.o(STACK)



==============================================================================

Memory Map of the image

  Image Entry point : 0x00026201

  Load Region LR_IROM1 (Base: 0x00026000, Size: 0x0000d7b4, Max: 0x0005a000, ABSOLUTE, COMPRESSED[0x0000d36c])

    Execution Region ER_IROM1 (Exec base: 0x00026000, Load base: 0x00026000, Size: 0x0000d2d8, Max: 0x0005a000, ABSOLUTE)

    Exec Addr    Load Addr    Size         Type   Attr      Idx    E Section Name        Object

    0x00026000   0x00026000   0x00000200   Data   RO         7313    RESET               arm_startup_nrf52.o
    0x00026200   0x00026200   0x00000000   Code   RO         7358  * .ARM.Collect$$$$00000000  mc_w.l(entry.o)
    0x00026200   0x00026200   0x00000004   Code   RO         7673    .ARM.Collect$$$$00000001  mc_w.l(entry2.o)
    0x00026204   0x00026204   0x00000004   Code   RO         7676    .ARM.Collect$$$$00000004  mc_w.l(entry5.o)
    0x00026208   0x00026208   0x00000000   Code   RO         7678    .ARM.Collect$$$$00000008  mc_w.l(entry7b.o)
    0x00026208   0x00026208   0x00000000   Code   RO         7680    .ARM.Collect$$$$0000000A  mc_w.l(entry8b.o)
    0x00026208   0x00026208   0x00000008   Code   RO         7681    .ARM.Collect$$$$0000000B  mc_w.l(entry9a.o)
    0x00026210   0x00026210   0x00000000   Code   RO         7683    .ARM.Collect$$$$0000000D  mc_w.l(entry10a.o)
    0x00026210   0x00026210   0x00000000   Code   RO         7685    .ARM.Collect$$$$0000000F  mc_w.l(entry11a.o)
    0x00026210   0x00026210   0x00000004   Code   RO         7674    .ARM.Collect$$$$00002712  mc_w.l(entry2.o)
    0x00026214   0x00026214   0x0000001a   Code   RO         4717    .emb_text           app_error_handler_keil.o
    0x0002622e   0x0002622e   0x00000002   PAD
    0x00026230   0x00026230   0x000000c8   Code   RO         5459    .emb_text           nrf_atfifo.o
    0x000262f8   0x000262f8   0x000000e2   Code   RO         5595    .emb_text           nrf_atomic.o
    0x000263da   0x000263da   0x00000002   PAD
    0x000263dc   0x000263dc   0x00000024   Code   RO         7314    .text               arm_startup_nrf52.o
    0x00026400   0x00026400   0x00000062   Code   RO         7366    .text               mc_w.l(uldiv.o)
    0x00026462   0x00026462   0x0000001e   Code   RO         7368    .text               mc_w.l(llshl.o)
    0x00026480   0x00026480   0x00000008   Code   RO         7370    .text               mc_w.l(ctype_o.o)
    0x00026488   0x00026488   0x00000024   Code   RO         7398    .text               mc_w.l(memcpya.o)
    0x000264ac   0x000264ac   0x00000024   Code   RO         7400    .text               mc_w.l(memseta.o)
    0x000264d0   0x000264d0   0x0000000e   Code   RO         7402    .text               mc_w.l(strlen.o)
    0x000264de   0x000264de   0x0000001a   Code   RO         7406    .text               mc_w.l(memcmp.o)
    0x000264f8   0x000264f8   0x00000012   Code   RO         7408    .text               mc_w.l(strcpy.o)
    0x0002650a   0x0002650a   0x00000020   Code   RO         7690    .text               mc_w.l(llushr.o)
    0x0002652a   0x0002652a   0x00000002   PAD
    0x0002652c   0x0002652c   0x00000024   Code   RO         7704    .text               mc_w.l(init.o)
    0x00026550   0x00026550   0x00000056   Code   RO         7718    .text               mc_w.l(__dczerorl2.o)
    0x000265a6   0x000265a6   0x00000002   PAD
    0x000265a8   0x000265a8   0x00000164   Code   RO         3760    i.GPIOTE_IRQHandler  nrfx_gpiote.o
    0x0002670c   0x0002670c   0x00000016   Code   RO         4829    i.NVIC_ClearPendingIRQ  app_timer.o
    0x00026722   0x00026722   0x00000016   Code   RO         4830    i.NVIC_EnableIRQ    app_timer.o
    0x00026738   0x00026738   0x00000016   Code   RO         4831    i.NVIC_SetPendingIRQ  app_timer.o
    0x0002674e   0x0002674e   0x00000020   Code   RO         4832    i.NVIC_SetPriority  app_timer.o
    0x0002676e   0x0002676e   0x00000002   PAD
    0x00026770   0x00026770   0x00000058   Code   RO         3625    i.POWER_CLOCK_IRQHandler  nrfx_clock.o
    0x000267c8   0x000267c8   0x00000024   Code   RO         4833    i.RTC1_IRQHandler   app_timer.o
    0x000267ec   0x000267ec   0x00000148   Code   RO         4116    i.SAADC_IRQHandler  nrfx_saadc.o
    0x00026934   0x00026934   0x00000004   Code   RO         6756    i.SEGGER_RTT_Init   segger_rtt.o
    0x00026938   0x00026938   0x0000005c   Code   RO         6770    i.SEGGER_RTT_WriteNoLock  segger_rtt.o
    0x00026994   0x00026994   0x00000004   Code   RO         4834    i.SWI0_EGU0_IRQHandler  app_timer.o
    0x00026998   0x00026998   0x00000004   Code   RO         7104    i.SWI2_EGU2_IRQHandler  nrf_sdh.o
    0x0002699c   0x0002699c   0x0000031c   Code   RO         7322    i.SystemInit        system_nrf52.o
    0x00026cb8   0x00026cb8   0x0000000c   Code   RO         4062    i.UARTE0_UART0_IRQHandler  nrfx_prs.o
    0x00026cc4   0x00026cc4   0x00000068   Code   RO         6774    i._DoInit           segger_rtt.o
    0x00026d2c   0x00026d2c   0x00000016   Code   RO         6775    i._GetAvailWriteSpace  segger_rtt.o
    0x00026d42   0x00026d42   0x0000005a   Code   RO         6777    i._WriteBlocking    segger_rtt.o
    0x00026d9c   0x00026d9c   0x00000042   Code   RO         6778    i._WriteNoCheck     segger_rtt.o
    0x00026dde   0x00026dde   0x00000002   PAD
    0x00026de0   0x00026de0   0x00000028   Code   RO         7547    i.__0sprintf$5      mc_w.l(printf5.o)
    0x00026e08   0x00026e08   0x0000000e   Code   RO         7712    i.__scatterload_copy  mc_w.l(handlers.o)
    0x00026e16   0x00026e16   0x00000002   Code   RO         7713    i.__scatterload_null  mc_w.l(handlers.o)
    0x00026e18   0x00026e18   0x0000000e   Code   RO         7714    i.__scatterload_zeroinit  mc_w.l(handlers.o)
    0x00026e26   0x00026e26   0x00000002   PAD
    0x00026e28   0x00026e28   0x00000024   Code   RO         7105    i.__sd_nvic_app_accessible_irq  nrf_sdh.o
    0x00026e4c   0x00026e4c   0x00000148   Code   RO         2719    i._conn_secure      peer_manager_handler.o
    0x00026f94   0x00026f94   0x000002c0   Code   RO         7552    i._printf_core      mc_w.l(printf5.o)
    0x00027254   0x00027254   0x0000000a   Code   RO         7554    i._sputc            mc_w.l(printf5.o)
    0x0002725e   0x0002725e   0x00000002   PAD
    0x00027260   0x00027260   0x00000074   Code   RO            4    i.adc_configure     main.o
    0x000272d4   0x000272d4   0x00000026   Code   RO         1767    i.addr_compare      id_manager.o
    0x000272fa   0x000272fa   0x0000000c   Code   RO         5847    i.addr_is_aligned32  nrf_fstorage.o
    0x00027306   0x00027306   0x00000018   Code   RO         5848    i.addr_is_within_bounds  nrf_fstorage.o
    0x0002731e   0x0002731e   0x00000036   Code   RO          750    i.advertising_buttons_configure  bsp_btn_ble.o
    0x00027354   0x00027354   0x00000154   Code   RO            5    i.advertising_init  main.o
    0x000274a8   0x000274a8   0x00000070   Code   RO            6    i.advertising_start  main.o
    0x00027518   0x00027518   0x00000052   Code   RO         1768    i.ah                id_manager.o
    0x0002756a   0x0002756a   0x00000002   PAD
    0x0002756c   0x0002756c   0x000000ac   Code   RO            7    i.alert_signal      main.o
    0x00027618   0x00027618   0x00000006   Code   RO          633    i.alert_timer_handler  bsp.o
    0x0002761e   0x0002761e   0x00000002   PAD
    0x00027620   0x00027620   0x0000000c   Code   RO         2860    i.allow_repairing   security_dispatcher.o
    0x0002762c   0x0002762c   0x00000024   Code   RO         4615    i.app_button_enable  app_button.o
    0x00027650   0x00027650   0x00000078   Code   RO         4616    i.app_button_init   app_button.o
    0x000276c8   0x000276c8   0x00000164   Code   RO         4739    i.app_error_fault_handler  app_error_weak.o
    0x0002782c   0x0002782c   0x00000064   Code   RO         4680    i.app_error_save_and_stop  app_error.o
    0x00027890   0x00027890   0x00000028   Code   RO         4837    i.app_timer_create  app_timer.o
    0x000278b8   0x000278b8   0x00000054   Code   RO         4838    i.app_timer_init    app_timer.o
    0x0002790c   0x0002790c   0x00000088   Code   RO         4841    i.app_timer_start   app_timer.o
    0x00027994   0x00027994   0x00000020   Code   RO         4842    i.app_timer_stop    app_timer.o
    0x000279b4   0x000279b4   0x00000048   Code   RO         4999    i.app_util_critical_region_enter  app_util_platform.o
    0x000279fc   0x000279fc   0x00000034   Code   RO         5000    i.app_util_critical_region_exit  app_util_platform.o
    0x00027a30   0x00027a30   0x00000004   Code   RO         1523    i.apply_pending_handle  gatt_cache_manager.o
    0x00027a34   0x00027a34   0x00000180   Code   RO         2861    i.auth_status_success_process  security_dispatcher.o
    0x00027bb4   0x00027bb4   0x0000009c   Code   RO         3154    i.battery_level_char_add  ble_bas.o
    0x00027c50   0x00027c50   0x0000002c   Code   RO            9    i.battery_level_meas_timeout_handler  main.o
    0x00027c7c   0x00027c7c   0x0000000a   Code   RO         3155    i.battery_notification_send  ble_bas.o
    0x00027c86   0x00027c86   0x00000048   Code   RO         1437    i.blcm_link_ctx_get  ble_link_ctx_manager.o
    0x00027cce   0x00027cce   0x00000182   Code   RO          881    i.ble_advdata_encode  ble_advdata.o
    0x00027e50   0x00027e50   0x00000020   Code   RO          883    i.ble_advdata_parse  ble_advdata.o
    0x00027e70   0x00027e70   0x00000038   Code   RO          884    i.ble_advdata_search  ble_advdata.o
    0x00027ea8   0x00027ea8   0x00000006   Code   RO          988    i.ble_advertising_conn_cfg_tag_set  ble_advertising.o
    0x00027eae   0x00027eae   0x00000002   PAD
    0x00027eb0   0x00027eb0   0x0000011c   Code   RO          989    i.ble_advertising_init  ble_advertising.o
    0x00027fcc   0x00027fcc   0x0000006a   Code   RO          991    i.ble_advertising_on_ble_evt  ble_advertising.o
    0x00028036   0x00028036   0x00000002   Code   RO          992    i.ble_advertising_on_sys_evt  ble_advertising.o
    0x00028038   0x00028038   0x0000022c   Code   RO          995    i.ble_advertising_start  ble_advertising.o
    0x00028264   0x00028264   0x000000c0   Code   RO         3156    i.ble_bas_battery_level_update  ble_bas.o
    0x00028324   0x00028324   0x0000003e   Code   RO         3158    i.ble_bas_init      ble_bas.o
    0x00028362   0x00028362   0x00000052   Code   RO         3159    i.ble_bas_on_ble_evt  ble_bas.o
    0x000283b4   0x000283b4   0x00000068   Code   RO         1087    i.ble_conn_params_init  ble_conn_params.o
    0x0002841c   0x0002841c   0x0000000c   Code   RO         1161    i.ble_conn_state_conn_handles  ble_conn_state.o
    0x00028428   0x00028428   0x00000012   Code   RO         1162    i.ble_conn_state_conn_idx  ble_conn_state.o
    0x0002843a   0x0002843a   0x00000002   PAD
    0x0002843c   0x0002843c   0x00000020   Code   RO         1163    i.ble_conn_state_encrypted  ble_conn_state.o
    0x0002845c   0x0002845c   0x0000002c   Code   RO         1165    i.ble_conn_state_for_each_set_user_flag  ble_conn_state.o
    0x00028488   0x00028488   0x00000020   Code   RO         1167    i.ble_conn_state_mitm_protected  ble_conn_state.o
    0x000284a8   0x000284a8   0x00000024   Code   RO         1170    i.ble_conn_state_role  ble_conn_state.o
    0x000284cc   0x000284cc   0x00000024   Code   RO         1171    i.ble_conn_state_status  ble_conn_state.o
    0x000284f0   0x000284f0   0x00000018   Code   RO         1172    i.ble_conn_state_user_flag_acquire  ble_conn_state.o
    0x00028508   0x00028508   0x00000030   Code   RO         1173    i.ble_conn_state_user_flag_get  ble_conn_state.o
    0x00028538   0x00028538   0x00000040   Code   RO         1174    i.ble_conn_state_user_flag_set  ble_conn_state.o
    0x00028578   0x00028578   0x00000014   Code   RO         1175    i.ble_conn_state_valid  ble_conn_state.o
    0x0002858c   0x0002858c   0x00000040   Code   RO         1320    i.ble_db_discovery_evt_register  ble_db_discovery.o
    0x000285cc   0x000285cc   0x0000001c   Code   RO         1321    i.ble_db_discovery_init  ble_db_discovery.o
    0x000285e8   0x000285e8   0x00000090   Code   RO         1322    i.ble_db_discovery_on_ble_evt  ble_db_discovery.o
    0x00028678   0x00028678   0x00000028   Code   RO         1323    i.ble_db_discovery_start  ble_db_discovery.o
    0x000286a0   0x000286a0   0x00000060   Code   RO          887    i.ble_device_addr_encode  ble_advdata.o
    0x00028700   0x00028700   0x000000fc   Code   RO           10    i.ble_evt_handler   main.o
    0x000287fc   0x000287fc   0x00000070   Code   RO          751    i.ble_evt_handler   bsp_btn_ble.o
    0x0002886c   0x0002886c   0x000000fc   Code   RO         1089    i.ble_evt_handler   ble_conn_params.o
    0x00028968   0x00028968   0x00000144   Code   RO         1176    i.ble_evt_handler   ble_conn_state.o
    0x00028aac   0x00028aac   0x00000028   Code   RO         2425    i.ble_evt_handler   peer_manager.o
    0x00028ad4   0x00028ad4   0x0000000e   Code   RO         3258    i.ble_ias_c_handles_assign  ble_ias_c.o
    0x00028ae2   0x00028ae2   0x0000003a   Code   RO         3259    i.ble_ias_c_init    ble_ias_c.o
    0x00028b1c   0x00028b1c   0x0000000a   Code   RO         3260    i.ble_ias_c_is_discovered  ble_ias_c.o
    0x00028b26   0x00028b26   0x0000002e   Code   RO         3261    i.ble_ias_c_on_ble_evt  ble_ias_c.o
    0x00028b54   0x00028b54   0x00000078   Code   RO         3262    i.ble_ias_c_on_db_disc_evt  ble_ias_c.o
    0x00028bcc   0x00028bcc   0x0000003a   Code   RO         3263    i.ble_ias_c_send_alert_level  ble_ias_c.o
    0x00028c06   0x00028c06   0x0000006c   Code   RO         3215    i.ble_ias_init      ble_ias.o
    0x00028c72   0x00028c72   0x00000066   Code   RO         3216    i.ble_ias_on_ble_evt  ble_ias.o
    0x00028cd8   0x00028cd8   0x00000024   Code   RO         3314    i.ble_lls_alert_level_get  ble_lls.o
    0x00028cfc   0x00028cfc   0x00000082   Code   RO         3315    i.ble_lls_init      ble_lls.o
    0x00028d7e   0x00028d7e   0x00000068   Code   RO         3316    i.ble_lls_on_ble_evt  ble_lls.o
    0x00028de6   0x00028de6   0x00000008   Code   RO         1463    i.ble_srv_is_notification_enabled  ble_srv_common.o
    0x00028dee   0x00028dee   0x0000000c   Code   RO         1464    i.ble_srv_report_ref_encode  ble_srv_common.o
    0x00028dfa   0x00028dfa   0x00000002   PAD
    0x00028dfc   0x00028dfc   0x00000044   Code   RO           11    i.ble_stack_init    main.o
    0x00028e40   0x00028e40   0x0000005c   Code   RO         3350    i.ble_tps_init      ble_tps.o
    0x00028e9c   0x00028e9c   0x0000000c   Code   RO         3351    i.ble_tps_on_ble_evt  ble_tps.o
    0x00028ea8   0x00028ea8   0x0000000c   Code   RO          496    i.bsp_board_button_idx_to_pin  boards.o
    0x00028eb4   0x00028eb4   0x00000020   Code   RO          497    i.bsp_board_button_state_get  boards.o
    0x00028ed4   0x00028ed4   0x00000054   Code   RO          498    i.bsp_board_init    boards.o
    0x00028f28   0x00028f28   0x00000024   Code   RO          500    i.bsp_board_led_invert  boards.o
    0x00028f4c   0x00028f4c   0x00000010   Code   RO          501    i.bsp_board_led_off  boards.o
    0x00028f5c   0x00028f5c   0x00000010   Code   RO          502    i.bsp_board_led_on  boards.o
    0x00028f6c   0x00028f6c   0x00000020   Code   RO          503    i.bsp_board_led_state_get  boards.o
    0x00028f8c   0x00028f8c   0x00000012   Code   RO          504    i.bsp_board_leds_off  boards.o
    0x00028f9e   0x00028f9e   0x00000012   Code   RO          505    i.bsp_board_leds_on  boards.o
    0x00028fb0   0x00028fb0   0x00000024   Code   RO          506    i.bsp_board_pin_to_button_idx  boards.o
    0x00028fd4   0x00028fd4   0x00000038   Code   RO          752    i.bsp_btn_ble_init  bsp_btn_ble.o
    0x0002900c   0x0002900c   0x0000001e   Code   RO          753    i.bsp_btn_ble_sleep_mode_prepare  bsp_btn_ble.o
    0x0002902a   0x0002902a   0x00000002   PAD
    0x0002902c   0x0002902c   0x00000090   Code   RO          634    i.bsp_button_event_handler  bsp.o
    0x000290bc   0x000290bc   0x0000000c   Code   RO          635    i.bsp_button_is_pressed  bsp.o
    0x000290c8   0x000290c8   0x000000c8   Code   RO           12    i.bsp_event_handler  main.o
    0x00029190   0x00029190   0x00000044   Code   RO          638    i.bsp_event_to_button_action_assign  bsp.o
    0x000291d4   0x000291d4   0x00000018   Code   RO          639    i.bsp_indication_set  bsp.o
    0x000291ec   0x000291ec   0x00000094   Code   RO          640    i.bsp_init          bsp.o
    0x00029280   0x00029280   0x000001c8   Code   RO          641    i.bsp_led_indication  bsp.o
    0x00029448   0x00029448   0x00000006   Code   RO          643    i.bsp_wakeup_button_enable  bsp.o
    0x0002944e   0x0002944e   0x00000002   PAD
    0x00029450   0x00029450   0x00000090   Code   RO         6511    i.buf_prealloc      nrf_log_frontend.o
    0x000294e0   0x000294e0   0x0000001e   Code   RO         5807    i.buffer_add        nrf_fprintf_format.o
    0x000294fe   0x000294fe   0x00000002   PAD
    0x00029500   0x00029500   0x00000014   Code   RO         6512    i.buffer_is_empty   nrf_log_frontend.o
    0x00029514   0x00029514   0x00000008   Code   RO          644    i.button_timer_handler  bsp.o
    0x0002951c   0x0002951c   0x00000028   Code   RO         1524    i.car_update_needed  gatt_cache_manager.o
    0x00029544   0x00029544   0x00000028   Code   RO         1525    i.car_update_pending_handle  gatt_cache_manager.o
    0x0002956c   0x0002956c   0x0000001c   Code   RO         3761    i.channel_free      nrfx_gpiote.o
    0x00029588   0x00029588   0x00000048   Code   RO         3762    i.channel_port_alloc  nrfx_gpiote.o
    0x000295d0   0x000295d0   0x00000010   Code   RO         3763    i.channel_port_get  nrfx_gpiote.o
    0x000295e0   0x000295e0   0x00000190   Code   RO         1465    i.characteristic_add  ble_srv_common.o
    0x00029770   0x00029770   0x00000042   Code   RO         1324    i.characteristics_discover  ble_db_discovery.o
    0x000297b2   0x000297b2   0x0000003e   Code   RO         2335    i.claim             peer_id.o
    0x000297f0   0x000297f0   0x00000028   Code   RO         3427    i.clock_clk_started_notify  nrf_drv_clock.o
    0x00029818   0x00029818   0x0000001c   Code   RO         3428    i.clock_irq_handler  nrf_drv_clock.o
    0x00029834   0x00029834   0x000000ac   Code   RO         4844    i.compare_reg_update  app_timer.o
    0x000298e0   0x000298e0   0x0000003e   Code   RO         1177    i.conn_handle_list_get  ble_conn_state.o
    0x0002991e   0x0002991e   0x00000088   Code   RO          888    i.conn_int_encode   ble_advdata.o
    0x000299a6   0x000299a6   0x00000002   PAD
    0x000299a8   0x000299a8   0x0000001c   Code   RO           13    i.conn_params_error_handler  main.o
    0x000299c4   0x000299c4   0x00000048   Code   RO         1090    i.conn_params_negotiation  ble_conn_params.o
    0x00029a0c   0x00029a0c   0x00000044   Code   RO         2862    i.conn_sec_failure  security_dispatcher.o
    0x00029a50   0x00029a50   0x00000004   Code   RO         2720    i.conn_secure       peer_manager_handler.o
    0x00029a54   0x00029a54   0x000000c0   Code   RO         1933    i.data_length_update  nrf_ble_gatt.o
    0x00029b14   0x00029b14   0x0000000c   Code   RO           14    i.db_disc_handler   main.o
    0x00029b20   0x00029b20   0x00000030   Code   RO         1526    i.db_update_pending_handle  gatt_cache_manager.o
    0x00029b50   0x00029b50   0x00000080   Code   RO         5094    i.delete_execute    fds.o
    0x00029bd0   0x00029bd0   0x000000aa   Code   RO         1466    i.descriptor_add    ble_srv_common.o
    0x00029c7a   0x00029c7a   0x0000008c   Code   RO         1325    i.descriptors_discover  ble_db_discovery.o
    0x00029d06   0x00029d06   0x00000002   PAD
    0x00029d08   0x00029d08   0x00000098   Code   RO         4618    i.detection_delay_timeout_handler  app_button.o
    0x00029da0   0x00029da0   0x00000090   Code   RO         1326    i.discovery_complete_evt_trigger  ble_db_discovery.o
    0x00029e30   0x00029e30   0x0000003c   Code   RO         1327    i.discovery_error_evt_trigger  ble_db_discovery.o
    0x00029e6c   0x00029e6c   0x0000005c   Code   RO         1328    i.discovery_start   ble_db_discovery.o
    0x00029ec8   0x00029ec8   0x00000014   Code   RO         6513    i.dropped_sat16_get  nrf_log_frontend.o
    0x00029edc   0x00029edc   0x00000040   Code   RO         4845    i.elapsed_ticks_acquire  app_timer.o
    0x00029f1c   0x00029f1c   0x0000000a   Code   RO         2863    i.encryption_failure  security_dispatcher.o
    0x00029f26   0x00029f26   0x00000002   PAD
    0x00029f28   0x00029f28   0x0000004c   Code   RO         5934    i.erase             nrf_fstorage_sd.o
    0x00029f74   0x00029f74   0x00000074   Code   RO         5095    i.event_prepare     fds.o
    0x00029fe8   0x00029fe8   0x00000020   Code   RO         5096    i.event_send        fds.o
    0x0002a008   0x0002a008   0x00000054   Code   RO         5935    i.event_send        nrf_fstorage_sd.o
    0x0002a05c   0x0002a05c   0x000000ac   Code   RO         3001    i.events_send_from_err_code  security_manager.o
    0x0002a108   0x0002a108   0x0000001c   Code   RO         1527    i.evt_send          gatt_cache_manager.o
    0x0002a124   0x0002a124   0x0000002c   Code   RO         2426    i.evt_send          peer_manager.o
    0x0002a150   0x0002a150   0x0000001c   Code   RO         2864    i.evt_send          security_dispatcher.o
    0x0002a16c   0x0002a16c   0x0000000c   Code   RO         3002    i.evt_send          security_manager.o
    0x0002a178   0x0002a178   0x000000ec   Code   RO         2076    i.fds_evt_handler   peer_data_storage.o
    0x0002a264   0x0002a264   0x00000044   Code   RO         5098    i.fds_file_delete   fds.o
    0x0002a2a8   0x0002a2a8   0x0000003c   Code   RO         5099    i.fds_gc            fds.o
    0x0002a2e4   0x0002a2e4   0x000000d0   Code   RO         5100    i.fds_init          fds.o
    0x0002a3b4   0x0002a3b4   0x00000040   Code   RO         5101    i.fds_record_close  fds.o
    0x0002a3f4   0x0002a3f4   0x0000000e   Code   RO         5103    i.fds_record_find   fds.o
    0x0002a402   0x0002a402   0x00000010   Code   RO         5104    i.fds_record_find_by_key  fds.o
    0x0002a412   0x0002a412   0x00000010   Code   RO         5105    i.fds_record_find_in_file  fds.o
    0x0002a422   0x0002a422   0x00000010   Code   RO         5106    i.fds_record_id_from_desc  fds.o
    0x0002a432   0x0002a432   0x00000002   PAD
    0x0002a434   0x0002a434   0x00000048   Code   RO         5108    i.fds_record_open   fds.o
    0x0002a47c   0x0002a47c   0x0000000e   Code   RO         5109    i.fds_record_update  fds.o
    0x0002a48a   0x0002a48a   0x00000008   Code   RO         5110    i.fds_record_write  fds.o
    0x0002a492   0x0002a492   0x00000002   PAD
    0x0002a494   0x0002a494   0x0000002c   Code   RO         5112    i.fds_register      fds.o
    0x0002a4c0   0x0002a4c0   0x00000014   Code   RO         2077    i.file_id_within_pm_range  peer_data_storage.o
    0x0002a4d4   0x0002a4d4   0x00000012   Code   RO         2865    i.flag_id_init      security_dispatcher.o
    0x0002a4e6   0x0002a4e6   0x00000012   Code   RO         3003    i.flag_id_init      security_manager.o
    0x0002a4f8   0x0002a4f8   0x00000028   Code   RO          997    i.flags_set         ble_advertising.o
    0x0002a520   0x0002a520   0x00000030   Code   RO         3004    i.flags_set_from_err_code  security_manager.o
    0x0002a550   0x0002a550   0x00000030   Code   RO         1178    i.for_each_set_flag  ble_conn_state.o
    0x0002a580   0x0002a580   0x00000006   Code   RO         5116    i.fs_event_handler  fds.o
    0x0002a586   0x0002a586   0x00000002   PAD
    0x0002a588   0x0002a588   0x0000007c   Code   RO           15    i.gap_params_init   main.o
    0x0002a604   0x0002a604   0x0000007c   Code   RO         5117    i.gc_execute        fds.o
    0x0002a680   0x0002a680   0x0000004c   Code   RO         5118    i.gc_next_page      fds.o
    0x0002a6cc   0x0002a6cc   0x00000040   Code   RO         5119    i.gc_page_erase     fds.o
    0x0002a70c   0x0002a70c   0x00000034   Code   RO         5120    i.gc_record_copy    fds.o
    0x0002a740   0x0002a740   0x00000024   Code   RO         5121    i.gc_record_find_next  fds.o
    0x0002a764   0x0002a764   0x00000088   Code   RO         5122    i.gc_state_advance  fds.o
    0x0002a7ec   0x0002a7ec   0x000001b8   Code   RO         1528    i.gcm_ble_evt_handler  gatt_cache_manager.o
    0x0002a9a4   0x0002a9a4   0x0000003c   Code   RO         1529    i.gcm_im_evt_handler  gatt_cache_manager.o
    0x0002a9e0   0x0002a9e0   0x0000007c   Code   RO         1530    i.gcm_init          gatt_cache_manager.o
    0x0002aa5c   0x0002aa5c   0x00000088   Code   RO         1533    i.gcm_pdb_evt_handler  gatt_cache_manager.o
    0x0002aae4   0x0002aae4   0x00000084   Code   RO         4619    i.gpiote_event_handler  app_button.o
    0x0002ab68   0x0002ab68   0x0000001c   Code   RO         1683    i.gscm_db_change_notification_done  gatts_cache_manager.o
    0x0002ab84   0x0002ab84   0x00000014   Code   RO         1684    i.gscm_init         gatts_cache_manager.o
    0x0002ab98   0x0002ab98   0x00000090   Code   RO         1686    i.gscm_local_db_cache_apply  gatts_cache_manager.o
    0x0002ac28   0x0002ac28   0x000000ac   Code   RO         1687    i.gscm_local_db_cache_update  gatts_cache_manager.o
    0x0002acd4   0x0002acd4   0x00000018   Code   RO         1688    i.gscm_pdb_evt_handler  gatts_cache_manager.o
    0x0002acec   0x0002acec   0x0000001e   Code   RO         1689    i.gscm_service_changed_ind_needed  gatts_cache_manager.o
    0x0002ad0a   0x0002ad0a   0x00000002   PAD
    0x0002ad0c   0x0002ad0c   0x0000005c   Code   RO         1690    i.gscm_service_changed_ind_send  gatts_cache_manager.o
    0x0002ad68   0x0002ad68   0x00000026   Code   RO         5123    i.header_check      fds.o
    0x0002ad8e   0x0002ad8e   0x00000012   Code   RO         5124    i.header_has_next   fds.o
    0x0002ada0   0x0002ada0   0x00000046   Code   RO         1769    i.im_address_resolve  id_manager.o
    0x0002ade6   0x0002ade6   0x00000002   PAD
    0x0002ade8   0x0002ade8   0x00000038   Code   RO         1770    i.im_ble_addr_get   id_manager.o
    0x0002ae20   0x0002ae20   0x000000dc   Code   RO         1771    i.im_ble_evt_handler  id_manager.o
    0x0002aefc   0x0002aefc   0x00000040   Code   RO         1772    i.im_conn_handle_get  id_manager.o
    0x0002af3c   0x0002af3c   0x00000038   Code   RO         1774    i.im_find_duplicate_bonding_data  id_manager.o
    0x0002af74   0x0002af74   0x00000072   Code   RO         1777    i.im_is_duplicate_bonding_data  id_manager.o
    0x0002afe6   0x0002afe6   0x00000018   Code   RO         1778    i.im_master_id_is_valid  id_manager.o
    0x0002affe   0x0002affe   0x0000002a   Code   RO         1779    i.im_master_ids_compare  id_manager.o
    0x0002b028   0x0002b028   0x00000014   Code   RO         1780    i.im_new_peer_id    id_manager.o
    0x0002b03c   0x0002b03c   0x0000002c   Code   RO         1781    i.im_peer_free      id_manager.o
    0x0002b068   0x0002b068   0x00000024   Code   RO         1782    i.im_peer_id_get_by_conn_handle  id_manager.o
    0x0002b08c   0x0002b08c   0x0000003c   Code   RO         1783    i.im_peer_id_get_by_master_id  id_manager.o
    0x0002b0c8   0x0002b0c8   0x00000034   Code   RO         5936    i.init              nrf_fstorage_sd.o
    0x0002b0fc   0x0002b0fc   0x000000c8   Code   RO         5125    i.init_execute      fds.o
    0x0002b1c4   0x0002b1c4   0x00000014   Code   RO         1091    i.instance_get      ble_conn_params.o
    0x0002b1d8   0x0002b1d8   0x000000a6   Code   RO         5808    i.int_print         nrf_fprintf_format.o
    0x0002b27e   0x0002b27e   0x00000034   Code   RO         6514    i.invalid_packets_omit  nrf_log_frontend.o
    0x0002b2b2   0x0002b2b2   0x00000002   PAD
    0x0002b2b4   0x0002b2b4   0x00000010   Code   RO         5937    i.is_busy           nrf_fstorage_sd.o
    0x0002b2c4   0x0002b2c4   0x00000044   Code   RO         1092    i.is_conn_params_ok  ble_conn_params.o
    0x0002b308   0x0002b308   0x0000004c   Code   RO         1329    i.is_desc_discovery_reqd  ble_db_discovery.o
    0x0002b354   0x0002b354   0x00000014   Code   RO         1788    i.is_valid_irk      id_manager.o
    0x0002b368   0x0002b368   0x0000000c   Code   RO         5126    i.is_word_aligned   fds.o
    0x0002b374   0x0002b374   0x00000030   Code   RO          645    i.leds_off          bsp.o
    0x0002b3a4   0x0002b3a4   0x00000014   Code   RO          646    i.leds_timer_handler  bsp.o
    0x0002b3b8   0x0002b3b8   0x00000014   Code   RO         1934    i.link_init         nrf_ble_gatt.o
    0x0002b3cc   0x0002b3cc   0x000000d0   Code   RO         3005    i.link_secure       security_manager.o
    0x0002b49c   0x0002b49c   0x0000003c   Code   RO         2866    i.link_secure_failure  security_dispatcher.o
    0x0002b4d8   0x0002b4d8   0x0000002c   Code   RO         3006    i.link_secure_pending_handle  security_manager.o
    0x0002b504   0x0002b504   0x000000f8   Code   RO         4846    i.list_insertions_handler  app_timer.o
    0x0002b5fc   0x0002b5fc   0x000000a8   Code   RO         1534    i.local_db_apply_in_evt  gatt_cache_manager.o
    0x0002b6a4   0x0002b6a4   0x00000010   Code   RO         1535    i.local_db_update   gatt_cache_manager.o
    0x0002b6b4   0x0002b6b4   0x0000010c   Code   RO         1536    i.local_db_update_in_evt  gatt_cache_manager.o
    0x0002b7c0   0x0002b7c0   0x0000009c   Code   RO         6515    i.log_skip          nrf_log_frontend.o
    0x0002b85c   0x0002b85c   0x00000188   Code   RO           16    i.main              main.o
    0x0002b9e4   0x0002b9e4   0x00000064   Code   RO          889    i.manuf_specific_data_encode  ble_advdata.o
    0x0002ba48   0x0002ba48   0x0000007e   Code   RO         6046    i.memobj_op         nrf_memobj.o
    0x0002bac6   0x0002bac6   0x00000002   PAD
    0x0002bac8   0x0002bac8   0x00000030   Code   RO         6516    i.module_idx_get    nrf_log_frontend.o
    0x0002baf8   0x0002baf8   0x00000008   Code   RO         2813    i.mutex_lock_status_get  pm_buffer.o
    0x0002bb00   0x0002bb00   0x000000a6   Code   RO          890    i.name_encode       ble_advdata.o
    0x0002bba6   0x0002bba6   0x00000002   PAD
    0x0002bba8   0x0002bba8   0x00000014   Code   RO         3007    i.new_context_get   security_manager.o
    0x0002bbbc   0x0002bbbc   0x00000030   Code   RO         2336    i.next_id_get       peer_id.o
    0x0002bbec   0x0002bbec   0x00000010   Code   RO         5461    i.nrf_atfifo_clear  nrf_atfifo.o
    0x0002bbfc   0x0002bbfc   0x00000026   Code   RO         5463    i.nrf_atfifo_init   nrf_atfifo.o
    0x0002bc22   0x0002bc22   0x00000016   Code   RO         5464    i.nrf_atfifo_item_alloc  nrf_atfifo.o
    0x0002bc38   0x0002bc38   0x00000016   Code   RO         5465    i.nrf_atfifo_item_free  nrf_atfifo.o
    0x0002bc4e   0x0002bc4e   0x00000016   Code   RO         5466    i.nrf_atfifo_item_get  nrf_atfifo.o
    0x0002bc64   0x0002bc64   0x00000016   Code   RO         5467    i.nrf_atfifo_item_put  nrf_atfifo.o
    0x0002bc7a   0x0002bc7a   0x00000016   Code   RO         5529    i.nrf_atflags_clear  nrf_atflags.o
    0x0002bc90   0x0002bc90   0x00000020   Code   RO         5531    i.nrf_atflags_fetch_set  nrf_atflags.o
    0x0002bcb0   0x0002bcb0   0x0000004a   Code   RO         5533    i.nrf_atflags_find_and_set_flag  nrf_atflags.o
    0x0002bcfa   0x0002bcfa   0x00000016   Code   RO         5534    i.nrf_atflags_get   nrf_atflags.o
    0x0002bd10   0x0002bd10   0x00000014   Code   RO         5536    i.nrf_atflags_set   nrf_atflags.o
    0x0002bd24   0x0002bd24   0x00000006   Code   RO         5597    i.nrf_atomic_flag_clear_fetch  nrf_atomic.o
    0x0002bd2a   0x0002bd2a   0x00000006   Code   RO         5598    i.nrf_atomic_flag_set  nrf_atomic.o
    0x0002bd30   0x0002bd30   0x00000006   Code   RO         5599    i.nrf_atomic_flag_set_fetch  nrf_atomic.o
    0x0002bd36   0x0002bd36   0x0000000c   Code   RO         5600    i.nrf_atomic_u32_add  nrf_atomic.o
    0x0002bd42   0x0002bd42   0x0000000c   Code   RO         5601    i.nrf_atomic_u32_and  nrf_atomic.o
    0x0002bd4e   0x0002bd4e   0x0000000a   Code   RO         5603    i.nrf_atomic_u32_fetch_add  nrf_atomic.o
    0x0002bd58   0x0002bd58   0x0000000a   Code   RO         5604    i.nrf_atomic_u32_fetch_and  nrf_atomic.o
    0x0002bd62   0x0002bd62   0x0000000a   Code   RO         5605    i.nrf_atomic_u32_fetch_or  nrf_atomic.o
    0x0002bd6c   0x0002bd6c   0x0000000a   Code   RO         5606    i.nrf_atomic_u32_fetch_store  nrf_atomic.o
    0x0002bd76   0x0002bd76   0x0000000c   Code   RO         5610    i.nrf_atomic_u32_or  nrf_atomic.o
    0x0002bd82   0x0002bd82   0x0000000c   Code   RO         5612    i.nrf_atomic_u32_sub  nrf_atomic.o
    0x0002bd8e   0x0002bd8e   0x00000044   Code   RO         5731    i.nrf_balloc_alloc  nrf_balloc.o
    0x0002bdd2   0x0002bdd2   0x00000030   Code   RO         5732    i.nrf_balloc_free   nrf_balloc.o
    0x0002be02   0x0002be02   0x00000030   Code   RO         5733    i.nrf_balloc_init   nrf_balloc.o
    0x0002be32   0x0002be32   0x00000010   Code   RO         3764    i.nrf_bitmask_bit_is_set  nrfx_gpiote.o
    0x0002be42   0x0002be42   0x00000014   Code   RO         3765    i.nrf_bitmask_bit_set  nrfx_gpiote.o
    0x0002be56   0x0002be56   0x00000022   Code   RO         1940    i.nrf_ble_gatt_init  nrf_ble_gatt.o
    0x0002be78   0x0002be78   0x00000150   Code   RO         1941    i.nrf_ble_gatt_on_ble_evt  nrf_ble_gatt.o
    0x0002bfc8   0x0002bfc8   0x00000016   Code   RO         2035    i.nrf_ble_qwr_conn_handle_assign  nrf_ble_qwr.o
    0x0002bfde   0x0002bfde   0x00000024   Code   RO         2036    i.nrf_ble_qwr_init  nrf_ble_qwr.o
    0x0002c002   0x0002c002   0x000000b6   Code   RO         2037    i.nrf_ble_qwr_on_ble_evt  nrf_ble_qwr.o
    0x0002c0b8   0x0002c0b8   0x0000000e   Code   RO         3626    i.nrf_clock_event_check  nrfx_clock.o
    0x0002c0c6   0x0002c0c6   0x00000010   Code   RO         3627    i.nrf_clock_event_clear  nrfx_clock.o
    0x0002c0d6   0x0002c0d6   0x00000002   PAD
    0x0002c0d8   0x0002c0d8   0x00000038   Code   RO         3435    i.nrf_drv_clock_init  nrf_drv_clock.o
    0x0002c110   0x0002c110   0x00000030   Code   RO         3439    i.nrf_drv_clock_lfclk_release  nrf_drv_clock.o
    0x0002c140   0x0002c140   0x0000001a   Code   RO         5768    i.nrf_fprintf       nrf_fprintf.o
    0x0002c15a   0x0002c15a   0x00000018   Code   RO         5769    i.nrf_fprintf_buffer_flush  nrf_fprintf.o
    0x0002c172   0x0002c172   0x000001da   Code   RO         5809    i.nrf_fprintf_fmt   nrf_fprintf_format.o
    0x0002c34c   0x0002c34c   0x00000138   Code   RO         5849    i.nrf_fstorage_erase  nrf_fstorage.o
    0x0002c484   0x0002c484   0x00000094   Code   RO         5850    i.nrf_fstorage_init  nrf_fstorage.o
    0x0002c518   0x0002c518   0x00000018   Code   RO         5938    i.nrf_fstorage_sdh_req_handler  nrf_fstorage_sd.o
    0x0002c530   0x0002c530   0x00000020   Code   RO         5939    i.nrf_fstorage_sdh_state_handler  nrf_fstorage_sd.o
    0x0002c550   0x0002c550   0x000000a4   Code   RO         5940    i.nrf_fstorage_sys_evt_handler  nrf_fstorage_sd.o
    0x0002c5f4   0x0002c5f4   0x000001dc   Code   RO         5856    i.nrf_fstorage_write  nrf_fstorage.o
    0x0002c7d0   0x0002c7d0   0x00000024   Code   RO          508    i.nrf_gpio_cfg      boards.o
    0x0002c7f4   0x0002c7f4   0x00000024   Code   RO         3766    i.nrf_gpio_cfg      nrfx_gpiote.o
    0x0002c818   0x0002c818   0x00000022   Code   RO         3768    i.nrf_gpio_cfg_sense_set  nrfx_gpiote.o
    0x0002c83a   0x0002c83a   0x00000016   Code   RO          509    i.nrf_gpio_pin_write  boards.o
    0x0002c850   0x0002c850   0x00000028   Code   RO         3769    i.nrf_gpio_ports_read  nrfx_gpiote.o
    0x0002c878   0x0002c878   0x00000014   Code   RO         3770    i.nrf_gpiote_event_clear  nrfx_gpiote.o
    0x0002c88c   0x0002c88c   0x00000010   Code   RO         3771    i.nrf_gpiote_event_is_set  nrfx_gpiote.o
    0x0002c89c   0x0002c89c   0x0000005c   Code   RO         6517    i.nrf_log_backend_add  nrf_log_frontend.o
    0x0002c8f8   0x0002c8f8   0x00000002   Code   RO         6354    i.nrf_log_backend_rtt_flush  nrf_log_backend_rtt.o
    0x0002c8fa   0x0002c8fa   0x00000004   Code   RO         6355    i.nrf_log_backend_rtt_init  nrf_log_backend_rtt.o
    0x0002c8fe   0x0002c8fe   0x00000002   Code   RO         6356    i.nrf_log_backend_rtt_panic_set  nrf_log_backend_rtt.o
    0x0002c900   0x0002c900   0x00000018   Code   RO         6357    i.nrf_log_backend_rtt_put  nrf_log_backend_rtt.o
    0x0002c918   0x0002c918   0x000000c8   Code   RO         6423    i.nrf_log_backend_serial_put  nrf_log_backend_serial.o
    0x0002c9e0   0x0002c9e0   0x00000030   Code   RO         6519    i.nrf_log_color_id_get  nrf_log_frontend.o
    0x0002ca10   0x0002ca10   0x0000001c   Code   RO         6475    i.nrf_log_default_backends_init  nrf_log_default_backends.o
    0x0002ca2c   0x0002ca2c   0x00000234   Code   RO         6520    i.nrf_log_frontend_dequeue  nrf_log_frontend.o
    0x0002cc60   0x0002cc60   0x00000008   Code   RO         6522    i.nrf_log_frontend_std_0  nrf_log_frontend.o
    0x0002cc68   0x0002cc68   0x0000000e   Code   RO         6523    i.nrf_log_frontend_std_1  nrf_log_frontend.o
    0x0002cc76   0x0002cc76   0x00000010   Code   RO         6524    i.nrf_log_frontend_std_2  nrf_log_frontend.o
    0x0002cc86   0x0002cc86   0x00000012   Code   RO         6525    i.nrf_log_frontend_std_3  nrf_log_frontend.o
    0x0002cc98   0x0002cc98   0x00000014   Code   RO         6526    i.nrf_log_frontend_std_4  nrf_log_frontend.o
    0x0002ccac   0x0002ccac   0x0000001c   Code   RO         6527    i.nrf_log_frontend_std_5  nrf_log_frontend.o
    0x0002ccc8   0x0002ccc8   0x000000ac   Code   RO         6697    i.nrf_log_hexdump_entry_process  nrf_log_str_formatter.o
    0x0002cd74   0x0002cd74   0x0000003c   Code   RO         6529    i.nrf_log_init      nrf_log_frontend.o
    0x0002cdb0   0x0002cdb0   0x00000014   Code   RO         6530    i.nrf_log_module_cnt_get  nrf_log_frontend.o
    0x0002cdc4   0x0002cdc4   0x0000001c   Code   RO         6533    i.nrf_log_module_name_get  nrf_log_frontend.o
    0x0002cde0   0x0002cde0   0x0000002c   Code   RO         6534    i.nrf_log_panic     nrf_log_frontend.o
    0x0002ce0c   0x0002ce0c   0x000000b6   Code   RO         6698    i.nrf_log_std_entry_process  nrf_log_str_formatter.o
    0x0002cec2   0x0002cec2   0x00000060   Code   RO         6047    i.nrf_memobj_alloc  nrf_memobj.o
    0x0002cf22   0x0002cf22   0x00000032   Code   RO         6048    i.nrf_memobj_free   nrf_memobj.o
    0x0002cf54   0x0002cf54   0x00000008   Code   RO         6049    i.nrf_memobj_get    nrf_memobj.o
    0x0002cf5c   0x0002cf5c   0x00000004   Code   RO         6050    i.nrf_memobj_pool_init  nrf_memobj.o
    0x0002cf60   0x0002cf60   0x0000001e   Code   RO         6051    i.nrf_memobj_put    nrf_memobj.o
    0x0002cf7e   0x0002cf7e   0x00000010   Code   RO         6052    i.nrf_memobj_read   nrf_memobj.o
    0x0002cf8e   0x0002cf8e   0x00000010   Code   RO         6053    i.nrf_memobj_write  nrf_memobj.o
    0x0002cf9e   0x0002cf9e   0x00000002   PAD
    0x0002cfa0   0x0002cfa0   0x00000028   Code   RO         6125    i.nrf_pwr_mgmt_init  nrf_pwr_mgmt.o
    0x0002cfc8   0x0002cfc8   0x00000044   Code   RO         6126    i.nrf_pwr_mgmt_run  nrf_pwr_mgmt.o
    0x0002d00c   0x0002d00c   0x0000001c   Code   RO           17    i.nrf_qwr_error_handler  main.o
    0x0002d028   0x0002d028   0x0000001c   Code   RO         6199    i.nrf_ringbuf_init  nrf_ringbuf.o
    0x0002d044   0x0002d044   0x00000010   Code   RO         4117    i.nrf_saadc_buffer_init  nrfx_saadc.o
    0x0002d054   0x0002d054   0x00000014   Code   RO         4118    i.nrf_saadc_channel_input_set  nrfx_saadc.o
    0x0002d068   0x0002d068   0x00000010   Code   RO         4119    i.nrf_saadc_event_check  nrfx_saadc.o
    0x0002d078   0x0002d078   0x00000014   Code   RO         4120    i.nrf_saadc_event_clear  nrfx_saadc.o
    0x0002d08c   0x0002d08c   0x00000014   Code   RO         7225    i.nrf_sdh_ble_app_ram_start_get  nrf_sdh_ble.o
    0x0002d0a0   0x0002d0a0   0x00000100   Code   RO         7226    i.nrf_sdh_ble_default_cfg_set  nrf_sdh_ble.o
    0x0002d1a0   0x0002d1a0   0x00000130   Code   RO         7227    i.nrf_sdh_ble_enable  nrf_sdh_ble.o
    0x0002d2d0   0x0002d2d0   0x000000a0   Code   RO         7228    i.nrf_sdh_ble_evts_poll  nrf_sdh_ble.o
    0x0002d370   0x0002d370   0x00000054   Code   RO         7106    i.nrf_sdh_disable_request  nrf_sdh.o
    0x0002d3c4   0x0002d3c4   0x00000074   Code   RO         7107    i.nrf_sdh_enable_request  nrf_sdh.o
    0x0002d438   0x0002d438   0x00000024   Code   RO         7108    i.nrf_sdh_evts_poll  nrf_sdh.o
    0x0002d45c   0x0002d45c   0x0000000c   Code   RO         7109    i.nrf_sdh_is_enabled  nrf_sdh.o
    0x0002d468   0x0002d468   0x0000001c   Code   RO         7111    i.nrf_sdh_request_continue  nrf_sdh.o
    0x0002d484   0x0002d484   0x00000080   Code   RO         7279    i.nrf_sdh_soc_evts_poll  nrf_sdh_soc.o
    0x0002d504   0x0002d504   0x0000000a   Code   RO         6257    i.nrf_section_iter_init  nrf_section_iter.o
    0x0002d50e   0x0002d50e   0x00000024   Code   RO         6258    i.nrf_section_iter_item_set  nrf_section_iter.o
    0x0002d532   0x0002d532   0x00000020   Code   RO         6259    i.nrf_section_iter_next  nrf_section_iter.o
    0x0002d552   0x0002d552   0x00000002   PAD
    0x0002d554   0x0002d554   0x00000038   Code   RO         6292    i.nrf_strerror_find  nrf_strerror.o
    0x0002d58c   0x0002d58c   0x00000014   Code   RO         6293    i.nrf_strerror_get  nrf_strerror.o
    0x0002d5a0   0x0002d5a0   0x00000030   Code   RO         3632    i.nrfx_clock_enable  nrfx_clock.o
    0x0002d5d0   0x0002d5d0   0x00000020   Code   RO         3635    i.nrfx_clock_init   nrfx_clock.o
    0x0002d5f0   0x0002d5f0   0x0000001c   Code   RO         3638    i.nrfx_clock_lfclk_stop  nrfx_clock.o
    0x0002d60c   0x0002d60c   0x00000010   Code   RO         4847    i.nrfx_coredep_delay_us  app_timer.o
    0x0002d61c   0x0002d61c   0x000000a4   Code   RO         3776    i.nrfx_gpiote_in_event_enable  nrfx_gpiote.o
    0x0002d6c0   0x0002d6c0   0x000000d0   Code   RO         3777    i.nrfx_gpiote_in_init  nrfx_gpiote.o
    0x0002d790   0x0002d790   0x00000014   Code   RO         3778    i.nrfx_gpiote_in_is_set  nrfx_gpiote.o
    0x0002d7a4   0x0002d7a4   0x00000070   Code   RO         3780    i.nrfx_gpiote_init  nrfx_gpiote.o
    0x0002d814   0x0002d814   0x00000014   Code   RO         3781    i.nrfx_gpiote_is_init  nrfx_gpiote.o
    0x0002d828   0x0002d828   0x000000a4   Code   RO         4124    i.nrfx_saadc_buffer_convert  nrfx_saadc.o
    0x0002d8cc   0x0002d8cc   0x000000ac   Code   RO         4126    i.nrfx_saadc_channel_init  nrfx_saadc.o
    0x0002d978   0x0002d978   0x00000090   Code   RO         4128    i.nrfx_saadc_init   nrfx_saadc.o
    0x0002da08   0x0002da08   0x0000002c   Code   RO         4131    i.nrfx_saadc_sample  nrfx_saadc.o
    0x0002da34   0x0002da34   0x0000006c   Code   RO           18    i.on_adv_evt        main.o
    0x0002daa0   0x0002daa0   0x00000054   Code   RO           19    i.on_bas_evt        main.o
    0x0002daf4   0x0002daf4   0x00000150   Code   RO         1330    i.on_characteristic_discovery_rsp  ble_db_discovery.o
    0x0002dc44   0x0002dc44   0x000000a8   Code   RO         1942    i.on_connected_evt  nrf_ble_gatt.o
    0x0002dcec   0x0002dcec   0x000000f0   Code   RO         1331    i.on_descriptor_discovery_rsp  ble_db_discovery.o
    0x0002dddc   0x0002dddc   0x000000ac   Code   RO         1943    i.on_exchange_mtu_request_evt  nrf_ble_gatt.o
    0x0002de88   0x0002de88   0x00000048   Code   RO           20    i.on_ias_c_evt      main.o
    0x0002ded0   0x0002ded0   0x00000014   Code   RO           21    i.on_ias_evt        main.o
    0x0002dee4   0x0002dee4   0x0000000e   Code   RO           22    i.on_lls_evt        main.o
    0x0002def2   0x0002def2   0x00000002   PAD
    0x0002def4   0x0002def4   0x0000006c   Code   RO         1332    i.on_primary_srv_discovery_rsp  ble_db_discovery.o
    0x0002df60   0x0002df60   0x0000007c   Code   RO         1333    i.on_srv_disc_completion  ble_db_discovery.o
    0x0002dfdc   0x0002dfdc   0x00000024   Code   RO         5127    i.page_identify     fds.o
    0x0002e000   0x0002e000   0x0000001c   Code   RO         5128    i.page_offsets_update  fds.o
    0x0002e01c   0x0002e01c   0x0000006c   Code   RO         5129    i.page_scan         fds.o
    0x0002e088   0x0002e088   0x0000001c   Code   RO         5130    i.page_tag_write_data  fds.o
    0x0002e0a4   0x0002e0a4   0x00000024   Code   RO         5131    i.page_tag_write_swap  fds.o
    0x0002e0c8   0x0002e0c8   0x0000011c   Code   RO         5132    i.pages_init        fds.o
    0x0002e1e4   0x0002e1e4   0x0000000c   Code   RO         2867    i.pairing           security_dispatcher.o
    0x0002e1f0   0x0002e1f0   0x00000074   Code   RO         2868    i.pairing_failure   security_dispatcher.o
    0x0002e264   0x0002e264   0x0000002e   Code   RO         2869    i.pairing_success_evt_send  security_dispatcher.o
    0x0002e292   0x0002e292   0x00000006   Code   RO         3008    i.params_reply_pending_handle  security_manager.o
    0x0002e298   0x0002e298   0x00000028   Code   RO         3009    i.params_req_send   security_manager.o
    0x0002e2c0   0x0002e2c0   0x0000001c   Code   RO         2216    i.pdb_evt_send      peer_database.o
    0x0002e2dc   0x0002e2dc   0x00000090   Code   RO         2217    i.pdb_init          peer_database.o
    0x0002e36c   0x0002e36c   0x0000007c   Code   RO         2218    i.pdb_pds_evt_handler  peer_database.o
    0x0002e3e8   0x0002e3e8   0x00000006   Code   RO         2219    i.pdb_peer_data_ptr_get  peer_database.o
    0x0002e3ee   0x0002e3ee   0x00000002   PAD
    0x0002e3f0   0x0002e3f0   0x0000008c   Code   RO         2220    i.pdb_peer_free     peer_database.o
    0x0002e47c   0x0002e47c   0x000000dc   Code   RO         2221    i.pdb_write_buf_get  peer_database.o
    0x0002e558   0x0002e558   0x00000014   Code   RO         2222    i.pdb_write_buf_release  peer_database.o
    0x0002e56c   0x0002e56c   0x00000036   Code   RO         2223    i.pdb_write_buf_store  peer_database.o
    0x0002e5a2   0x0002e5a2   0x00000002   PAD
    0x0002e5a4   0x0002e5a4   0x00000010   Code   RO         2078    i.pds_evt_send      peer_data_storage.o
    0x0002e5b4   0x0002e5b4   0x000000dc   Code   RO         2079    i.pds_init          peer_data_storage.o
    0x0002e690   0x0002e690   0x00000004   Code   RO         2080    i.pds_next_deleted_peer_id_get  peer_data_storage.o
    0x0002e694   0x0002e694   0x00000004   Code   RO         2081    i.pds_next_peer_id_get  peer_data_storage.o
    0x0002e698   0x0002e698   0x00000058   Code   RO         2084    i.pds_peer_data_iterate  peer_data_storage.o
    0x0002e6f0   0x0002e6f0   0x00000010   Code   RO         2085    i.pds_peer_data_iterate_prepare  peer_data_storage.o
    0x0002e700   0x0002e700   0x00000072   Code   RO         2086    i.pds_peer_data_read  peer_data_storage.o
    0x0002e772   0x0002e772   0x00000002   PAD
    0x0002e774   0x0002e774   0x000000a0   Code   RO         2087    i.pds_peer_data_store  peer_data_storage.o
    0x0002e814   0x0002e814   0x00000008   Code   RO         2088    i.pds_peer_id_allocate  peer_data_storage.o
    0x0002e81c   0x0002e81c   0x00000016   Code   RO         2089    i.pds_peer_id_free  peer_data_storage.o
    0x0002e832   0x0002e832   0x00000004   Code   RO         2090    i.pds_peer_id_is_allocated  peer_data_storage.o
    0x0002e836   0x0002e836   0x00000002   PAD
    0x0002e838   0x0002e838   0x0000009c   Code   RO         2092    i.peer_data_delete_process  peer_data_storage.o
    0x0002e8d4   0x0002e8d4   0x00000030   Code   RO         2093    i.peer_data_find    peer_data_storage.o
    0x0002e904   0x0002e904   0x00000024   Code   RO         2094    i.peer_data_id_is_valid  peer_data_storage.o
    0x0002e928   0x0002e928   0x0000001a   Code   RO         2224    i.peer_data_point_to_buffer  peer_database.o
    0x0002e942   0x0002e942   0x00000002   PAD
    0x0002e944   0x0002e944   0x0000000c   Code   RO         2337    i.peer_id_allocate  peer_id.o
    0x0002e950   0x0002e950   0x00000024   Code   RO         2338    i.peer_id_delete    peer_id.o
    0x0002e974   0x0002e974   0x0000001c   Code   RO         2339    i.peer_id_free      peer_id.o
    0x0002e990   0x0002e990   0x0000000c   Code   RO         2340    i.peer_id_get_next_deleted  peer_id.o
    0x0002e99c   0x0002e99c   0x00000030   Code   RO         2341    i.peer_id_get_next_used  peer_id.o
    0x0002e9cc   0x0002e9cc   0x0000000c   Code   RO         2342    i.peer_id_init      peer_id.o
    0x0002e9d8   0x0002e9d8   0x00000014   Code   RO         2343    i.peer_id_is_allocated  peer_id.o
    0x0002e9ec   0x0002e9ec   0x00000014   Code   RO         2344    i.peer_id_is_deleted  peer_id.o
    0x0002ea00   0x0002ea00   0x00000084   Code   RO           23    i.peer_manager_init  main.o
    0x0002ea84   0x0002ea84   0x00000012   Code   RO          998    i.phy_is_valid      ble_advertising.o
    0x0002ea96   0x0002ea96   0x00000002   PAD
    0x0002ea98   0x0002ea98   0x00000018   Code   RO         3797    i.pin_in_use_by_port  nrfx_gpiote.o
    0x0002eab0   0x0002eab0   0x00000018   Code   RO         3798    i.pin_in_use_by_te  nrfx_gpiote.o
    0x0002eac8   0x0002eac8   0x00000064   Code   RO         2814    i.pm_buffer_block_acquire  pm_buffer.o
    0x0002eb2c   0x0002eb2c   0x00000024   Code   RO         2815    i.pm_buffer_init    pm_buffer.o
    0x0002eb50   0x0002eb50   0x00000028   Code   RO         2816    i.pm_buffer_ptr_get  pm_buffer.o
    0x0002eb78   0x0002eb78   0x00000032   Code   RO         2817    i.pm_buffer_release  pm_buffer.o
    0x0002ebaa   0x0002ebaa   0x00000002   PAD
    0x0002ebac   0x0002ebac   0x00000078   Code   RO         2431    i.pm_conn_sec_status_get  peer_manager.o
    0x0002ec24   0x0002ec24   0x0000001c   Code   RO         2432    i.pm_conn_secure    peer_manager.o
    0x0002ec40   0x0002ec40   0x00000020   Code   RO           24    i.pm_evt_handler    main.o
    0x0002ec60   0x0002ec60   0x00000004   Code   RO         2434    i.pm_gcm_evt_handler  peer_manager.o
    0x0002ec64   0x0002ec64   0x0000022c   Code   RO         2722    i.pm_handler_flash_clean  peer_manager_handler.o
    0x0002ee90   0x0002ee90   0x0000001c   Code   RO         2723    i.pm_handler_flash_clean_on_return  peer_manager_handler.o
    0x0002eeac   0x0002eeac   0x00000060   Code   RO         2724    i.pm_handler_on_pm_evt  peer_manager_handler.o
    0x0002ef0c   0x0002ef0c   0x000002dc   Code   RO         2725    i.pm_handler_pm_evt_log  peer_manager_handler.o
    0x0002f1e8   0x0002f1e8   0x00000004   Code   RO         2437    i.pm_im_evt_handler  peer_manager.o
    0x0002f1ec   0x0002f1ec   0x000001bc   Code   RO         2438    i.pm_init           peer_manager.o
    0x0002f3a8   0x0002f3a8   0x00000120   Code   RO         2442    i.pm_pdb_evt_handler  peer_manager.o
    0x0002f4c8   0x0002f4c8   0x00000014   Code   RO         2453    i.pm_peer_delete    peer_manager.o
    0x0002f4dc   0x0002f4dc   0x0000011c   Code   RO         2457    i.pm_peer_rank_highest  peer_manager.o
    0x0002f5f8   0x0002f5f8   0x000000ec   Code   RO         2458    i.pm_peer_ranks_get  peer_manager.o
    0x0002f6e4   0x0002f6e4   0x00000094   Code   RO         2459    i.pm_peers_delete   peer_manager.o
    0x0002f778   0x0002f778   0x0000002c   Code   RO         2462    i.pm_register       peer_manager.o
    0x0002f7a4   0x0002f7a4   0x00000014   Code   RO         2463    i.pm_sec_params_set  peer_manager.o
    0x0002f7b8   0x0002f7b8   0x0000000a   Code   RO         2464    i.pm_sm_evt_handler  peer_manager.o
    0x0002f7c2   0x0002f7c2   0x00000002   PAD
    0x0002f7c4   0x0002f7c4   0x0000003c   Code   RO         6700    i.postfix_process   nrf_log_str_formatter.o
    0x0002f800   0x0002f800   0x00000098   Code   RO         6701    i.prefix_process    nrf_log_str_formatter.o
    0x0002f898   0x0002f898   0x0000001c   Code   RO         5133    i.queue_buf_get     fds.o
    0x0002f8b4   0x0002f8b4   0x00000010   Code   RO         5134    i.queue_buf_store   fds.o
    0x0002f8c4   0x0002f8c4   0x00000014   Code   RO         5941    i.queue_free        nrf_fstorage_sd.o
    0x0002f8d8   0x0002f8d8   0x000000a0   Code   RO         5135    i.queue_process     fds.o
    0x0002f978   0x0002f978   0x000000a0   Code   RO         5942    i.queue_process     nrf_fstorage_sd.o
    0x0002fa18   0x0002fa18   0x0000001c   Code   RO         5136    i.queue_start       fds.o
    0x0002fa34   0x0002fa34   0x00000024   Code   RO         5943    i.queue_start       nrf_fstorage_sd.o
    0x0002fa58   0x0002fa58   0x0000001c   Code   RO         2728    i.rank_highest      peer_manager_handler.o
    0x0002fa74   0x0002fa74   0x00000028   Code   RO         2467    i.rank_vars_update  peer_manager.o
    0x0002fa9c   0x0002fa9c   0x0000000e   Code   RO         5944    i.read              nrf_fstorage_sd.o
    0x0002faaa   0x0002faaa   0x00000002   PAD
    0x0002faac   0x0002faac   0x000000b0   Code   RO         2225    i.reattempt_previous_operations  peer_database.o
    0x0002fb5c   0x0002fb5c   0x00000088   Code   RO         5137    i.record_find       fds.o
    0x0002fbe4   0x0002fbe4   0x000000a0   Code   RO         5138    i.record_find_by_desc  fds.o
    0x0002fc84   0x0002fc84   0x0000005c   Code   RO         5139    i.record_find_next  fds.o
    0x0002fce0   0x0002fce0   0x00000038   Code   RO         5140    i.record_header_flag_dirty  fds.o
    0x0002fd18   0x0002fd18   0x00000038   Code   RO         1334    i.registered_handler_get  ble_db_discovery.o
    0x0002fd50   0x0002fd50   0x00000010   Code   RO         2346    i.release           peer_id.o
    0x0002fd60   0x0002fd60   0x00000004   Code   RO         5945    i.rmap              nrf_fstorage_sd.o
    0x0002fd64   0x0002fd64   0x0000003c   Code   RO         4848    i.rtc1_stop         app_timer.o
    0x0002fda0   0x0002fda0   0x00000110   Code   RO           25    i.saadc_event_handler  main.o
    0x0002feb0   0x0002feb0   0x00000024   Code   RO         1537    i.sc_send_pending_handle  gatt_cache_manager.o
    0x0002fed4   0x0002fed4   0x00000050   Code   RO         3442    i.sd_state_evt_handler  nrf_drv_clock.o
    0x0002ff24   0x0002ff24   0x00000030   Code   RO         7114    i.sdh_request_observer_notify  nrf_sdh.o
    0x0002ff54   0x0002ff54   0x0000002c   Code   RO         7115    i.sdh_state_observer_notify  nrf_sdh.o
    0x0002ff80   0x0002ff80   0x000000b4   Code   RO         2870    i.sec_info_request_process  security_dispatcher.o
    0x00030034   0x00030034   0x000000f4   Code   RO         2871    i.sec_keyset_fill   security_dispatcher.o
    0x00030128   0x00030128   0x00000076   Code   RO         3010    i.sec_params_verify  security_manager.o
    0x0003019e   0x0003019e   0x00000002   PAD
    0x000301a0   0x000301a0   0x00000060   Code   RO         2872    i.sec_proc_start    security_dispatcher.o
    0x00030200   0x00030200   0x00000022   Code   RO         2873    i.send_config_req   security_dispatcher.o
    0x00030222   0x00030222   0x00000002   PAD
    0x00030224   0x00030224   0x00000010   Code   RO         1093    i.send_error_evt    ble_conn_params.o
    0x00030234   0x00030234   0x00000028   Code   RO         1538    i.send_unexpected_error  gatt_cache_manager.o
    0x0003025c   0x0003025c   0x00000028   Code   RO         2874    i.send_unexpected_error  security_dispatcher.o
    0x00030284   0x00030284   0x00000050   Code   RO         6358    i.serial_tx         nrf_log_backend_rtt.o
    0x000302d4   0x000302d4   0x00000014   Code   RO         1539    i.service_changed_pending_flags_check  gatt_cache_manager.o
    0x000302e8   0x000302e8   0x00000044   Code   RO         1691    i.service_changed_pending_set  gatts_cache_manager.o
    0x0003032c   0x0003032c   0x000000f4   Code   RO         1540    i.service_changed_send_in_evt  gatt_cache_manager.o
    0x00030420   0x00030420   0x00000088   Code   RO          891    i.service_data_encode  ble_advdata.o
    0x000304a8   0x000304a8   0x00000018   Code   RO           26    i.service_error_handler  main.o
    0x000304c0   0x000304c0   0x0000010c   Code   RO           27    i.services_init     main.o
    0x000305cc   0x000305cc   0x00000030   Code   RO         1467    i.set_security_req  ble_srv_common.o
    0x000305fc   0x000305fc   0x0000004c   Code   RO           28    i.sleep_mode_enter  main.o
    0x00030648   0x00030648   0x0000002c   Code   RO         3011    i.sm_ble_evt_handler  security_manager.o
    0x00030674   0x00030674   0x00000058   Code   RO         3013    i.sm_init           security_manager.o
    0x000306cc   0x000306cc   0x0000000a   Code   RO         3015    i.sm_link_secure    security_manager.o
    0x000306d6   0x000306d6   0x00000002   PAD
    0x000306d8   0x000306d8   0x00000044   Code   RO         3016    i.sm_pdb_evt_handler  security_manager.o
    0x0003071c   0x0003071c   0x00000034   Code   RO         3018    i.sm_sec_params_set  security_manager.o
    0x00030750   0x00030750   0x00000060   Code   RO         3019    i.sm_smd_evt_handler  security_manager.o
    0x000307b0   0x000307b0   0x000000f4   Code   RO         2875    i.smd_ble_evt_handler  security_dispatcher.o
    0x000308a4   0x000308a4   0x00000068   Code   RO         2877    i.smd_init          security_dispatcher.o
    0x0003090c   0x0003090c   0x00000028   Code   RO         2878    i.smd_link_secure   security_dispatcher.o
    0x00030934   0x00030934   0x000000b0   Code   RO         2879    i.smd_params_reply  security_dispatcher.o
    0x000309e4   0x000309e4   0x00000040   Code   RO         3020    i.smd_params_reply_perform  security_manager.o
    0x00030a24   0x00030a24   0x00000018   Code   RO         3443    i.soc_evt_handler   nrf_drv_clock.o
    0x00030a3c   0x00030a3c   0x00000078   Code   RO         7116    i.softdevice_evt_irq_disable  nrf_sdh.o
    0x00030ab4   0x00030ab4   0x00000098   Code   RO         7117    i.softdevices_evt_irq_enable  nrf_sdh.o
    0x00030b4c   0x00030b4c   0x0000008c   Code   RO         6536    i.std_n             nrf_log_frontend.o
    0x00030bd8   0x00030bd8   0x00000058   Code   RO         1541    i.store_car_value   gatt_cache_manager.o
    0x00030c30   0x00030c30   0x00000080   Code   RO         4849    i.timer_list_handler  app_timer.o
    0x00030cb0   0x00030cb0   0x0000003c   Code   RO         4850    i.timer_list_insert  app_timer.o
    0x00030cec   0x00030cec   0x00000060   Code   RO         4851    i.timer_list_remove  app_timer.o
    0x00030d4c   0x00030d4c   0x00000048   Code   RO         4852    i.timer_stop_op_schedule  app_timer.o
    0x00030d94   0x00030d94   0x00000074   Code   RO         4853    i.timer_timeouts_check  app_timer.o
    0x00030e08   0x00030e08   0x0000000a   Code   RO          892    i.uint16_encode     ble_advdata.o
    0x00030e12   0x00030e12   0x00000002   PAD
    0x00030e14   0x00030e14   0x00000020   Code   RO         5946    i.uninit            nrf_fstorage_sd.o
    0x00030e34   0x00030e34   0x000000b4   Code   RO         5810    i.unsigned_print    nrf_fprintf_format.o
    0x00030ee8   0x00030ee8   0x00000030   Code   RO         1542    i.update_pending_flags_check  gatt_cache_manager.o
    0x00030f18   0x00030f18   0x00000068   Code   RO         1094    i.update_timeout_handler  ble_conn_params.o
    0x00030f80   0x00030f80   0x00000018   Code   RO          999    i.use_whitelist     ble_advertising.o
    0x00030f98   0x00030f98   0x0000000c   Code   RO         1179    i.user_flag_is_acquired  ble_conn_state.o
    0x00030fa4   0x00030fa4   0x00000024   Code   RO         2038    i.user_mem_reply    nrf_ble_qwr.o
    0x00030fc8   0x00030fc8   0x00000030   Code   RO         4854    i.user_op_alloc     app_timer.o
    0x00030ff8   0x00030ff8   0x00000030   Code   RO          893    i.uuid_list_encode  ble_advdata.o
    0x00031028   0x00031028   0x0000009e   Code   RO          894    i.uuid_list_sized_encode  ble_advdata.o
    0x000310c6   0x000310c6   0x0000003a   Code   RO          647    i.wakeup_button_cfg  bsp.o
    0x00031100   0x00031100   0x00000004   Code   RO         5947    i.wmap              nrf_fstorage_sd.o
    0x00031104   0x00031104   0x00000050   Code   RO         5948    i.write             nrf_fstorage_sd.o
    0x00031154   0x00031154   0x0000014c   Code   RO         2226    i.write_buf_store   peer_database.o
    0x000312a0   0x000312a0   0x00000034   Code   RO         2227    i.write_buffer_record_find  peer_database.o
    0x000312d4   0x000312d4   0x00000030   Code   RO         2228    i.write_buffer_record_find_next  peer_database.o
    0x00031304   0x00031304   0x0000001c   Code   RO         2229    i.write_buffer_record_invalidate  peer_database.o
    0x00031320   0x00031320   0x0000002c   Code   RO         2230    i.write_buffer_record_release  peer_database.o
    0x0003134c   0x0003134c   0x000000e8   Code   RO         5142    i.write_enqueue     fds.o
    0x00031434   0x00031434   0x000000f4   Code   RO         5143    i.write_execute     fds.o
    0x00031528   0x00031528   0x00000018   Code   RO         5144    i.write_space_free  fds.o
    0x00031540   0x00031540   0x0000005c   Code   RO         5145    i.write_space_reserve  fds.o
    0x0003159c   0x0003159c   0x00000011   Data   RO           31    .constdata          main.o
    0x000315ad   0x000315ad   0x00000008   Data   RO          510    .constdata          boards.o
    0x000315b5   0x000315b5   0x00000003   PAD
    0x000315b8   0x000315b8   0x0000002c   Data   RO          652    .constdata          bsp.o
    0x000315e4   0x000315e4   0x0000007c   Data   RO         1336    .constdata          ble_db_discovery.o
    0x00031660   0x00031660   0x00000074   Data   RO         1543    .constdata          gatt_cache_manager.o
    0x000316d4   0x000316d4   0x00000004   Data   RO         1692    .constdata          gatts_cache_manager.o
    0x000316d8   0x000316d8   0x00000010   Data   RO         1693    .constdata          gatts_cache_manager.o
    0x000316e8   0x000316e8   0x00000004   Data   RO         1694    .constdata          gatts_cache_manager.o
    0x000316ec   0x000316ec   0x00000008   Data   RO         1791    .constdata          id_manager.o
    0x000316f4   0x000316f4   0x00000016   Data   RO         1944    .constdata          nrf_ble_gatt.o
    0x0003170a   0x0003170a   0x00000002   PAD
    0x0003170c   0x0003170c   0x0000001c   Data   RO         2095    .constdata          peer_data_storage.o
    0x00031728   0x00031728   0x00000010   Data   RO         2232    .constdata          peer_database.o
    0x00031738   0x00031738   0x0000002c   Data   RO         2469    .constdata          peer_manager.o
    0x00031764   0x00031764   0x00000018   Data   RO         2729    .constdata          peer_manager_handler.o
    0x0003177c   0x0003177c   0x0000008c   Data   RO         2881    .constdata          security_dispatcher.o
    0x00031808   0x00031808   0x00000004   Data   RO         3021    .constdata          security_manager.o
    0x0003180c   0x0003180c   0x00000004   Data   RO         3800    .constdata          nrfx_gpiote.o
    0x00031810   0x00031810   0x00000008   Data   RO         4621    .constdata          app_button.o
    0x00031818   0x00031818   0x00000008   PAD
    0x00031820   0x00031820   0x00000006   Data   RO         4856    .constdata          app_timer.o
    0x00031826   0x00031826   0x00000002   PAD
    0x00031828   0x00031828   0x00000018   Data   RO         5148    .constdata          fds.o
    0x00031840   0x00031840   0x00000010   Data   RO         5811    .constdata          nrf_fprintf_format.o
    0x00031850   0x00031850   0x0000005e   Data   RO         5857    .constdata          nrf_fstorage.o
    0x000318ae   0x000318ae   0x00000002   PAD
    0x000318b0   0x000318b0   0x00000010   Data   RO         5951    .constdata          nrf_fstorage_sd.o
    0x000318c0   0x000318c0   0x00000020   Data   RO         5952    .constdata          nrf_fstorage_sd.o
    0x000318e0   0x000318e0   0x00000018   Data   RO         6130    .constdata          nrf_pwr_mgmt.o
    0x000318f8   0x000318f8   0x0000000c   Data   RO         6131    .constdata          nrf_pwr_mgmt.o
    0x00031904   0x00031904   0x0000013c   Data   RO         6294    .constdata          nrf_strerror.o
    0x00031a40   0x00031a40   0x0000000c   Data   RO         6360    .constdata          nrf_log_backend_rtt.o
    0x00031a4c   0x00031a4c   0x00000004   PAD
    0x00031a50   0x00031a50   0x00000006   Data   RO         6361    .constdata          nrf_log_backend_rtt.o
    0x00031a56   0x00031a56   0x00000002   PAD
    0x00031a58   0x00031a58   0x0000000c   Data   RO         6541    .constdata          nrf_log_frontend.o
    0x00031a64   0x00031a64   0x00000010   Data   RO         7118    .constdata          nrf_sdh.o
    0x00031a74   0x00031a74   0x00000028   Data   RO         7119    .constdata          nrf_sdh.o
    0x00031a9c   0x00031a9c   0x00000010   Data   RO         7120    .constdata          nrf_sdh.o
    0x00031aac   0x00031aac   0x00000010   Data   RO         7121    .constdata          nrf_sdh.o
    0x00031abc   0x00031abc   0x00000020   Data   RO         7229    .constdata          nrf_sdh_ble.o
    0x00031adc   0x00031adc   0x00000010   Data   RO         7230    .constdata          nrf_sdh_ble.o
    0x00031aec   0x00031aec   0x00000010   Data   RO         7280    .constdata          nrf_sdh_soc.o
    0x00031afc   0x00031afc   0x0000000c   Data   RO         7281    .constdata          nrf_sdh_soc.o
    0x00031b08   0x00031b08   0x00000081   Data   RO         7371    .constdata          mc_w.l(ctype_o.o)
    0x00031b89   0x00031b89   0x00000003   PAD
    0x00031b8c   0x00031b8c   0x00000004   Data   RO         7372    .constdata          mc_w.l(ctype_o.o)
    0x00031b90   0x00031b90   0x000000a2   Data   RO         1337    .conststring        ble_db_discovery.o
    0x00031c32   0x00031c32   0x00000002   PAD
    0x00031c34   0x00031c34   0x000001a4   Data   RO         1544    .conststring        gatt_cache_manager.o
    0x00031dd8   0x00031dd8   0x00000144   Data   RO         1695    .conststring        gatts_cache_manager.o
    0x00031f1c   0x00031f1c   0x000000a2   Data   RO         1945    .conststring        nrf_ble_gatt.o
    0x00031fbe   0x00031fbe   0x00000002   PAD
    0x00031fc0   0x00031fc0   0x000000e8   Data   RO         2096    .conststring        peer_data_storage.o
    0x000320a8   0x000320a8   0x00000180   Data   RO         2233    .conststring        peer_database.o
    0x00032228   0x00032228   0x00000090   Data   RO         2470    .conststring        peer_manager.o
    0x000322b8   0x000322b8   0x00000312   Data   RO         2730    .conststring        peer_manager_handler.o
    0x000325ca   0x000325ca   0x00000002   PAD
    0x000325cc   0x000325cc   0x00000242   Data   RO         2882    .conststring        security_dispatcher.o
    0x0003280e   0x0003280e   0x00000002   PAD
    0x00032810   0x00032810   0x0000017b   Data   RO         3022    .conststring        security_manager.o
    0x0003298b   0x0003298b   0x00000001   PAD
    0x0003298c   0x0003298c   0x0000004f   Data   RO         5858    .conststring        nrf_fstorage.o
    0x000329db   0x000329db   0x00000001   PAD
    0x000329dc   0x000329dc   0x000003eb   Data   RO         6295    .conststring        nrf_strerror.o
    0x00032dc7   0x00032dc7   0x00000001   PAD
    0x00032dc8   0x00032dc8   0x00000066   Data   RO         6702    .conststring        nrf_log_str_formatter.o
    0x00032e2e   0x00032e2e   0x00000002   PAD
    0x00032e30   0x00032e30   0x00000188   Data   RO         7231    .conststring        nrf_sdh_ble.o
    0x00032fb8   0x00032fb8   0x0000000c   Data   RO         1338    .conststrlit        ble_db_discovery.o
    0x00032fc4   0x00032fc4   0x00000011   Data   RO         1545    .conststrlit        gatt_cache_manager.o
    0x00032fd5   0x00032fd5   0x00000003   PAD
    0x00032fd8   0x00032fd8   0x00000012   Data   RO         1696    .conststrlit        gatts_cache_manager.o
    0x00032fea   0x00032fea   0x00000002   PAD
    0x00032fec   0x00032fec   0x00000010   Data   RO         1793    .conststrlit        id_manager.o
    0x00032ffc   0x00032ffc   0x0000000d   Data   RO         1946    .conststrlit        nrf_ble_gatt.o
    0x00033009   0x00033009   0x00000003   PAD
    0x0003300c   0x0003300c   0x00000011   Data   RO         2097    .conststrlit        peer_data_storage.o
    0x0003301d   0x0003301d   0x00000003   PAD
    0x00033020   0x00033020   0x00000011   Data   RO         2234    .conststrlit        peer_database.o
    0x00033031   0x00033031   0x00000003   PAD
    0x00033034   0x00033034   0x0000000d   Data   RO         2471    .conststrlit        peer_manager.o
    0x00033041   0x00033041   0x00000003   PAD
    0x00033044   0x00033044   0x00000015   Data   RO         2732    .conststrlit        peer_manager_handler.o
    0x00033059   0x00033059   0x00000003   PAD
    0x0003305c   0x0003305c   0x00000011   Data   RO         2883    .conststrlit        security_dispatcher.o
    0x0003306d   0x0003306d   0x00000003   PAD
    0x00033070   0x00033070   0x00000010   Data   RO         3023    .conststrlit        security_manager.o
    0x00033080   0x00033080   0x00000008   Data   RO         3160    .conststrlit        ble_bas.o
    0x00033088   0x00033088   0x00000008   Data   RO         3217    .conststrlit        ble_ias.o
    0x00033090   0x00033090   0x00000006   Data   RO         3449    .conststrlit        nrf_drv_clock.o
    0x00033096   0x00033096   0x00000002   PAD
    0x00033098   0x00033098   0x00000006   Data   RO         3642    .conststrlit        nrfx_clock.o
    0x0003309e   0x0003309e   0x00000002   PAD
    0x000330a0   0x000330a0   0x00000007   Data   RO         3804    .conststrlit        nrfx_gpiote.o
    0x000330a7   0x000330a7   0x00000001   PAD
    0x000330a8   0x000330a8   0x00000004   Data   RO         4067    .conststrlit        nrfx_prs.o
    0x000330ac   0x000330ac   0x00000006   Data   RO         4144    .conststrlit        nrfx_saadc.o
    0x000330b2   0x000330b2   0x00000002   PAD
    0x000330b4   0x000330b4   0x00000005   Data   RO         4302    .conststrlit        nrfx_uart.o
    0x000330b9   0x000330b9   0x00000003   PAD
    0x000330bc   0x000330bc   0x00000006   Data   RO         4485    .conststrlit        nrfx_uarte.o
    0x000330c2   0x000330c2   0x00000002   PAD
    0x000330c4   0x000330c4   0x0000000d   Data   RO         5859    .conststrlit        nrf_fstorage.o
    0x000330d1   0x000330d1   0x00000003   PAD
    0x000330d4   0x000330d4   0x00000009   Data   RO         6132    .conststrlit        nrf_pwr_mgmt.o
    0x000330dd   0x000330dd   0x00000003   PAD
    0x000330e0   0x000330e0   0x00000010   Data   RO         6476    .conststrlit        nrf_log_default_backends.o
    0x000330f0   0x000330f0   0x00000004   Data   RO         6542    .conststrlit        nrf_log_frontend.o
    0x000330f4   0x000330f4   0x00000008   Data   RO         7122    .conststrlit        nrf_sdh.o
    0x000330fc   0x000330fc   0x0000000c   Data   RO         7232    .conststrlit        nrf_sdh_ble.o
    0x00033108   0x00033108   0x0000000c   Data   RO         7282    .conststrlit        nrf_sdh_soc.o
    0x00033114   0x00033114   0x00000020   Data   RO         7710    Region$$Table       anon$$obj.o
    0x00033134   0x00033134   0x00000010   Data   RO         6478    log_backends        nrf_log_default_backends.o
    0x00033144   0x00033144   0x00000008   Data   RO         1340    log_const_data      ble_db_discovery.o
    0x0003314c   0x0003314c   0x00000008   Data   RO         1547    log_const_data      gatt_cache_manager.o
    0x00033154   0x00033154   0x00000008   Data   RO         1698    log_const_data      gatts_cache_manager.o
    0x0003315c   0x0003315c   0x00000008   Data   RO         1795    log_const_data      id_manager.o
    0x00033164   0x00033164   0x00000008   Data   RO         1947    log_const_data      nrf_ble_gatt.o
    0x0003316c   0x0003316c   0x00000008   Data   RO         2099    log_const_data      peer_data_storage.o
    0x00033174   0x00033174   0x00000008   Data   RO         2236    log_const_data      peer_database.o
    0x0003317c   0x0003317c   0x00000008   Data   RO         2473    log_const_data      peer_manager.o
    0x00033184   0x00033184   0x00000008   Data   RO         2735    log_const_data      peer_manager_handler.o
    0x0003318c   0x0003318c   0x00000008   Data   RO         2885    log_const_data      security_dispatcher.o
    0x00033194   0x00033194   0x00000008   Data   RO         3025    log_const_data      security_manager.o
    0x0003319c   0x0003319c   0x00000008   Data   RO         3161    log_const_data      ble_bas.o
    0x000331a4   0x000331a4   0x00000008   Data   RO         3218    log_const_data      ble_ias.o
    0x000331ac   0x000331ac   0x00000008   Data   RO         3450    log_const_data      nrf_drv_clock.o
    0x000331b4   0x000331b4   0x00000008   Data   RO         3644    log_const_data      nrfx_clock.o
    0x000331bc   0x000331bc   0x00000008   Data   RO         3805    log_const_data      nrfx_gpiote.o
    0x000331c4   0x000331c4   0x00000008   Data   RO         4069    log_const_data      nrfx_prs.o
    0x000331cc   0x000331cc   0x00000008   Data   RO         4145    log_const_data      nrfx_saadc.o
    0x000331d4   0x000331d4   0x00000008   Data   RO         4303    log_const_data      nrfx_uart.o
    0x000331dc   0x000331dc   0x00000008   Data   RO         4486    log_const_data      nrfx_uarte.o
    0x000331e4   0x000331e4   0x00000008   Data   RO         5860    log_const_data      nrf_fstorage.o
    0x000331ec   0x000331ec   0x00000008   Data   RO         6134    log_const_data      nrf_pwr_mgmt.o
    0x000331f4   0x000331f4   0x00000008   Data   RO         6545    log_const_data      nrf_log_frontend.o
    0x000331fc   0x000331fc   0x00000008   Data   RO         7124    log_const_data      nrf_sdh.o
    0x00033204   0x00033204   0x00000008   Data   RO         7234    log_const_data      nrf_sdh_ble.o
    0x0003320c   0x0003320c   0x00000008   Data   RO         7283    log_const_data      nrf_sdh_soc.o
    0x00033214   0x00033214   0x00000014   Data   RO         6546    nrf_balloc          nrf_log_frontend.o
    0x00033228   0x00033228   0x00000008   Data   RO         1181    sdh_ble_observers0  ble_conn_state.o
    0x00033230   0x00033230   0x00000018   Data   RO           35    sdh_ble_observers1  main.o
    0x00033248   0x00033248   0x00000008   Data   RO          755    sdh_ble_observers1  bsp_btn_ble.o
    0x00033250   0x00033250   0x00000008   Data   RO         1097    sdh_ble_observers1  ble_conn_params.o
    0x00033258   0x00033258   0x00000008   Data   RO         2474    sdh_ble_observers1  peer_manager.o
    0x00033260   0x00033260   0x00000030   Data   RO           36    sdh_ble_observers2  main.o
    0x00033290   0x00033290   0x00000008   Data   RO           37    sdh_ble_observers3  main.o
    0x00033298   0x00033298   0x00000008   Data   RO         5954    sdh_req_observers0  nrf_fstorage_sd.o
    0x000332a0   0x000332a0   0x00000008   Data   RO         3451    sdh_soc_observers0  nrf_drv_clock.o
    0x000332a8   0x000332a8   0x00000008   Data   RO         5955    sdh_soc_observers0  nrf_fstorage_sd.o
    0x000332b0   0x000332b0   0x00000008   Data   RO           38    sdh_soc_observers1  main.o
    0x000332b8   0x000332b8   0x00000008   Data   RO         7235    sdh_stack_observers0  nrf_sdh_ble.o
    0x000332c0   0x000332c0   0x00000008   Data   RO         7284    sdh_stack_observers0  nrf_sdh_soc.o
    0x000332c8   0x000332c8   0x00000008   Data   RO         3452    sdh_state_observers0  nrf_drv_clock.o
    0x000332d0   0x000332d0   0x00000008   Data   RO         5956    sdh_state_observers0  nrf_fstorage_sd.o


    Execution Region RW_IRAM1 (Exec base: 0x20002218, Load base: 0x000332d8, Size: 0x00003ad8, Max: 0x0000dde8, ABSOLUTE, COMPRESSED[0x00000094])

    Exec Addr    Load Addr    Size         Type   Attr      Idx    E Section Name        Object

    0x20002218   COMPRESSED   0x00000008   Data   RW           32    .data               main.o
    0x20002220   COMPRESSED   0x000002e8   Data   RW           33    .data               main.o
    0x20002508   COMPRESSED   0x00000004   Data   RW           34    .data               main.o
    0x2000250c   COMPRESSED   0x00000010   Data   RW          653    .data               bsp.o
    0x2000251c   COMPRESSED   0x00000008   Data   RW          754    .data               bsp_btn_ble.o
    0x20002524   COMPRESSED   0x00000008   Data   RW         1096    .data               ble_conn_params.o
    0x2000252c   COMPRESSED   0x00000010   Data   RW         1339    .data               ble_db_discovery.o
    0x2000253c   COMPRESSED   0x00000010   Data   RW         1546    .data               gatt_cache_manager.o
    0x2000254c   COMPRESSED   0x00000006   Data   RW         1697    .data               gatts_cache_manager.o
    0x20002552   COMPRESSED   0x00000002   PAD
    0x20002554   COMPRESSED   0x0000000c   Data   RW         2098    .data               peer_data_storage.o
    0x20002560   COMPRESSED   0x00000008   Data   RW         2235    .data               peer_database.o
    0x20002568   COMPRESSED   0x00000010   Data   RW         2472    .data               peer_manager.o
    0x20002578   COMPRESSED   0x00000060   Data   RW         2733    .data               peer_manager_handler.o
    0x200025d8   COMPRESSED   0x00000005   Data   RW         2884    .data               security_dispatcher.o
    0x200025dd   COMPRESSED   0x00000003   PAD
    0x200025e0   COMPRESSED   0x00000015   Data   RW         3024    .data               security_manager.o
    0x200025f5   COMPRESSED   0x00000003   PAD
    0x200025f8   COMPRESSED   0x00000008   Data   RW         3643    .data               nrfx_clock.o
    0x20002600   COMPRESSED   0x00000008   Data   RW         4068    .data               nrfx_prs.o
    0x20002608   COMPRESSED   0x00000020   Data   RW         4622    .data               app_button.o
    0x20002628   COMPRESSED   0x00000014   Data   RW         4857    .data               app_timer.o
    0x2000263c   COMPRESSED   0x00000030   Data   RW         5149    .data               fds.o
    0x2000266c   COMPRESSED   0x00000008   Data   RW         5953    .data               nrf_fstorage_sd.o
    0x20002674   COMPRESSED   0x00000008   Data   RW         6133    .data               nrf_pwr_mgmt.o
    0x2000267c   COMPRESSED   0x00000001   Data   RW         6362    .data               nrf_log_backend_rtt.o
    0x2000267d   COMPRESSED   0x00000003   PAD
    0x20002680   COMPRESSED   0x00000008   Data   RW         6477    .data               nrf_log_default_backends.o
    0x20002688   COMPRESSED   0x00000008   Data   RW         6543    .data               nrf_log_frontend.o
    0x20002690   COMPRESSED   0x00000008   Data   RW         6544    .data               nrf_log_frontend.o
    0x20002698   COMPRESSED   0x00000040   Data   RW         6703    .data               nrf_log_str_formatter.o
    0x200026d8   COMPRESSED   0x00000003   Data   RW         7123    .data               nrf_sdh.o
    0x200026db   COMPRESSED   0x00000001   Data   RW         7233    .data               nrf_sdh_ble.o
    0x200026dc   COMPRESSED   0x00000004   Data   RW         7323    .data               system_nrf52.o
    0x200026e0   COMPRESSED   0x00000014   Data   RW         5150    fs_data             fds.o
    0x200026f4        -       0x00000020   Zero   RW           29    .bss                main.o
    0x20002714        -       0x000002c4   Zero   RW           30    .bss                main.o
    0x200029d8        -       0x00000020   Zero   RW          648    .bss                bsp.o
    0x200029f8        -       0x00000020   Zero   RW          649    .bss                bsp.o
    0x20002a18        -       0x0000000c   Zero   RW          650    .bss                bsp.o
    0x20002a24        -       0x00000020   Zero   RW          651    .bss                bsp.o
    0x20002a44        -       0x00000050   Zero   RW         1095    .bss                ble_conn_params.o
    0x20002a94        -       0x00000078   Zero   RW         1180    .bss                ble_conn_state.o
    0x20002b0c        -       0x00000318   Zero   RW         1335    .bss                ble_db_discovery.o
    0x20002e24        -       0x000000d8   Zero   RW         1790    .bss                id_manager.o
    0x20002efc        -       0x00000180   Zero   RW         2231    .bss                peer_database.o
    0x2000307c        -       0x00000040   Zero   RW         2347    .bss                peer_id.o
    0x200030bc        -       0x0000000c   Zero   RW         2468    .bss                peer_manager.o
    0x200030c8        -       0x00000040   Zero   RW         2880    .bss                security_dispatcher.o
    0x20003108        -       0x00000014   Zero   RW         3444    .bss                nrf_drv_clock.o
    0x2000311c        -       0x0000005c   Zero   RW         3799    .bss                nrfx_gpiote.o
    0x20003178        -       0x00000030   Zero   RW         4135    .bss                nrfx_saadc.o
    0x200031a8        -       0x00000020   Zero   RW         4620    .bss                app_button.o
    0x200031c8        -       0x00000020   Zero   RW         4681    .bss                app_error.o
    0x200031e8        -       0x0000010c   Zero   RW         4855    .bss                app_timer.o
    0x200032f4        -       0x0000000c   Zero   RW         5005    .bss                app_util_platform.o
    0x20003300        -       0x00000010   Zero   RW         5146    .bss                fds.o
    0x20003310        -       0x000000e0   Zero   RW         5147    .bss                fds.o
    0x200033f0        -       0x00000010   Zero   RW         5949    .bss                nrf_fstorage_sd.o
    0x20003400        -       0x000000a0   Zero   RW         5950    .bss                nrf_fstorage_sd.o
    0x200034a0        -       0x0000000c   Zero   RW         6129    .bss                nrf_pwr_mgmt.o
    0x200034ac        -       0x00000040   Zero   RW         6359    .bss                nrf_log_backend_rtt.o
    0x200034ec        -       0x000000c0   Zero   RW         6537    .bss                nrf_log_frontend.o
    0x200035ac        -       0x00000080   Zero   RW         6538    .bss                nrf_log_frontend.o
    0x2000362c        -       0x00000018   Zero   RW         6539    .bss                nrf_log_frontend.o
    0x20003644        -       0x00000424   Zero   RW         6540    .bss                nrf_log_frontend.o
    0x20003a68        -       0x00000288   Zero   RW         6779    .bss                segger_rtt.o
    0x20003cf0        -       0x00002000   Zero   RW         7311    STACK               arm_startup_nrf52.o


==============================================================================

Image component sizes


      Code (inc. data)   RO Data    RW Data    ZI Data      Debug   Object Name

       440         36          8         32         32      13110   app_button.o
       100          4          0          0         32       3418   app_error.o
        26          0          0          0          0        576   app_error_handler_keil.o
       356        192          0          0          0       4910   app_error_weak.o
         0          0          0          0          0      36690   app_scheduler.o
      1510        118          6         20        268      48015   app_timer.o
       124         14          0          0         12       9626   app_util_platform.o
        36          8        512          0       8192        932   arm_startup_nrf52.o
      1324          0          0          0          0      52928   ble_advdata.o
      1036          6          0          0          0      15552   ble_advertising.o
       502          0         16          0          0       6535   ble_bas.o
       636         44          8          8         80       9359   ble_conn_params.o
       812        120          8          0        120      15703   ble_conn_state.o
      1718         94        306         16        792      19023   ble_db_discovery.o
       210          0         16          0          0       3604   ble_ias.o
       306          0          0          0          0       7803   ble_ias_c.o
        72          0          0          0          0       1660   ble_link_ctx_manager.o
       270          0          0          0          0       4050   ble_lls.o
       638          6          0          0          0       5168   ble_srv_common.o
       104          0          0          0          0       2472   ble_tps.o
       358         40          8          0          0      81813   boards.o
       998         84         44         16        108      15563   bsp.o
       252         10          8          8          0       9144   bsp_btn_ble.o
      3426        314         24         68        240      50247   fds.o
      1848        544        561         16          0      24771   gatt_cache_manager.o
       578         70        374          6          0       9095   gatts_cache_manager.o
       946         34         32          0        216      15164   id_manager.o
      2990        618        105        756        740     220896   main.o
       342          0          0          0          0       6766   nrf_atfifo.o
       170          0          0          0          0       4788   nrf_atflags.o
       332          0          0          0          0      10214   nrf_atomic.o
       164          0          0          0          0       3656   nrf_balloc.o
       922        272        205          0          0      36499   nrf_ble_gatt.o
       276          0          0          0          0       4733   nrf_ble_qwr.o
       276         34         30          0         20      37772   nrf_drv_clock.o
        50          0          0          0          0       3557   nrf_fprintf.o
       850          4         16          0          0       5510   nrf_fprintf_format.o
       972        432        194          0          0       8084   nrf_fstorage.o
       798         82         72          8        176      16123   nrf_fstorage_sd.o
       112         18         18          1         64       6189   nrf_log_backend_rtt.o
       200          0          0          0          0      10881   nrf_log_backend_serial.o
        28          4         32          8          0       3353   nrf_log_default_backends.o
      1540        114         44         16       1404      32329   nrf_log_frontend.o
       566        108        102         64          0       5660   nrf_log_str_formatter.o
       346          0          0          0          0       9623   nrf_memobj.o
       108         16         53          8         12      35510   nrf_pwr_mgmt.o
        28          0          0          0          0       2387   nrf_ringbuf.o
       680        180        104          3          0      41832   nrf_sdh.o
       740        296        468          1          0       5901   nrf_sdh_ble.o
       128         68         56          0          0       2492   nrf_sdh_soc.o
        78          0          0          0          0       2804   nrf_section_iter.o
        76         10       1319          0          0       2767   nrf_strerror.o
       226         30         14          8          0      41434   nrfx_clock.o
      1226         92         19          0         92      58779   nrfx_gpiote.o
        12          6         12          8          0       2154   nrfx_prs.o
       924         76         14          0         48      21802   nrfx_saadc.o
         0          0         13          0          0       9184   nrfx_uart.o
         0          0         14          0          0      10206   nrfx_uarte.o
      1152        144        285         12          0      16174   peer_data_storage.o
      1442        260        425          8        384      19558   peer_database.o
       314         38          0          0         64       9239   peer_id.o
      1774        456        217         16         12      19585   peer_manager.o
      1772        836        839         96          0      13420   peer_manager_handler.o
       234          0          0          0          0       5483   pm_buffer.o
      1912        260        743          5         64      26931   security_dispatcher.o
      1108        114        407         21          0      49778   security_manager.o
       378         34          0          0        648       9053   segger_rtt.o
       796         70          0          4          0      29570   system_nrf52.o

    ----------------------------------------------------------------------
     44748       6410       7860       1244      13820    1329607   Object Totals
         0          0         32          0          0          0   (incl. Generated)
        80          0         77         11          0          0   (incl. Padding)

    ----------------------------------------------------------------------

      Code (inc. data)   RO Data    RW Data    ZI Data      Debug   Library Member Name

        86          0          0          0          0          0   __dczerorl2.o
         8          4        133          0          0         68   ctype_o.o
         0          0          0          0          0          0   entry.o
         0          0          0          0          0          0   entry10a.o
         0          0          0          0          0          0   entry11a.o
         8          4          0          0          0          0   entry2.o
         4          0          0          0          0          0   entry5.o
         0          0          0          0          0          0   entry7b.o
         0          0          0          0          0          0   entry8b.o
         8          4          0          0          0          0   entry9a.o
        30          0          0          0          0          0   handlers.o
        36          8          0          0          0         68   init.o
        30          0          0          0          0         68   llshl.o
        32          0          0          0          0         68   llushr.o
        26          0          0          0          0         80   memcmp.o
        36          0          0          0          0         68   memcpya.o
        36          0          0          0          0        108   memseta.o
       754         52          0          0          0        252   printf5.o
        18          0          0          0          0         68   strcpy.o
        14          0          0          0          0         68   strlen.o
        98          0          0          0          0         92   uldiv.o

    ----------------------------------------------------------------------
      1232         72        136          0          0       1008   Library Totals
         8          0          3          0          0          0   (incl. Padding)

    ----------------------------------------------------------------------

      Code (inc. data)   RO Data    RW Data    ZI Data      Debug   Library Name

      1224         72        133          0          0       1008   mc_w.l

    ----------------------------------------------------------------------
      1232         72        136          0          0       1008   Library Totals

    ----------------------------------------------------------------------

==============================================================================


      Code (inc. data)   RO Data    RW Data    ZI Data      Debug   

     45980       6482       7996       1244      13820    1278483   Grand Totals
     45980       6482       7996        148      13820    1278483   ELF Image Totals (compressed)
     45980       6482       7996        148          0          0   ROM Totals

==============================================================================

    Total RO  Size (Code + RO Data)                53976 (  52.71kB)
    Total RW  Size (RW Data + ZI Data)             15064 (  14.71kB)
    Total ROM Size (Code + RO Data + RW Data)      54124 (  52.86kB)

==============================================================================

