Component: ARM Compiler 5.06 update 6 (build 750) Tool: armlink [4d35ed]

==============================================================================

Section Cross References

    main.o(i.assert_nrf_callback) refers to app_error_handler_keil.o(.emb_text) for app_error_handler
    main.o(i.ble_evt_handler) refers to nrf_log_frontend.o(i.nrf_log_frontend_std_0) for nrf_log_frontend_std_0
    main.o(i.ble_evt_handler) refers to app_error_handler_keil.o(.emb_text) for app_error_handler
    main.o(i.ble_evt_handler) refers to ble_nus_c.o(i.ble_nus_c_handles_assign) for ble_nus_c_handles_assign
    main.o(i.ble_evt_handler) refers to bsp.o(i.bsp_indication_set) for bsp_indication_set
    main.o(i.ble_evt_handler) refers to ble_db_discovery.o(i.ble_db_discovery_start) for ble_db_discovery_start
    main.o(i.ble_evt_handler) refers to nrf_log_frontend.o(i.nrf_log_frontend_std_2) for nrf_log_frontend_std_2
    main.o(i.ble_evt_handler) refers to nrf_log_frontend.o(log_const_data) for m_nrf_log_app_logs_data_const
    main.o(i.ble_evt_handler) refers to main.o(.bss) for .bss
    main.o(i.ble_evt_handler) refers to main.o(.data) for .data
    main.o(i.ble_nus_c_evt_handler) refers to nrf_log_frontend.o(i.nrf_log_frontend_std_0) for nrf_log_frontend_std_0
    main.o(i.ble_nus_c_evt_handler) refers to main.o(i.scan_start) for scan_start
    main.o(i.ble_nus_c_evt_handler) refers to ble_nus_c.o(i.ble_nus_c_handles_assign) for ble_nus_c_handles_assign
    main.o(i.ble_nus_c_evt_handler) refers to app_error_handler_keil.o(.emb_text) for app_error_handler
    main.o(i.ble_nus_c_evt_handler) refers to ble_nus_c.o(i.ble_nus_c_tx_notif_enable) for ble_nus_c_tx_notif_enable
    main.o(i.ble_nus_c_evt_handler) refers to main.o(i.ble_nus_chars_received_uart_print) for ble_nus_chars_received_uart_print
    main.o(i.ble_nus_c_evt_handler) refers to nrf_log_frontend.o(log_const_data) for m_nrf_log_app_logs_data_const
    main.o(i.ble_nus_chars_received_uart_print) refers to app_uart_fifo.o(i.app_uart_put) for app_uart_put
    main.o(i.ble_nus_chars_received_uart_print) refers to nrf_log_frontend.o(i.nrf_log_frontend_std_1) for nrf_log_frontend_std_1
    main.o(i.ble_nus_chars_received_uart_print) refers to app_error_handler_keil.o(.emb_text) for app_error_handler
    main.o(i.ble_nus_chars_received_uart_print) refers to ble_nus_c.o(i.ble_nus_c_string_send) for ble_nus_c_string_send
    main.o(i.ble_nus_chars_received_uart_print) refers to nrf_log_frontend.o(log_const_data) for m_nrf_log_app_logs_data_const
    main.o(i.ble_nus_chars_received_uart_print) refers to main.o(.bss) for .bss
    main.o(i.ble_stack_init) refers to nrf_sdh.o(i.nrf_sdh_enable_request) for nrf_sdh_enable_request
    main.o(i.ble_stack_init) refers to app_error_handler_keil.o(.emb_text) for app_error_handler
    main.o(i.ble_stack_init) refers to nrf_sdh_ble.o(i.nrf_sdh_ble_default_cfg_set) for nrf_sdh_ble_default_cfg_set
    main.o(i.ble_stack_init) refers to nrf_sdh_ble.o(i.nrf_sdh_ble_enable) for nrf_sdh_ble_enable
    main.o(i.ble_stack_init) refers to main.o(i.main) for i.main
    main.o(i.bsp_event_handler) refers to nrf_pwr_mgmt.o(i.nrf_pwr_mgmt_shutdown) for nrf_pwr_mgmt_shutdown
    main.o(i.bsp_event_handler) refers to app_error_handler_keil.o(.emb_text) for app_error_handler
    main.o(i.bsp_event_handler) refers to main.o(.bss) for .bss
    main.o(i.db_disc_handler) refers to ble_nus_c.o(i.ble_nus_c_on_db_disc_evt) for ble_nus_c_on_db_disc_evt
    main.o(i.db_disc_handler) refers to main.o(.bss) for .bss
    main.o(i.gatt_evt_handler) refers to nrf_log_frontend.o(i.nrf_log_frontend_std_0) for nrf_log_frontend_std_0
    main.o(i.gatt_evt_handler) refers to nrf_log_frontend.o(i.nrf_log_frontend_std_2) for nrf_log_frontend_std_2
    main.o(i.gatt_evt_handler) refers to nrf_log_frontend.o(log_const_data) for m_nrf_log_app_logs_data_const
    main.o(i.gatt_evt_handler) refers to main.o(.data) for .data
    main.o(i.gatt_init) refers to nrf_ble_gatt.o(i.nrf_ble_gatt_init) for nrf_ble_gatt_init
    main.o(i.gatt_init) refers to app_error_handler_keil.o(.emb_text) for app_error_handler
    main.o(i.gatt_init) refers to nrf_ble_gatt.o(i.nrf_ble_gatt_att_mtu_central_set) for nrf_ble_gatt_att_mtu_central_set
    main.o(i.gatt_init) refers to main.o(i.gatt_evt_handler) for gatt_evt_handler
    main.o(i.gatt_init) refers to main.o(.bss) for .bss
    main.o(i.main) refers to nrf_log_frontend.o(i.nrf_log_init) for nrf_log_init
    main.o(i.main) refers to app_error_handler_keil.o(.emb_text) for app_error_handler
    main.o(i.main) refers to nrf_log_default_backends.o(i.nrf_log_default_backends_init) for nrf_log_default_backends_init
    main.o(i.main) refers to app_timer.o(i.app_timer_init) for app_timer_init
    main.o(i.main) refers to memcpya.o(.text) for __aeabi_memcpy4
    main.o(i.main) refers to app_uart_fifo.o(i.app_uart_init) for app_uart_init
    main.o(i.main) refers to bsp.o(i.bsp_init) for bsp_init
[...]
    .data                                    0x20002d50   Section        4  retarget.o(.data)
    .data                                    0x20002d54   Section        1  nrf_log_backend_rtt.o(.data)
    m_host_present                           0x20002d54   Data           1  nrf_log_backend_rtt.o(.data)
    .data                                    0x20002d58   Section        8  nrf_log_default_backends.o(.data)
    log_backend_cb_rtt_log_backend           0x20002d58   Data           8  nrf_log_default_backends.o(.data)
    .data                                    0x20002d60   Section        8  nrf_log_frontend.o(.data)
    log_mempool_nrf_balloc_pool_stack        0x20002d60   Data           8  nrf_log_frontend.o(.data)
    .data                                    0x20002d68   Section        8  nrf_log_frontend.o(.data)
    log_mempool_nrf_balloc_cb                0x20002d68   Data           8  nrf_log_frontend.o(.data)
    .data                                    0x20002d70   Section       64  nrf_log_str_formatter.o(.data)
    m_freq                                   0x20002d70   Data           4  nrf_log_str_formatter.o(.data)
    m_timestamp_div                          0x20002d74   Data           4  nrf_log_str_formatter.o(.data)
    severity_names                           0x20002d78   Data          20  nrf_log_str_formatter.o(.data)
    m_colors                                 0x20002d8c   Data          36  nrf_log_str_formatter.o(.data)
    .data                                    0x20002db0   Section        3  nrf_sdh.o(.data)
    m_nrf_sdh_enabled                        0x20002db0   Data           1  nrf_sdh.o(.data)
    m_nrf_sdh_suspended                      0x20002db1   Data           1  nrf_sdh.o(.data)
    m_nrf_sdh_continue                       0x20002db2   Data           1  nrf_sdh.o(.data)
    .data                                    0x20002db3   Section        1  nrf_sdh_ble.o(.data)
    m_stack_is_enabled                       0x20002db3   Data           1  nrf_sdh_ble.o(.data)
    .data                                    0x20002db4   Section        4  system_nrf52.o(.data)
    __tagsym$$used                           0x20002db4   Number         0  system_nrf52.o(.data)
    .bss                                     0x20002db8   Section      872  main.o(.bss)
    data_array                               0x20002db8   Data         244  main.o(.bss)
    rx_buf                                   0x20002eac   Data         256  main.o(.bss)
    tx_buf                                   0x20002fac   Data         256  main.o(.bss)
    m_ble_nus_c                              0x200030ac   Data          16  main.o(.bss)
    m_gatt                                   0x200030bc   Data          20  main.o(.bss)
    m_scan                                   0x200030d0   Data          80  main.o(.bss)
    .bss                                     0x20003120   Section       32  bsp.o(.bss)
    m_bsp_leds_tmr_data                      0x20003120   Data          32  bsp.o(.bss)
    .bss                                     0x20003140   Section       32  bsp.o(.bss)
    m_bsp_alert_tmr_data                     0x20003140   Data          32  bsp.o(.bss)
    .bss                                     0x20003160   Section       12  bsp.o(.bss)
    m_events_list                            0x20003160   Data          12  bsp.o(.bss)
    .bss                                     0x2000316c   Section       32  bsp.o(.bss)
    m_bsp_button_tmr_data                    0x2000316c   Data          32  bsp.o(.bss)
    .bss                                     0x2000318c   Section      792  ble_db_discovery.o(.bss)
    m_registered_handlers                    0x2000318c   Data          24  ble_db_discovery.o(.bss)
    m_pending_user_evts                      0x200031a4   Data         768  ble_db_discovery.o(.bss)
    .bss                                     0x200034a4   Section       20  nrf_drv_clock.o(.bss)
    m_clock_cb                               0x200034a4   Data          20  nrf_drv_clock.o(.bss)
    .bss                                     0x200034b8   Section       92  nrfx_gpiote.o(.bss)
    m_cb                                     0x200034b8   Data          92  nrfx_gpiote.o(.bss)
    .bss                                     0x20003514   Section       44  nrfx_uart.o(.bss)
    m_cb                                     0x20003514   Data          44  nrfx_uart.o(.bss)
    .bss                                     0x20003540   Section       36  nrfx_uarte.o(.bss)
    m_cb                                     0x20003540   Data          36  nrfx_uarte.o(.bss)
    .bss                                     0x20003564   Section       32  app_button.o(.bss)
    m_detection_delay_timer_id_data          0x20003564   Data          32  app_button.o(.bss)
    .bss                                     0x20003584   Section       32  app_error.o(.bss)
    m_error_data                             0x20003584   Data          32  app_error.o(.bss)
    .bss                                     0x200035a4   Section      268  app_timer.o(.bss)
    m_op_queue                               0x200035a4   Data         268  app_timer.o(.bss)
    .bss                                     0x200036b0   Section       32  app_uart_fifo.o(.bss)
    m_rx_fifo                                0x200036b0   Data          16  app_uart_fifo.o(.bss)
    m_tx_fifo                                0x200036c0   Data          16  app_uart_fifo.o(.bss)
    .bss                                     0x200036d0   Section       12  app_util_platform.o(.bss)
    .bss                                     0x200036dc   Section       12  nrf_pwr_mgmt.o(.bss)
    m_handlers_iter                          0x200036dc   Data          12  nrf_pwr_mgmt.o(.bss)
    .bss                                     0x200036e8   Section       64  nrf_log_backend_rtt.o(.bss)
    m_string_buff                            0x200036e8   Data          64  nrf_log_backend_rtt.o(.bss)
    .bss                                     0x20003728   Section      192  nrf_log_frontend.o(.bss)
    log_mempool_nrf_balloc_pool_mem          0x20003728   Data         192  nrf_log_frontend.o(.bss)
    .bss                                     0x200037e8   Section      128  nrf_log_frontend.o(.bss)
    m_log_push_ringbuf_buf                   0x200037e8   Data         128  nrf_log_frontend.o(.bss)
    .bss                                     0x20003868   Section       24  nrf_log_frontend.o(.bss)
    m_log_push_ringbuf_cb                    0x20003868   Data          24  nrf_log_frontend.o(.bss)
    .bss                                     0x20003880   Section     1060  nrf_log_frontend.o(.bss)
    m_log_data                               0x20003880   Data        1060  nrf_log_frontend.o(.bss)
    .bss                                     0x20003ca4   Section      648  segger_rtt.o(.bss)
    _acUpBuffer                              0x20003d1c   Data         512  segger_rtt.o(.bss)
    _acDownBuffer                            0x20003f1c   Data          16  segger_rtt.o(.bss)
    STACK                                    0x20003f30   Section     8192  arm_startup_nrf52.o(STACK)

    Global Symbols

    Symbol Name                              Value     Ov Type        Size  Object(Section)

    BuildAttributes$$THM_ISAv4$E$P$D$K$B$S$7EM$VFPi3$EXTD16$VFPS$VFMA$PE$A:L22UL41UL21$X:L11$S22US41US21$IEEE1$IW$USESV6$~STKCKD$USESV7$~SHL$OSPACE$ROPI$EBA8$MICROLIB$REQ8$EABIv2 0x00000000   Number         0  anon$$obj.o ABSOLUTE
    __ARM_use_no_argv                        0x00000000   Number         0  main.o ABSOLUTE
    __cpp_initialize__aeabi_                  - Undefined Weak Reference
    __cxa_finalize                            - Undefined Weak Reference
    _clock_init                               - Undefined Weak Reference
    _microlib_exit                            - Undefined Weak Reference
    log_dynamic_data$$Base                    - Undefined Reference
    pwr_mgmt_data0$$Base                      - Undefined Reference
    pwr_mgmt_data0$$Limit                     - Undefined Reference
    pwr_mgmt_data2$$Base                      - Undefined Reference
    pwr_mgmt_data2$$Limit                     - Undefined Reference
    sdh_ble_observers0$$Base                  - Undefined Reference
    sdh_ble_observers0$$Limit                 - Undefined Reference
    sdh_req_observers0$$Base                  - Undefined Reference
    sdh_req_observers0$$Limit                 - Undefined Reference
    sdh_req_observers1$$Base                  - Undefined Reference
    sdh_req_observers1$$Limit                 - Undefined Reference
    sdh_soc_observers1$$Base                  - Undefined Reference
    sdh_soc_observers1$$Limit                 - Undefined Reference
    sdh_stack_observers1$$Base                - Undefined Reference
    sdh_stack_observers1$$Limit               - Undefined Reference
    sdh_state_observers1$$Base                - Undefined Reference
    sdh_state_observers1$$Limit               - Undefined Reference
    __Vectors_Size                           0x00000200   Number         0  arm_startup_nrf52.o ABSOLUTE
    __Vectors                                0x00026000   Data           4  arm_startup_nrf52.o(RESET)
    __Vectors_End                            0x00026200   Data           0  arm_startup_nrf52.o(RESET)
    __main                                   0x00026201   Thumb Code     0  entry.o(.ARM.Collect$$$$00000000)
    _main_stk                                0x00026201   Thumb Code     0  entry2.o(.ARM.Collect$$$$00000001)
    _main_scatterload                        0x00026205   Thumb Code     0  entry5.o(.ARM.Collect$$$$00000004)
    __main_after_scatterload                 0x00026209   Thumb Code     0  entry5.o(.ARM.Collect$$$$00000004)
    _main_clock                              0x00026209   Thumb Code     0  entry7b.o(.ARM.Collect$$$$00000008)
    _main_cpp_init                           0x00026209   Thumb Code     0  entry8b.o(.ARM.Collect$$$$0000000A)
    _main_init                               0x00026209   Thumb Code     0  entry9a.o(.ARM.Collect$$$$0000000B)
    __rt_final_cpp                           0x00026211   Thumb Code     0  entry10a.o(.ARM.Collect$$$$0000000D)
    __rt_final_exit                          0x00026211   Thumb Code     0  entry11a.o(.ARM.Collect$$$$0000000F)
    app_error_handler                        0x00026215   Thumb Code    26  app_error_handler_keil.o(.emb_text)
    __asm___12_nrf_atomic_c_85ca2469__nrf_atomic_internal_mov 0x00026231   Thumb Code    24  nrf_atomic.o(.emb_text)
    __asm___12_nrf_atomic_c_85ca2469__nrf_atomic_internal_orr 0x00026249   Thumb Code    26  nrf_atomic.o(.emb_text)
    __asm___12_nrf_atomic_c_85ca2469__nrf_atomic_internal_and 0x00026263   Thumb Code    26  nrf_atomic.o(.emb_text)
    __asm___12_nrf_atomic_c_85ca2469__nrf_atomic_internal_eor 0x0002627d   Thumb Code    26  nrf_atomic.o(.emb_text)
    __asm___12_nrf_atomic_c_85ca2469__nrf_atomic_internal_add 0x00026297   Thumb Code    26  nrf_atomic.o(.emb_text)
    __asm___12_nrf_atomic_c_85ca2469__nrf_atomic_internal_sub 0x000262b1   Thumb Code    26  nrf_atomic.o(.emb_text)
    __asm___12_nrf_atomic_c_85ca2469__nrf_atomic_internal_cmp_exch 0x000262cb   Thumb Code    42  nrf_atomic.o(.emb_text)
    __asm___12_nrf_atomic_c_85ca2469__nrf_atomic_internal_sub_hs 0x000262f5   Thumb Code    30  nrf_atomic.o(.emb_text)
    Reset_Handler                            0x00026315   Thumb Code     8  arm_startup_nrf52.o(.text)
    NMI_Handler                              0x0002631d   Thumb Code     2  arm_startup_nrf52.o(.text)
    HardFault_Handler                        0x0002631f   Thumb Code     2  arm_startup_nrf52.o(.text)
    MemoryManagement_Handler                 0x00026321   Thumb Code     2  arm_startup_nrf52.o(.text)
    BusFault_Handler                         0x00026323   Thumb Code     2  arm_startup_nrf52.o(.text)
    UsageFault_Handler                       0x00026325   Thumb Code     2  arm_startup_nrf52.o(.text)
    SVC_Handler                              0x00026327   Thumb Code     2  arm_startup_nrf52.o(.text)
    DebugMon_Handler                         0x00026329   Thumb Code     2  arm_startup_nrf52.o(.text)
    PendSV_Handler                           0x0002632b   Thumb Code     2  arm_startup_nrf52.o(.text)
    SysTick_Handler                          0x0002632d   Thumb Code     2  arm_startup_nrf52.o(.text)
    CCM_AAR_IRQHandler                       0x0002632f   Thumb Code     0  arm_startup_nrf52.o(.text)
    COMP_LPCOMP_IRQHandler                   0x0002632f   Thumb Code     0  arm_startup_nrf52.o(.text)
    ECB_IRQHandler                           0x0002632f   Thumb Code     0  arm_startup_nrf52.o(.text)
    FPU_IRQHandler                           0x0002632f   Thumb Code     0  arm_startup_nrf52.o(.text)
    I2S_IRQHandler                           0x0002632f   Thumb Code     0  arm_startup_nrf52.o(.text)
    MWU_IRQHandler                           0x0002632f   Thumb Code     0  arm_startup_nrf52.o(.text)
    NFCT_IRQHandler                          0x0002632f   Thumb Code     0  arm_startup_nrf52.o(.text)
    PDM_IRQHandler                           0x0002632f   Thumb Code     0  arm_startup_nrf52.o(.text)
    PWM0_IRQHandler                          0x0002632f   Thumb Code     0  arm_startup_nrf52.o(.text)
    PWM1_IRQHandler                          0x0002632f   Thumb Code     0  arm_startup_nrf52.o(.text)
    PWM2_IRQHandler                          0x0002632f   Thumb Code     0  arm_startup_nrf52.o(.text)
    QDEC_IRQHandler                          0x0002632f   Thumb Code     0  arm_startup_nrf52.o(.text)
    RADIO_IRQHandler                         0x0002632f   Thumb Code     0  arm_startup_nrf52.o(.text)
    RNG_IRQHandler                           0x0002632f   Thumb Code     0  arm_startup_nrf52.o(.text)
    RTC0_IRQHandler                          0x0002632f   Thumb Code     0  arm_startup_nrf52.o(.text)
    RTC2_IRQHandler                          0x0002632f   Thumb Code     0  arm_startup_nrf52.o(.text)
    SAADC_IRQHandler                         0x0002632f   Thumb Code     0  arm_startup_nrf52.o(.text)
    SPIM0_SPIS0_TWIM0_TWIS0_SPI0_TWI0_IRQHandler 0x0002632f   Thumb Code     0  arm_startup_nrf52.o(.text)
    SPIM1_SPIS1_TWIM1_TWIS1_SPI1_TWI1_IRQHandler 0x0002632f   Thumb Code     0  arm_startup_nrf52.o(.text)
    SPIM2_SPIS2_SPI2_IRQHandler              0x0002632f   Thumb Code     0  arm_startup_nrf52.o(.text)
    SWI1_EGU1_IRQHandler                     0x0002632f   Thumb Code     0  arm_startup_nrf52.o(.text)
    SWI3_EGU3_IRQHandler                     0x0002632f   Thumb Code     0  arm_startup_nrf52.o(.text)
    SWI4_EGU4_IRQHandler                     0x0002632f   Thumb Code     0  arm_startup_nrf52.o(.text)
    SWI5_EGU5_IRQHandler                     0x0002632f   Thumb Code     0  arm_startup_nrf52.o(.text)
    TEMP_IRQHandler                          0x0002632f   Thumb Code     0  arm_startup_nrf52.o(.text)
    TIMER0_IRQHandler                        0x0002632f   Thumb Code     0  arm_startup_nrf52.o(.text)
    TIMER1_IRQHandler                        0x0002632f   Thumb Code     0  arm_startup_nrf52.o(.text)
    TIMER2_IRQHandler                        0x0002632f   Thumb Code     0  arm_startup_nrf52.o(.text)
    TIMER3_IRQHandler                        0x0002632f   Thumb Code     0  arm_startup_nrf52.o(.text)
    TIMER4_IRQHandler                        0x0002632f   Thumb Code     0  arm_startup_nrf52.o(.text)
    WDT_IRQHandler                           0x0002632f   Thumb Code     0  arm_startup_nrf52.o(.text)
    __aeabi_uldivmod                         0x00026339   Thumb Code    98  uldiv.o(.text)
    __aeabi_llsl                             0x0002639b   Thumb Code    30  llshl.o(.text)
    _ll_shift_l                              0x0002639b   Thumb Code     0  llshl.o(.text)
    __rt_ctype_table                         0x000263b9   Thumb Code     4  ctype_o.o(.text)
    __aeabi_memcpy                           0x000263c1   Thumb Code    36  memcpya.o(.text)
    __aeabi_memcpy4                          0x000263c1   Thumb Code     0  memcpya.o(.text)
    __aeabi_memcpy8                          0x000263c1   Thumb Code     0  memcpya.o(.text)
    __aeabi_memset                           0x000263e5   Thumb Code    14  memseta.o(.text)
    __aeabi_memset4                          0x000263e5   Thumb Code     0  memseta.o(.text)
    __aeabi_memset8                          0x000263e5   Thumb Code     0  memseta.o(.text)
    __aeabi_memclr                           0x000263f3   Thumb Code     4  memseta.o(.text)
    __aeabi_memclr4                          0x000263f3   Thumb Code     0  memseta.o(.text)
    __aeabi_memclr8                          0x000263f3   Thumb Code     0  memseta.o(.text)
    _memset$wrapper                          0x000263f7   Thumb Code    18  memseta.o(.text)
    strlen                                   0x00026409   Thumb Code    14  strlen.o(.text)
    memcmp                                   0x00026417   Thumb Code    26  memcmp.o(.text)
    strcpy                                   0x00026431   Thumb Code    18  strcpy.o(.text)
    __aeabi_llsr                             0x00026443   Thumb Code    32  llushr.o(.text)
    _ll_ushift_r                             0x00026443   Thumb Code     0  llushr.o(.text)
    __scatterload                            0x00026465   Thumb Code    28  init.o(.text)
    __scatterload_rt2                        0x00026465   Thumb Code     0  init.o(.text)
    __decompress                             0x00026489   Thumb Code     0  __dczerorl2.o(.text)
    __decompress1                            0x00026489   Thumb Code    86  __dczerorl2.o(.text)
    GPIOTE_IRQHandler                        0x000264e1   Thumb Code   346  nrfx_gpiote.o(i.GPIOTE_IRQHandler)
    POWER_CLOCK_IRQHandler                   0x000266a9   Thumb Code    82  nrfx_clock.o(i.POWER_CLOCK_IRQHandler)
    RTC1_IRQHandler                          0x00026701   Thumb Code    32  app_timer.o(i.RTC1_IRQHandler)
    SEGGER_RTT_Init                          0x00026725   Thumb Code     4  segger_rtt.o(i.SEGGER_RTT_Init)
    SEGGER_RTT_WriteNoLock                   0x00026729   Thumb Code    86  segger_rtt.o(i.SEGGER_RTT_WriteNoLock)
    SWI0_EGU0_IRQHandler                     0x00026785   Thumb Code     4  app_timer.o(i.SWI0_EGU0_IRQHandler)
    SWI2_EGU2_IRQHandler                     0x00026789   Thumb Code     4  nrf_sdh.o(i.SWI2_EGU2_IRQHandler)
    SystemInit                               0x0002678d   Thumb Code   726  system_nrf52.o(i.SystemInit)
    UARTE0_UART0_IRQHandler                  0x00026aa9   Thumb Code     6  nrfx_prs.o(i.UARTE0_UART0_IRQHandler)
    __0printf$bare                           0x00026bd1   Thumb Code     8  printfb.o(i.__0printf$bare)
    __1printf$bare                           0x00026bd1   Thumb Code     0  printfb.o(i.__0printf$bare)
    __2printf                                0x00026bd1   Thumb Code     0  printfb.o(i.__0printf$bare)
    __scatterload_copy                       0x00026be1   Thumb Code    14  handlers.o(i.__scatterload_copy)
    __scatterload_null                       0x00026bef   Thumb Code     2  handlers.o(i.__scatterload_null)
    __scatterload_zeroinit                   0x00026bf1   Thumb Code    14  handlers.o(i.__scatterload_zeroinit)
    app_button_enable                        0x00026c85   Thumb Code    32  app_button.o(i.app_button_enable)
    app_button_init                          0x00026ca9   Thumb Code   102  app_button.o(i.app_button_init)
    app_error_fault_handler                  0x00026d21   Thumb Code   164  app_error_weak.o(i.app_error_fault_handler)
    app_error_save_and_stop                  0x00026e85   Thumb Code    96  app_error.o(i.app_error_save_and_stop)
    app_fifo_get                             0x00026ee9   Thumb Code    22  app_fifo.o(i.app_fifo_get)
    app_fifo_init                            0x00026eff   Thumb Code    32  app_fifo.o(i.app_fifo_init)
    app_fifo_put                             0x00026f1f   Thumb Code    26  app_fifo.o(i.app_fifo_put)
    app_timer_create                         0x00026f39   Thumb Code    36  app_timer.o(i.app_timer_create)
    app_timer_init                           0x00026f61   Thumb Code    70  app_timer.o(i.app_timer_init)
    app_timer_start                          0x00026fb5   Thumb Code   128  app_timer.o(i.app_timer_start)
    app_timer_stop                           0x0002703d   Thumb Code    26  app_timer.o(i.app_timer_stop)
    app_uart_get                             0x0002705d   Thumb Code    46  app_uart_fifo.o(i.app_uart_get)
    app_uart_init                            0x000270d1   Thumb Code   148  app_uart_fifo.o(i.app_uart_init)
    app_uart_put                             0x00027175   Thumb Code    70  app_uart_fifo.o(i.app_uart_put)
    app_util_critical_region_enter           0x000271c9   Thumb Code    64  app_util_platform.o(i.app_util_critical_region_enter)
    app_util_critical_region_exit            0x00027211   Thumb Code    46  app_util_platform.o(i.app_util_critical_region_exit)
    ble_advdata_search                       0x00027355   Thumb Code    56  ble_advdata.o(i.ble_advdata_search)
    ble_advdata_uuid_find                    0x0002738d   Thumb Code   182  ble_advdata.o(i.ble_advdata_uuid_find)
    ble_db_discovery_evt_register            0x00027445   Thumb Code    56  ble_db_discovery.o(i.ble_db_discovery_evt_register)
    ble_db_discovery_init                    0x00027485   Thumb Code    24  ble_db_discovery.o(i.ble_db_discovery_init)
    ble_db_discovery_on_ble_evt              0x000274a1   Thumb Code   138  ble_db_discovery.o(i.ble_db_discovery_on_ble_evt)
    ble_db_discovery_start                   0x00027531   Thumb Code    34  ble_db_discovery.o(i.ble_db_discovery_start)
    ble_nus_c_handles_assign                 0x00027821   Thumb Code    26  ble_nus_c.o(i.ble_nus_c_handles_assign)
    ble_nus_c_init                           0x0002783d   Thumb Code    72  ble_nus_c.o(i.ble_nus_c_init)
    ble_nus_c_on_ble_evt                     0x00027889   Thumb Code   108  ble_nus_c.o(i.ble_nus_c_on_ble_evt)
    ble_nus_c_on_db_disc_evt                 0x000278f5   Thumb Code   128  ble_nus_c.o(i.ble_nus_c_on_db_disc_evt)
    ble_nus_c_string_send                    0x00027975   Thumb Code    86  ble_nus_c.o(i.ble_nus_c_string_send)
    ble_nus_c_tx_notif_enable                0x00027a09   Thumb Code    66  ble_nus_c.o(i.ble_nus_c_tx_notif_enable)
    bsp_board_button_idx_to_pin              0x00027b89   Thumb Code     6  boards.o(i.bsp_board_button_idx_to_pin)
    bsp_board_button_state_get               0x00027b95   Thumb Code    28  boards.o(i.bsp_board_button_state_get)
    bsp_board_init                           0x00027bb5   Thumb Code    80  boards.o(i.bsp_board_init)
    bsp_board_led_invert                     0x00027c09   Thumb Code    32  boards.o(i.bsp_board_led_invert)
    bsp_board_led_off                        0x00027c2d   Thumb Code    10  boards.o(i.bsp_board_led_off)
    bsp_board_led_on                         0x00027c3d   Thumb Code    10  boards.o(i.bsp_board_led_on)
    bsp_board_led_state_get                  0x00027c4d   Thumb Code    28  boards.o(i.bsp_board_led_state_get)
    bsp_board_leds_off                       0x00027c6d   Thumb Code    18  boards.o(i.bsp_board_leds_off)
    bsp_board_leds_on                        0x00027c7f   Thumb Code    18  boards.o(i.bsp_board_leds_on)
    bsp_board_pin_to_button_idx              0x00027c91   Thumb Code    30  boards.o(i.bsp_board_pin_to_button_idx)
    bsp_btn_ble_init                         0x00027cb5   Thumb Code    52  bsp_btn_ble.o(i.bsp_btn_ble_init)
    bsp_btn_ble_sleep_mode_prepare           0x00027ced   Thumb Code    30  bsp_btn_ble.o(i.bsp_btn_ble_sleep_mode_prepare)
    bsp_button_is_pressed                    0x00027d9d   Thumb Code    12  bsp.o(i.bsp_button_is_pressed)
    bsp_event_handler                        0x00027da9   Thumb Code    42  main.o(i.bsp_event_handler)
    bsp_event_to_button_action_assign        0x00027de9   Thumb Code    64  bsp.o(i.bsp_event_to_button_action_assign)
    bsp_indication_set                       0x00027e2d   Thumb Code    20  bsp.o(i.bsp_indication_set)
    bsp_init                                 0x00027e45   Thumb Code   128  bsp.o(i.bsp_init)
    bsp_wakeup_button_enable                 0x000280a1   Thumb Code     6  bsp.o(i.bsp_wakeup_button_enable)
    buffer_is_empty                          0x00028159   Thumb Code    16  nrf_log_frontend.o(i.buffer_is_empty)
    fputc                                    0x000286af   Thumb Code    14  retarget.o(i.fputc)
    gatt_evt_handler                         0x000286bd   Thumb Code    62  main.o(i.gatt_evt_handler)
    gatt_init                                0x0002874d   Thumb Code    50  main.o(i.gatt_init)
    is_whitelist_used                        0x000289c5   Thumb Code    22  nrf_ble_scan.o(i.is_whitelist_used)
    main                                     0x00028bcd   Thumb Code   250  main.o(i.main)
    nrf_atomic_flag_clear_fetch              0x00028df9   Thumb Code     6  nrf_atomic.o(i.nrf_atomic_flag_clear_fetch)
    nrf_atomic_flag_set                      0x00028dff   Thumb Code     6  nrf_atomic.o(i.nrf_atomic_flag_set)
    nrf_atomic_u32_add                       0x00028e05   Thumb Code    12  nrf_atomic.o(i.nrf_atomic_u32_add)
    nrf_atomic_u32_fetch_and                 0x00028e11   Thumb Code    10  nrf_atomic.o(i.nrf_atomic_u32_fetch_and)
    nrf_atomic_u32_fetch_store               0x00028e1b   Thumb Code    10  nrf_atomic.o(i.nrf_atomic_u32_fetch_store)
    nrf_atomic_u32_or                        0x00028e25   Thumb Code    12  nrf_atomic.o(i.nrf_atomic_u32_or)
    nrf_atomic_u32_sub                       0x00028e31   Thumb Code    12  nrf_atomic.o(i.nrf_atomic_u32_sub)
    nrf_balloc_alloc                         0x00028e3d   Thumb Code    68  nrf_balloc.o(i.nrf_balloc_alloc)
    nrf_balloc_free                          0x00028e81   Thumb Code    48  nrf_balloc.o(i.nrf_balloc_free)
    nrf_balloc_init                          0x00028eb1   Thumb Code    48  nrf_balloc.o(i.nrf_balloc_init)
    nrf_ble_gatt_att_mtu_central_set         0x00028f05   Thumb Code    24  nrf_ble_gatt.o(i.nrf_ble_gatt_att_mtu_central_set)
    nrf_ble_gatt_init                        0x00028f1d   Thumb Code    34  nrf_ble_gatt.o(i.nrf_ble_gatt_init)
    nrf_ble_gatt_on_ble_evt                  0x00028f41   Thumb Code   270  nrf_ble_gatt.o(i.nrf_ble_gatt_on_ble_evt)
    nrf_ble_scan_filter_set                  0x0002910f   Thumb Code    66  nrf_ble_scan.o(i.nrf_ble_scan_filter_set)
    nrf_ble_scan_filters_disable             0x00029151   Thumb Code    14  nrf_ble_scan.o(i.nrf_ble_scan_filters_disable)
    nrf_ble_scan_filters_enable              0x0002915f   Thumb Code    54  nrf_ble_scan.o(i.nrf_ble_scan_filters_enable)
    nrf_ble_scan_init                        0x00029195   Thumb Code   106  nrf_ble_scan.o(i.nrf_ble_scan_init)
    nrf_ble_scan_on_ble_evt                  0x000292fb   Thumb Code   174  nrf_ble_scan.o(i.nrf_ble_scan_on_ble_evt)
    nrf_ble_scan_start                       0x000293a9   Thumb Code    92  nrf_ble_scan.o(i.nrf_ble_scan_start)
    nrf_drv_clock_init                       0x00029451   Thumb Code    48  nrf_drv_clock.o(i.nrf_drv_clock_init)
    nrf_drv_clock_lfclk_release              0x00029489   Thumb Code    42  nrf_drv_clock.o(i.nrf_drv_clock_lfclk_release)
    nrf_drv_uart_init                        0x000294b9   Thumb Code    90  nrf_drv_uart.o(i.nrf_drv_uart_init)
    nrf_fprintf                              0x00029561   Thumb Code    26  nrf_fprintf.o(i.nrf_fprintf)
    nrf_fprintf_buffer_flush                 0x0002957b   Thumb Code    24  nrf_fprintf.o(i.nrf_fprintf_buffer_flush)
    nrf_fprintf_fmt                          0x00029593   Thumb Code   474  nrf_fprintf_format.o(i.nrf_fprintf_fmt)
    nrf_log_backend_add                      0x000298cd   Thumb Code    86  nrf_log_frontend.o(i.nrf_log_backend_add)
    nrf_log_backend_rtt_init                 0x0002992b   Thumb Code     4  nrf_log_backend_rtt.o(i.nrf_log_backend_rtt_init)
    nrf_log_backend_serial_put               0x00029949   Thumb Code   200  nrf_log_backend_serial.o(i.nrf_log_backend_serial_put)
    nrf_log_color_id_get                     0x00029a11   Thumb Code    42  nrf_log_frontend.o(i.nrf_log_color_id_get)
    nrf_log_default_backends_init            0x00029a41   Thumb Code    24  nrf_log_default_backends.o(i.nrf_log_default_backends_init)
    nrf_log_frontend_dequeue                 0x00029a5d   Thumb Code   528  nrf_log_frontend.o(i.nrf_log_frontend_dequeue)
    nrf_log_frontend_std_0                   0x00029c91   Thumb Code     8  nrf_log_frontend.o(i.nrf_log_frontend_std_0)
    nrf_log_frontend_std_1                   0x00029c99   Thumb Code    14  nrf_log_frontend.o(i.nrf_log_frontend_std_1)
    nrf_log_frontend_std_2                   0x00029ca7   Thumb Code    16  nrf_log_frontend.o(i.nrf_log_frontend_std_2)
    nrf_log_frontend_std_5                   0x00029cb7   Thumb Code    28  nrf_log_frontend.o(i.nrf_log_frontend_std_5)
    nrf_log_frontend_std_6                   0x00029cd3   Thumb Code    28  nrf_log_frontend.o(i.nrf_log_frontend_std_6)
    nrf_log_hexdump_entry_process            0x00029cf1   Thumb Code   146  nrf_log_str_formatter.o(i.nrf_log_hexdump_entry_process)
    nrf_log_init                             0x00029d9d   Thumb Code    46  nrf_log_frontend.o(i.nrf_log_init)
    nrf_log_module_cnt_get                   0x00029dd9   Thumb Code    10  nrf_log_frontend.o(i.nrf_log_module_cnt_get)
    nrf_log_module_name_get                  0x00029ded   Thumb Code    24  nrf_log_frontend.o(i.nrf_log_module_name_get)
    nrf_log_panic                            0x00029e09   Thumb Code    38  nrf_log_frontend.o(i.nrf_log_panic)
    nrf_log_std_entry_process                0x00029e35   Thumb Code   182  nrf_log_str_formatter.o(i.nrf_log_std_entry_process)
    nrf_memobj_alloc                         0x00029eeb   Thumb Code    96  nrf_memobj.o(i.nrf_memobj_alloc)
    nrf_memobj_free                          0x00029f4b   Thumb Code    50  nrf_memobj.o(i.nrf_memobj_free)
    nrf_memobj_get                           0x00029f7d   Thumb Code     8  nrf_memobj.o(i.nrf_memobj_get)
    nrf_memobj_pool_init                     0x00029f85   Thumb Code     4  nrf_memobj.o(i.nrf_memobj_pool_init)
    nrf_memobj_put                           0x00029f89   Thumb Code    30  nrf_memobj.o(i.nrf_memobj_put)
    nrf_memobj_read                          0x00029fa7   Thumb Code    16  nrf_memobj.o(i.nrf_memobj_read)
    nrf_memobj_write                         0x00029fb7   Thumb Code    16  nrf_memobj.o(i.nrf_memobj_write)
    nrf_pwr_mgmt_init                        0x00029fc9   Thumb Code    28  nrf_pwr_mgmt.o(i.nrf_pwr_mgmt_init)
    nrf_pwr_mgmt_run                         0x00029ff1   Thumb Code    64  nrf_pwr_mgmt.o(i.nrf_pwr_mgmt_run)
    nrf_pwr_mgmt_shutdown                    0x0002a035   Thumb Code    54  nrf_pwr_mgmt.o(i.nrf_pwr_mgmt_shutdown)
    nrf_ringbuf_init                         0x0002a071   Thumb Code    28  nrf_ringbuf.o(i.nrf_ringbuf_init)
    nrf_sdh_ble_app_ram_start_get            0x0002a08d   Thumb Code    16  nrf_sdh_ble.o(i.nrf_sdh_ble_app_ram_start_get)
    nrf_sdh_ble_default_cfg_set              0x0002a0a1   Thumb Code   272  nrf_sdh_ble.o(i.nrf_sdh_ble_default_cfg_set)
    nrf_sdh_ble_enable                       0x0002a1d1   Thumb Code   116  nrf_sdh_ble.o(i.nrf_sdh_ble_enable)
    nrf_sdh_enable_request                   0x0002a3a9   Thumb Code   102  nrf_sdh.o(i.nrf_sdh_enable_request)
    nrf_sdh_evts_poll                        0x0002a41d   Thumb Code    32  nrf_sdh.o(i.nrf_sdh_evts_poll)
    nrf_sdh_is_enabled                       0x0002a441   Thumb Code     6  nrf_sdh.o(i.nrf_sdh_is_enabled)
    nrf_section_iter_init                    0x0002a4cd   Thumb Code    10  nrf_section_iter.o(i.nrf_section_iter_init)
    nrf_section_iter_next                    0x0002a4fb   Thumb Code    32  nrf_section_iter.o(i.nrf_section_iter_next)
    nrf_strerror_find                        0x0002a51d   Thumb Code    52  nrf_strerror.o(i.nrf_strerror_find)
    nrf_strerror_get                         0x0002a555   Thumb Code    14  nrf_strerror.o(i.nrf_strerror_get)
    nrfx_clock_enable                        0x0002a5a1   Thumb Code    38  nrfx_clock.o(i.nrfx_clock_enable)
    nrfx_clock_init                          0x0002a5d1   Thumb Code    26  nrfx_clock.o(i.nrfx_clock_init)
    nrfx_clock_lfclk_stop                    0x0002a5f1   Thumb Code    20  nrfx_clock.o(i.nrfx_clock_lfclk_stop)
    nrfx_gpiote_in_event_enable              0x0002a61d   Thumb Code   156  nrfx_gpiote.o(i.nrfx_gpiote_in_event_enable)
    nrfx_gpiote_in_init                      0x0002a6c1   Thumb Code   194  nrfx_gpiote.o(i.nrfx_gpiote_in_init)
    nrfx_gpiote_in_is_set                    0x0002a791   Thumb Code    20  nrfx_gpiote.o(i.nrfx_gpiote_in_is_set)
    nrfx_gpiote_init                         0x0002a7a5   Thumb Code    98  nrfx_gpiote.o(i.nrfx_gpiote_init)
    nrfx_gpiote_is_init                      0x0002a815   Thumb Code    14  nrfx_gpiote.o(i.nrfx_gpiote_is_init)
    nrfx_prs_acquire                         0x0002a839   Thumb Code    58  nrfx_prs.o(i.nrfx_prs_acquire)
    nrfx_uart_0_irq_handler                  0x0002a875   Thumb Code     8  nrfx_uart.o(i.nrfx_uart_0_irq_handler)
    nrfx_uart_init                           0x0002a885   Thumb Code   200  nrfx_uart.o(i.nrfx_uart_init)
    nrfx_uart_rx                             0x0002a959   Thumb Code   230  nrfx_uart.o(i.nrfx_uart_rx)
    nrfx_uart_tx                             0x0002aa45   Thumb Code   160  nrfx_uart.o(i.nrfx_uart_tx)
    nrfx_uart_tx_in_progress                 0x0002aae9   Thumb Code    26  nrfx_uart.o(i.nrfx_uart_tx_in_progress)
    nrfx_uarte_0_irq_handler                 0x0002ab09   Thumb Code     8  nrfx_uarte.o(i.nrfx_uarte_0_irq_handler)
    nrfx_uarte_init                          0x0002ab19   Thumb Code   100  nrfx_uarte.o(i.nrfx_uarte_init)
    nrfx_uarte_rx                            0x0002ab85   Thumb Code   256  nrfx_uarte.o(i.nrfx_uarte_rx)
    nrfx_uarte_tx                            0x0002ac89   Thumb Code   138  nrfx_uarte.o(i.nrfx_uarte_tx)
    nrfx_uarte_tx_in_progress                0x0002ad19   Thumb Code    22  nrfx_uarte.o(i.nrfx_uarte_tx_in_progress)
    uart_event_handle                        0x0002ba21   Thumb Code   142  main.o(i.uart_event_handle)
    nrf_log_backend_rtt_api                  0x0002c228   Data          12  nrf_log_backend_rtt.o(.constdata)
    m_ram_start                              0x0002c2cc   Data           4  nrf_sdh_ble.o(.constdata)
    __ctype_table                            0x0002c2f8   Data         129  ctype_o.o(.constdata)
    Region$$Table$$Base                      0x0002cb8c   Number         0  anon$$obj.o(Region$$Table)
    Region$$Table$$Limit                     0x0002cbac   Number         0  anon$$obj.o(Region$$Table)
    log_const_data$$Base                     0x0002cbbc   Number         0  ble_db_discovery.o(log_const_data)
    m_nrf_log_ble_db_disc_logs_data_const    0x0002cbbc   Data           8  ble_db_discovery.o(log_const_data)
    m_nrf_log_nrf_ble_gatt_logs_data_const   0x0002cbc4   Data           8  nrf_ble_gatt.o(log_const_data)
    m_nrf_log_ble_scan_logs_data_const       0x0002cbcc   Data           8  nrf_ble_scan.o(log_const_data)
    m_nrf_log_ble_nus_c_logs_data_const      0x0002cbd4   Data           8  ble_nus_c.o(log_const_data)
    m_nrf_log_clock_logs_data_const          0x0002cbdc   Data           8  nrf_drv_clock.o(log_const_data)
    m_nrf_log_CLOCK_logs_data_const          0x0002cbe4   Data           8  nrfx_clock.o(log_const_data)
    m_nrf_log_GPIOTE_logs_data_const         0x0002cbec   Data           8  nrfx_gpiote.o(log_const_data)
    m_nrf_log_PRS_logs_data_const            0x0002cbf4   Data           8  nrfx_prs.o(log_const_data)
    m_nrf_log_UART_logs_data_const           0x0002cbfc   Data           8  nrfx_uart.o(log_const_data)
    m_nrf_log_UARTE_logs_data_const          0x0002cc04   Data           8  nrfx_uarte.o(log_const_data)
    m_nrf_log_pwr_mgmt_logs_data_const       0x0002cc0c   Data           8  nrf_pwr_mgmt.o(log_const_data)
    m_nrf_log_app_logs_data_const            0x0002cc14   Data           8  nrf_log_frontend.o(log_const_data)
    m_nrf_log_nrf_sdh_logs_data_const        0x0002cc1c   Data           8  nrf_sdh.o(log_const_data)
    m_nrf_log_nrf_sdh_ble_logs_data_const    0x0002cc24   Data           8  nrf_sdh_ble.o(log_const_data)
    m_nrf_log_nrf_sdh_soc_logs_data_const    0x0002cc2c   Data           8  nrf_sdh_soc.o(log_const_data)
    log_const_data$$Limit                    0x0002cc34   Number         0  nrf_sdh_soc.o(log_const_data)
    log_mempool                              0x0002cc34   Data          20  nrf_log_frontend.o(nrf_balloc)
    pwr_mgmt_data1$$Base                     0x0002cc48   Number         0  main.o(pwr_mgmt_data1)
    pwr_mgmt_data1$$Limit                    0x0002cc4c   Number         0  main.o(pwr_mgmt_data1)
    sdh_ble_observers1$$Base                 0x0002cc4c   Number         0  main.o(sdh_ble_observers1)
    sdh_ble_observers1$$Limit                0x0002cc6c   Number         0  bsp_btn_ble.o(sdh_ble_observers1)
    sdh_ble_observers2$$Base                 0x0002cc6c   Number         0  main.o(sdh_ble_observers2)
    sdh_ble_observers2$$Limit                0x0002cc74   Number         0  main.o(sdh_ble_observers2)
    sdh_ble_observers3$$Base                 0x0002cc74   Number         0  main.o(sdh_ble_observers3)
    sdh_ble_observers3$$Limit                0x0002cc7c   Number         0  main.o(sdh_ble_observers3)
    sdh_soc_observers0$$Base                 0x0002cc7c   Number         0  nrf_drv_clock.o(sdh_soc_observers0)
    sdh_soc_observers0$$Limit                0x0002cc84   Number         0  nrf_drv_clock.o(sdh_soc_observers0)
    sdh_stack_observers0$$Base               0x0002cc84   Number         0  nrf_sdh_ble.o(sdh_stack_observers0)
    sdh_stack_observers0$$Limit              0x0002cc94   Number         0  nrf_sdh_soc.o(sdh_stack_observers0)
    sdh_state_observers0$$Base               0x0002cc94   Number         0  nrf_drv_clock.o(sdh_state_observers0)
    sdh_state_observers0$$Limit              0x0002cc9c   Number         0  nrf_drv_clock.o(sdh_state_observers0)
    Image$$RW_IRAM1$$Base                    0x200029e0   Number         0  anon$$obj.o ABSOLUTE
    nrf_drv_uart_use_easy_dma                0x20002cd8   Data           1  nrf_drv_uart.o(.data)
    __stdout                                 0x20002d50   Data           4  retarget.o(.data)
    SystemCoreClock                          0x20002db4   Data           4  system_nrf52.o(.data)
    nrf_nvic_state                           0x200036d0   Data          12  app_util_platform.o(.bss)
    _SEGGER_RTT                              0x20003ca4   Data         120  segger_rtt.o(.bss)
    __initial_sp                             0x20005f30   Data           0  arm_startup_nrf52.o(STACK)



==============================================================================

Memory Map of the image

  Image Entry point : 0x00026201

  Load Region LR_IROM1 (Base: 0x00026000, Size: 0x00007074, Max: 0x0005a000, ABSOLUTE, COMPRESSED[0x00006ce0])

    Execution Region ER_IROM1 (Exec base: 0x00026000, Load base: 0x00026000, Size: 0x00006c9c, Max: 0x0005a000, ABSOLUTE)

    Exec Addr    Load Addr    Size         Type   Attr      Idx    E Section Name        Object

    0x00026000   0x00026000   0x00000200   Data   RO         4518    RESET               arm_startup_nrf52.o
    0x00026200   0x00026200   0x00000000   Code   RO         4563  * .ARM.Collect$$$$00000000  mc_w.l(entry.o)
    0x00026200   0x00026200   0x00000004   Code   RO         4870    .ARM.Collect$$$$00000001  mc_w.l(entry2.o)
    0x00026204   0x00026204   0x00000004   Code   RO         4873    .ARM.Collect$$$$00000004  mc_w.l(entry5.o)
    0x00026208   0x00026208   0x00000000   Code   RO         4875    .ARM.Collect$$$$00000008  mc_w.l(entry7b.o)
    0x00026208   0x00026208   0x00000000   Code   RO         4877    .ARM.Collect$$$$0000000A  mc_w.l(entry8b.o)
    0x00026208   0x00026208   0x00000008   Code   RO         4878    .ARM.Collect$$$$0000000B  mc_w.l(entry9a.o)
    0x00026210   0x00026210   0x00000000   Code   RO         4880    .ARM.Collect$$$$0000000D  mc_w.l(entry10a.o)
    0x00026210   0x00026210   0x00000000   Code   RO         4882    .ARM.Collect$$$$0000000F  mc_w.l(entry11a.o)
    0x00026210   0x00026210   0x00000004   Code   RO         4871    .ARM.Collect$$$$00002712  mc_w.l(entry2.o)
    0x00026214   0x00026214   0x0000001a   Code   RO         2481    .emb_text           app_error_handler_keil.o
    0x0002622e   0x0002622e   0x00000002   PAD
    0x00026230   0x00026230   0x000000e2   Code   RO         3099    .emb_text           nrf_atomic.o
    0x00026312   0x00026312   0x00000002   PAD
    0x00026314   0x00026314   0x00000024   Code   RO         4519    .text               arm_startup_nrf52.o
    0x00026338   0x00026338   0x00000062   Code   RO         4566    .text               mc_w.l(uldiv.o)
    0x0002639a   0x0002639a   0x0000001e   Code   RO         4568    .text               mc_w.l(llshl.o)
    0x000263b8   0x000263b8   0x00000008   Code   RO         4570    .text               mc_w.l(ctype_o.o)
    0x000263c0   0x000263c0   0x00000024   Code   RO         4598    .text               mc_w.l(memcpya.o)
    0x000263e4   0x000263e4   0x00000024   Code   RO         4600    .text               mc_w.l(memseta.o)
    0x00026408   0x00026408   0x0000000e   Code   RO         4602    .text               mc_w.l(strlen.o)
    0x00026416   0x00026416   0x0000001a   Code   RO         4604    .text               mc_w.l(memcmp.o)
    0x00026430   0x00026430   0x00000012   Code   RO         4606    .text               mc_w.l(strcpy.o)
    0x00026442   0x00026442   0x00000020   Code   RO         4886    .text               mc_w.l(llushr.o)
    0x00026462   0x00026462   0x00000002   PAD
    0x00026464   0x00026464   0x00000024   Code   RO         4899    .text               mc_w.l(init.o)
    0x00026488   0x00026488   0x00000056   Code   RO         4913    .text               mc_w.l(__dczerorl2.o)
    0x000264de   0x000264de   0x00000002   PAD
    0x000264e0   0x000264e0   0x00000164   Code   RO         1680    i.GPIOTE_IRQHandler  nrfx_gpiote.o
    0x00026644   0x00026644   0x00000016   Code   RO         2657    i.NVIC_ClearPendingIRQ  app_timer.o
    0x0002665a   0x0002665a   0x00000016   Code   RO         2658    i.NVIC_EnableIRQ    app_timer.o
    0x00026670   0x00026670   0x00000016   Code   RO         2659    i.NVIC_SetPendingIRQ  app_timer.o
    0x00026686   0x00026686   0x00000020   Code   RO         2660    i.NVIC_SetPriority  app_timer.o
    0x000266a6   0x000266a6   0x00000002   PAD
    0x000266a8   0x000266a8   0x00000058   Code   RO         1545    i.POWER_CLOCK_IRQHandler  nrfx_clock.o
    0x00026700   0x00026700   0x00000024   Code   RO         2661    i.RTC1_IRQHandler   app_timer.o
    0x00026724   0x00026724   0x00000004   Code   RO         4058    i.SEGGER_RTT_Init   segger_rtt.o
    0x00026728   0x00026728   0x0000005c   Code   RO         4072    i.SEGGER_RTT_WriteNoLock  segger_rtt.o
    0x00026784   0x00026784   0x00000004   Code   RO         2662    i.SWI0_EGU0_IRQHandler  app_timer.o
    0x00026788   0x00026788   0x00000004   Code   RO         4309    i.SWI2_EGU2_IRQHandler  nrf_sdh.o
    0x0002678c   0x0002678c   0x0000031c   Code   RO         4527    i.SystemInit        system_nrf52.o
    0x00026aa8   0x00026aa8   0x0000000c   Code   RO         1982    i.UARTE0_UART0_IRQHandler  nrfx_prs.o
    0x00026ab4   0x00026ab4   0x00000068   Code   RO         4076    i._DoInit           segger_rtt.o
    0x00026b1c   0x00026b1c   0x00000016   Code   RO         4077    i._GetAvailWriteSpace  segger_rtt.o
    0x00026b32   0x00026b32   0x0000005a   Code   RO         4079    i._WriteBlocking    segger_rtt.o
    0x00026b8c   0x00026b8c   0x00000042   Code   RO         4080    i._WriteNoCheck     segger_rtt.o
    0x00026bce   0x00026bce   0x00000002   PAD
    0x00026bd0   0x00026bd0   0x00000010   Code   RO         4611    i.__0printf$bare    mc_w.l(printfb.o)
    0x00026be0   0x00026be0   0x0000000e   Code   RO         4907    i.__scatterload_copy  mc_w.l(handlers.o)
    0x00026bee   0x00026bee   0x00000002   Code   RO         4908    i.__scatterload_null  mc_w.l(handlers.o)
    0x00026bf0   0x00026bf0   0x0000000e   Code   RO         4909    i.__scatterload_zeroinit  mc_w.l(handlers.o)
    0x00026bfe   0x00026bfe   0x00000002   PAD
    0x00026c00   0x00026c00   0x00000024   Code   RO         4310    i.__sd_nvic_app_accessible_irq  nrf_sdh.o
    0x00026c24   0x00026c24   0x00000022   Code   RO         4618    i._printf_core      mc_w.l(printfb.o)
    0x00026c46   0x00026c46   0x00000036   Code   RO          633    i.advertising_buttons_configure  bsp_btn_ble.o
    0x00026c7c   0x00026c7c   0x00000006   Code   RO          516    i.alert_timer_handler  bsp.o
    0x00026c82   0x00026c82   0x00000002   PAD
    0x00026c84   0x00026c84   0x00000024   Code   RO         2383    i.app_button_enable  app_button.o
    0x00026ca8   0x00026ca8   0x00000078   Code   RO         2384    i.app_button_init   app_button.o
    0x00026d20   0x00026d20   0x00000164   Code   RO         2503    i.app_error_fault_handler  app_error_weak.o
    0x00026e84   0x00026e84   0x00000064   Code   RO         2448    i.app_error_save_and_stop  app_error.o
    0x00026ee8   0x00026ee8   0x00000016   Code   RO         2534    i.app_fifo_get      app_fifo.o
    0x00026efe   0x00026efe   0x00000020   Code   RO         2535    i.app_fifo_init     app_fifo.o
    0x00026f1e   0x00026f1e   0x0000001a   Code   RO         2537    i.app_fifo_put      app_fifo.o
    0x00026f38   0x00026f38   0x00000028   Code   RO         2665    i.app_timer_create  app_timer.o
    0x00026f60   0x00026f60   0x00000054   Code   RO         2666    i.app_timer_init    app_timer.o
    0x00026fb4   0x00026fb4   0x00000088   Code   RO         2669    i.app_timer_start   app_timer.o
    0x0002703c   0x0002703c   0x00000020   Code   RO         2670    i.app_timer_stop    app_timer.o
    0x0002705c   0x0002705c   0x00000074   Code   RO         2832    i.app_uart_get      app_uart_fifo.o
    0x000270d0   0x000270d0   0x000000a4   Code   RO         2833    i.app_uart_init     app_uart_fifo.o
    0x00027174   0x00027174   0x00000054   Code   RO         2834    i.app_uart_put      app_uart_fifo.o
    0x000271c8   0x000271c8   0x00000048   Code   RO         2913    i.app_util_critical_region_enter  app_util_platform.o
    0x00027210   0x00027210   0x00000034   Code   RO         2914    i.app_util_critical_region_exit  app_util_platform.o
    0x00027244   0x00027244   0x00000088   Code   RO         2036    i.apply_config      nrfx_uart.o
    0x000272cc   0x000272cc   0x00000088   Code   RO         2227    i.apply_config      nrfx_uarte.o
    0x00027354   0x00027354   0x00000038   Code   RO          740    i.ble_advdata_search  ble_advdata.o
    0x0002738c   0x0002738c   0x000000b6   Code   RO          742    i.ble_advdata_uuid_find  ble_advdata.o
    0x00027442   0x00027442   0x00000002   PAD
    0x00027444   0x00027444   0x00000040   Code   RO          853    i.ble_db_discovery_evt_register  ble_db_discovery.o
    0x00027484   0x00027484   0x0000001c   Code   RO          854    i.ble_db_discovery_init  ble_db_discovery.o
    0x000274a0   0x000274a0   0x00000090   Code   RO          855    i.ble_db_discovery_on_ble_evt  ble_db_discovery.o
    0x00027530   0x00027530   0x00000028   Code   RO          856    i.ble_db_discovery_start  ble_db_discovery.o
    0x00027558   0x00027558   0x00000170   Code   RO            5    i.ble_evt_handler   main.o
    0x000276c8   0x000276c8   0x00000070   Code   RO          634    i.ble_evt_handler   bsp_btn_ble.o
    0x00027738   0x00027738   0x000000e8   Code   RO            6    i.ble_nus_c_evt_handler  main.o
    0x00027820   0x00027820   0x0000001a   Code   RO         1263    i.ble_nus_c_handles_assign  ble_nus_c.o
    0x0002783a   0x0002783a   0x00000002   PAD
    0x0002783c   0x0002783c   0x0000004c   Code   RO         1264    i.ble_nus_c_init    ble_nus_c.o
    0x00027888   0x00027888   0x0000006c   Code   RO         1265    i.ble_nus_c_on_ble_evt  ble_nus_c.o
    0x000278f4   0x000278f4   0x00000080   Code   RO         1266    i.ble_nus_c_on_db_disc_evt  ble_nus_c.o
    0x00027974   0x00027974   0x00000094   Code   RO         1267    i.ble_nus_c_string_send  ble_nus_c.o
    0x00027a08   0x00027a08   0x00000048   Code   RO         1268    i.ble_nus_c_tx_notif_enable  ble_nus_c.o
    0x00027a50   0x00027a50   0x000000f4   Code   RO            7    i.ble_nus_chars_received_uart_print  main.o
    0x00027b44   0x00027b44   0x00000044   Code   RO            8    i.ble_stack_init    main.o
    0x00027b88   0x00027b88   0x0000000c   Code   RO          383    i.bsp_board_button_idx_to_pin  boards.o
    0x00027b94   0x00027b94   0x00000020   Code   RO          384    i.bsp_board_button_state_get  boards.o
    0x00027bb4   0x00027bb4   0x00000054   Code   RO          385    i.bsp_board_init    boards.o
    0x00027c08   0x00027c08   0x00000024   Code   RO          387    i.bsp_board_led_invert  boards.o
    0x00027c2c   0x00027c2c   0x00000010   Code   RO          388    i.bsp_board_led_off  boards.o
    0x00027c3c   0x00027c3c   0x00000010   Code   RO          389    i.bsp_board_led_on  boards.o
    0x00027c4c   0x00027c4c   0x00000020   Code   RO          390    i.bsp_board_led_state_get  boards.o
    0x00027c6c   0x00027c6c   0x00000012   Code   RO          391    i.bsp_board_leds_off  boards.o
    0x00027c7e   0x00027c7e   0x00000012   Code   RO          392    i.bsp_board_leds_on  boards.o
    0x00027c90   0x00027c90   0x00000024   Code   RO          393    i.bsp_board_pin_to_button_idx  boards.o
    0x00027cb4   0x00027cb4   0x00000038   Code   RO          635    i.bsp_btn_ble_init  bsp_btn_ble.o
    0x00027cec   0x00027cec   0x0000001e   Code   RO          636    i.bsp_btn_ble_sleep_mode_prepare  bsp_btn_ble.o
    0x00027d0a   0x00027d0a   0x00000002   PAD
    0x00027d0c   0x00027d0c   0x00000090   Code   RO          517    i.bsp_button_event_handler  bsp.o
    0x00027d9c   0x00027d9c   0x0000000c   Code   RO          518    i.bsp_button_is_pressed  bsp.o
    0x00027da8   0x00027da8   0x00000040   Code   RO            9    i.bsp_event_handler  main.o
    0x00027de8   0x00027de8   0x00000044   Code   RO          521    i.bsp_event_to_button_action_assign  bsp.o
    0x00027e2c   0x00027e2c   0x00000018   Code   RO          522    i.bsp_indication_set  bsp.o
    0x00027e44   0x00027e44   0x00000094   Code   RO          523    i.bsp_init          bsp.o
    0x00027ed8   0x00027ed8   0x000001c8   Code   RO          524    i.bsp_led_indication  bsp.o
    0x000280a0   0x000280a0   0x00000006   Code   RO          526    i.bsp_wakeup_button_enable  bsp.o
    0x000280a6   0x000280a6   0x00000002   PAD
    0x000280a8   0x000280a8   0x00000090   Code   RO         3813    i.buf_prealloc      nrf_log_frontend.o
    0x00028138   0x00028138   0x0000001e   Code   RO         3314    i.buffer_add        nrf_fprintf_format.o
    0x00028156   0x00028156   0x00000002   PAD
    0x00028158   0x00028158   0x00000014   Code   RO         3814    i.buffer_is_empty   nrf_log_frontend.o
    0x0002816c   0x0002816c   0x00000008   Code   RO          527    i.button_timer_handler  bsp.o
    0x00028174   0x00028174   0x0000001c   Code   RO         1681    i.channel_free      nrfx_gpiote.o
    0x00028190   0x00028190   0x00000048   Code   RO         1682    i.channel_port_alloc  nrfx_gpiote.o
    0x000281d8   0x000281d8   0x00000010   Code   RO         1683    i.channel_port_get  nrfx_gpiote.o
    0x000281e8   0x000281e8   0x00000042   Code   RO          857    i.characteristics_discover  ble_db_discovery.o
    0x0002822a   0x0002822a   0x00000002   PAD
    0x0002822c   0x0002822c   0x00000028   Code   RO         1344    i.clock_clk_started_notify  nrf_drv_clock.o
    0x00028254   0x00028254   0x0000001c   Code   RO         1345    i.clock_irq_handler  nrf_drv_clock.o
    0x00028270   0x00028270   0x000000ac   Code   RO         2672    i.compare_reg_update  app_timer.o
    0x0002831c   0x0002831c   0x000000c0   Code   RO         1038    i.data_length_update  nrf_ble_gatt.o
    0x000283dc   0x000283dc   0x0000000c   Code   RO           10    i.db_disc_handler   main.o
    0x000283e8   0x000283e8   0x0000008c   Code   RO          858    i.descriptors_discover  ble_db_discovery.o
    0x00028474   0x00028474   0x00000098   Code   RO         2386    i.detection_delay_timeout_handler  app_button.o
    0x0002850c   0x0002850c   0x00000090   Code   RO          859    i.discovery_complete_evt_trigger  ble_db_discovery.o
    0x0002859c   0x0002859c   0x0000003c   Code   RO          860    i.discovery_error_evt_trigger  ble_db_discovery.o
    0x000285d8   0x000285d8   0x0000005c   Code   RO          861    i.discovery_start   ble_db_discovery.o
    0x00028634   0x00028634   0x00000014   Code   RO         3815    i.dropped_sat16_get  nrf_log_frontend.o
    0x00028648   0x00028648   0x00000040   Code   RO         2673    i.elapsed_ticks_acquire  app_timer.o
    0x00028688   0x00028688   0x00000014   Code   RO         2540    i.fifo_get          app_fifo.o
    0x0002869c   0x0002869c   0x00000012   Code   RO         2541    i.fifo_put          app_fifo.o
    0x000286ae   0x000286ae   0x0000000e   Code   RO         3637    i.fputc             retarget.o
    0x000286bc   0x000286bc   0x00000090   Code   RO           11    i.gatt_evt_handler  main.o
    0x0002874c   0x0002874c   0x0000004c   Code   RO           12    i.gatt_init         main.o
    0x00028798   0x00028798   0x00000084   Code   RO         2387    i.gpiote_event_handler  app_button.o
    0x0002881c   0x0002881c   0x000000a6   Code   RO         3315    i.int_print         nrf_fprintf_format.o
    0x000288c2   0x000288c2   0x00000002   PAD
    0x000288c4   0x000288c4   0x00000080   Code   RO         2228    i.interrupts_enable  nrfx_uarte.o
    0x00028944   0x00028944   0x00000034   Code   RO         3816    i.invalid_packets_omit  nrf_log_frontend.o
    0x00028978   0x00028978   0x0000004c   Code   RO          862    i.is_desc_discovery_reqd  ble_db_discovery.o
    0x000289c4   0x000289c4   0x00000016   Code   RO         1140    i.is_whitelist_used  nrf_ble_scan.o
    0x000289da   0x000289da   0x00000002   PAD
    0x000289dc   0x000289dc   0x00000030   Code   RO          528    i.leds_off          bsp.o
    0x00028a0c   0x00028a0c   0x00000014   Code   RO          529    i.leds_timer_handler  bsp.o
    0x00028a20   0x00028a20   0x00000018   Code   RO         1039    i.link_init         nrf_ble_gatt.o
    0x00028a38   0x00028a38   0x000000f8   Code   RO         2674    i.list_insertions_handler  app_timer.o
    0x00028b30   0x00028b30   0x0000009c   Code   RO         3817    i.log_skip          nrf_log_frontend.o
    0x00028bcc   0x00028bcc   0x0000017c   Code   RO           13    i.main              main.o
    0x00028d48   0x00028d48   0x0000007e   Code   RO         3354    i.memobj_op         nrf_memobj.o
    0x00028dc6   0x00028dc6   0x00000002   PAD
    0x00028dc8   0x00028dc8   0x00000030   Code   RO         3818    i.module_idx_get    nrf_log_frontend.o
    0x00028df8   0x00028df8   0x00000006   Code   RO         3101    i.nrf_atomic_flag_clear_fetch  nrf_atomic.o
    0x00028dfe   0x00028dfe   0x00000006   Code   RO         3102    i.nrf_atomic_flag_set  nrf_atomic.o
    0x00028e04   0x00028e04   0x0000000c   Code   RO         3104    i.nrf_atomic_u32_add  nrf_atomic.o
    0x00028e10   0x00028e10   0x0000000a   Code   RO         3108    i.nrf_atomic_u32_fetch_and  nrf_atomic.o
    0x00028e1a   0x00028e1a   0x0000000a   Code   RO         3110    i.nrf_atomic_u32_fetch_store  nrf_atomic.o
    0x00028e24   0x00028e24   0x0000000c   Code   RO         3114    i.nrf_atomic_u32_or  nrf_atomic.o
    0x00028e30   0x00028e30   0x0000000c   Code   RO         3116    i.nrf_atomic_u32_sub  nrf_atomic.o
    0x00028e3c   0x00028e3c   0x00000044   Code   RO         3238    i.nrf_balloc_alloc  nrf_balloc.o
    0x00028e80   0x00028e80   0x00000030   Code   RO         3239    i.nrf_balloc_free   nrf_balloc.o
    0x00028eb0   0x00028eb0   0x00000030   Code   RO         3240    i.nrf_balloc_init   nrf_balloc.o
    0x00028ee0   0x00028ee0   0x00000010   Code   RO         1684    i.nrf_bitmask_bit_is_set  nrfx_gpiote.o
    0x00028ef0   0x00028ef0   0x00000014   Code   RO         1685    i.nrf_bitmask_bit_set  nrfx_gpiote.o
    0x00028f04   0x00028f04   0x00000018   Code   RO         1040    i.nrf_ble_gatt_att_mtu_central_set  nrf_ble_gatt.o
    0x00028f1c   0x00028f1c   0x00000022   Code   RO         1045    i.nrf_ble_gatt_init  nrf_ble_gatt.o
    0x00028f3e   0x00028f3e   0x00000002   PAD
    0x00028f40   0x00028f40   0x00000150   Code   RO         1046    i.nrf_ble_gatt_on_ble_evt  nrf_ble_gatt.o
    0x00029090   0x00029090   0x0000004c   Code   RO         1142    i.nrf_ble_scan_connect_with_target  nrf_ble_scan.o
    0x000290dc   0x000290dc   0x00000014   Code   RO         1144    i.nrf_ble_scan_default_conn_param_set  nrf_ble_scan.o
    0x000290f0   0x000290f0   0x0000001e   Code   RO         1145    i.nrf_ble_scan_default_param_set  nrf_ble_scan.o
    0x0002910e   0x0002910e   0x00000042   Code   RO         1147    i.nrf_ble_scan_filter_set  nrf_ble_scan.o
    0x00029150   0x00029150   0x0000000e   Code   RO         1148    i.nrf_ble_scan_filters_disable  nrf_ble_scan.o
    0x0002915e   0x0002915e   0x00000036   Code   RO         1149    i.nrf_ble_scan_filters_enable  nrf_ble_scan.o
    0x00029194   0x00029194   0x0000006a   Code   RO         1150    i.nrf_ble_scan_init  nrf_ble_scan.o
    0x000291fe   0x000291fe   0x000000fc   Code   RO         1151    i.nrf_ble_scan_on_adv_report  nrf_ble_scan.o
    0x000292fa   0x000292fa   0x000000ae   Code   RO         1152    i.nrf_ble_scan_on_ble_evt  nrf_ble_scan.o
    0x000293a8   0x000293a8   0x00000088   Code   RO         1154    i.nrf_ble_scan_start  nrf_ble_scan.o
    0x00029430   0x00029430   0x0000000e   Code   RO         1546    i.nrf_clock_event_check  nrfx_clock.o
    0x0002943e   0x0002943e   0x00000010   Code   RO         1547    i.nrf_clock_event_clear  nrfx_clock.o
    0x0002944e   0x0002944e   0x00000002   PAD
    0x00029450   0x00029450   0x00000038   Code   RO         1352    i.nrf_drv_clock_init  nrf_drv_clock.o
    0x00029488   0x00029488   0x00000030   Code   RO         1356    i.nrf_drv_clock_lfclk_release  nrf_drv_clock.o
    0x000294b8   0x000294b8   0x00000068   Code   RO         1493    i.nrf_drv_uart_init  nrf_drv_uart.o
    0x00029520   0x00029520   0x00000020   Code   RO         2835    i.nrf_drv_uart_rx   app_uart_fifo.o
    0x00029540   0x00029540   0x00000020   Code   RO         2836    i.nrf_drv_uart_tx   app_uart_fifo.o
    0x00029560   0x00029560   0x0000001a   Code   RO         3275    i.nrf_fprintf       nrf_fprintf.o
    0x0002957a   0x0002957a   0x00000018   Code   RO         3276    i.nrf_fprintf_buffer_flush  nrf_fprintf.o
    0x00029592   0x00029592   0x000001da   Code   RO         3316    i.nrf_fprintf_fmt   nrf_fprintf_format.o
    0x0002976c   0x0002976c   0x00000024   Code   RO          395    i.nrf_gpio_cfg      boards.o
    0x00029790   0x00029790   0x00000024   Code   RO         1686    i.nrf_gpio_cfg      nrfx_gpiote.o
    0x000297b4   0x000297b4   0x00000024   Code   RO         2037    i.nrf_gpio_cfg      nrfx_uart.o
    0x000297d8   0x000297d8   0x00000024   Code   RO         2229    i.nrf_gpio_cfg      nrfx_uarte.o
    0x000297fc   0x000297fc   0x00000012   Code   RO         2039    i.nrf_gpio_cfg_input  nrfx_uart.o
    0x0002980e   0x0002980e   0x00000012   Code   RO         2231    i.nrf_gpio_cfg_input  nrfx_uarte.o
    0x00029820   0x00029820   0x00000014   Code   RO         2040    i.nrf_gpio_cfg_output  nrfx_uart.o
    0x00029834   0x00029834   0x00000014   Code   RO         2232    i.nrf_gpio_cfg_output  nrfx_uarte.o
    0x00029848   0x00029848   0x00000022   Code   RO         1688    i.nrf_gpio_cfg_sense_set  nrfx_gpiote.o
    0x0002986a   0x0002986a   0x00000016   Code   RO          396    i.nrf_gpio_pin_write  boards.o
    0x00029880   0x00029880   0x00000028   Code   RO         1689    i.nrf_gpio_ports_read  nrfx_gpiote.o
    0x000298a8   0x000298a8   0x00000014   Code   RO         1690    i.nrf_gpiote_event_clear  nrfx_gpiote.o
    0x000298bc   0x000298bc   0x00000010   Code   RO         1691    i.nrf_gpiote_event_is_set  nrfx_gpiote.o
    0x000298cc   0x000298cc   0x0000005c   Code   RO         3819    i.nrf_log_backend_add  nrf_log_frontend.o
    0x00029928   0x00029928   0x00000002   Code   RO         3674    i.nrf_log_backend_rtt_flush  nrf_log_backend_rtt.o
    0x0002992a   0x0002992a   0x00000004   Code   RO         3675    i.nrf_log_backend_rtt_init  nrf_log_backend_rtt.o
    0x0002992e   0x0002992e   0x00000002   Code   RO         3676    i.nrf_log_backend_rtt_panic_set  nrf_log_backend_rtt.o
    0x00029930   0x00029930   0x00000018   Code   RO         3677    i.nrf_log_backend_rtt_put  nrf_log_backend_rtt.o
    0x00029948   0x00029948   0x000000c8   Code   RO         3743    i.nrf_log_backend_serial_put  nrf_log_backend_serial.o
    0x00029a10   0x00029a10   0x00000030   Code   RO         3821    i.nrf_log_color_id_get  nrf_log_frontend.o
    0x00029a40   0x00029a40   0x0000001c   Code   RO         3777    i.nrf_log_default_backends_init  nrf_log_default_backends.o
    0x00029a5c   0x00029a5c   0x00000234   Code   RO         3822    i.nrf_log_frontend_dequeue  nrf_log_frontend.o
    0x00029c90   0x00029c90   0x00000008   Code   RO         3824    i.nrf_log_frontend_std_0  nrf_log_frontend.o
    0x00029c98   0x00029c98   0x0000000e   Code   RO         3825    i.nrf_log_frontend_std_1  nrf_log_frontend.o
    0x00029ca6   0x00029ca6   0x00000010   Code   RO         3826    i.nrf_log_frontend_std_2  nrf_log_frontend.o
    0x00029cb6   0x00029cb6   0x0000001c   Code   RO         3829    i.nrf_log_frontend_std_5  nrf_log_frontend.o
    0x00029cd2   0x00029cd2   0x0000001c   Code   RO         3830    i.nrf_log_frontend_std_6  nrf_log_frontend.o
    0x00029cee   0x00029cee   0x00000002   PAD
    0x00029cf0   0x00029cf0   0x000000ac   Code   RO         3999    i.nrf_log_hexdump_entry_process  nrf_log_str_formatter.o
    0x00029d9c   0x00029d9c   0x0000003c   Code   RO         3831    i.nrf_log_init      nrf_log_frontend.o
    0x00029dd8   0x00029dd8   0x00000014   Code   RO         3832    i.nrf_log_module_cnt_get  nrf_log_frontend.o
    0x00029dec   0x00029dec   0x0000001c   Code   RO         3835    i.nrf_log_module_name_get  nrf_log_frontend.o
    0x00029e08   0x00029e08   0x0000002c   Code   RO         3836    i.nrf_log_panic     nrf_log_frontend.o
    0x00029e34   0x00029e34   0x000000b6   Code   RO         4000    i.nrf_log_std_entry_process  nrf_log_str_formatter.o
    0x00029eea   0x00029eea   0x00000060   Code   RO         3355    i.nrf_memobj_alloc  nrf_memobj.o
    0x00029f4a   0x00029f4a   0x00000032   Code   RO         3356    i.nrf_memobj_free   nrf_memobj.o
    0x00029f7c   0x00029f7c   0x00000008   Code   RO         3357    i.nrf_memobj_get    nrf_memobj.o
    0x00029f84   0x00029f84   0x00000004   Code   RO         3358    i.nrf_memobj_pool_init  nrf_memobj.o
    0x00029f88   0x00029f88   0x0000001e   Code   RO         3359    i.nrf_memobj_put    nrf_memobj.o
    0x00029fa6   0x00029fa6   0x00000010   Code   RO         3360    i.nrf_memobj_read   nrf_memobj.o
    0x00029fb6   0x00029fb6   0x00000010   Code   RO         3361    i.nrf_memobj_write  nrf_memobj.o
    0x00029fc6   0x00029fc6   0x00000002   PAD
    0x00029fc8   0x00029fc8   0x00000028   Code   RO         3433    i.nrf_pwr_mgmt_init  nrf_pwr_mgmt.o
    0x00029ff0   0x00029ff0   0x00000044   Code   RO         3434    i.nrf_pwr_mgmt_run  nrf_pwr_mgmt.o
    0x0002a034   0x0002a034   0x0000003c   Code   RO         3435    i.nrf_pwr_mgmt_shutdown  nrf_pwr_mgmt.o
    0x0002a070   0x0002a070   0x0000001c   Code   RO         3510    i.nrf_ringbuf_init  nrf_ringbuf.o
    0x0002a08c   0x0002a08c   0x00000014   Code   RO         4430    i.nrf_sdh_ble_app_ram_start_get  nrf_sdh_ble.o
    0x0002a0a0   0x0002a0a0   0x00000130   Code   RO         4431    i.nrf_sdh_ble_default_cfg_set  nrf_sdh_ble.o
    0x0002a1d0   0x0002a1d0   0x00000130   Code   RO         4432    i.nrf_sdh_ble_enable  nrf_sdh_ble.o
    0x0002a300   0x0002a300   0x000000a8   Code   RO         4433    i.nrf_sdh_ble_evts_poll  nrf_sdh_ble.o
    0x0002a3a8   0x0002a3a8   0x00000074   Code   RO         4312    i.nrf_sdh_enable_request  nrf_sdh.o
    0x0002a41c   0x0002a41c   0x00000024   Code   RO         4313    i.nrf_sdh_evts_poll  nrf_sdh.o
    0x0002a440   0x0002a440   0x0000000c   Code   RO         4314    i.nrf_sdh_is_enabled  nrf_sdh.o
    0x0002a44c   0x0002a44c   0x00000080   Code   RO         4484    i.nrf_sdh_soc_evts_poll  nrf_sdh_soc.o
    0x0002a4cc   0x0002a4cc   0x0000000a   Code   RO         3568    i.nrf_section_iter_init  nrf_section_iter.o
    0x0002a4d6   0x0002a4d6   0x00000024   Code   RO         3569    i.nrf_section_iter_item_set  nrf_section_iter.o
    0x0002a4fa   0x0002a4fa   0x00000020   Code   RO         3570    i.nrf_section_iter_next  nrf_section_iter.o
    0x0002a51a   0x0002a51a   0x00000002   PAD
    0x0002a51c   0x0002a51c   0x00000038   Code   RO         3603    i.nrf_strerror_find  nrf_strerror.o
    0x0002a554   0x0002a554   0x00000014   Code   RO         3604    i.nrf_strerror_get  nrf_strerror.o
    0x0002a568   0x0002a568   0x0000000a   Code   RO         2041    i.nrf_uart_event_check  nrfx_uart.o
    0x0002a572   0x0002a572   0x0000000c   Code   RO         2042    i.nrf_uart_event_clear  nrfx_uart.o
    0x0002a57e   0x0002a57e   0x0000000c   Code   RO         2043    i.nrf_uart_int_enable_check  nrfx_uart.o
    0x0002a58a   0x0002a58a   0x0000000a   Code   RO         2233    i.nrf_uarte_event_check  nrfx_uarte.o
    0x0002a594   0x0002a594   0x0000000c   Code   RO         2234    i.nrf_uarte_event_clear  nrfx_uarte.o
    0x0002a5a0   0x0002a5a0   0x00000030   Code   RO         1552    i.nrfx_clock_enable  nrfx_clock.o
    0x0002a5d0   0x0002a5d0   0x00000020   Code   RO         1555    i.nrfx_clock_init   nrfx_clock.o
    0x0002a5f0   0x0002a5f0   0x0000001c   Code   RO         1558    i.nrfx_clock_lfclk_stop  nrfx_clock.o
    0x0002a60c   0x0002a60c   0x00000010   Code   RO         2675    i.nrfx_coredep_delay_us  app_timer.o
    0x0002a61c   0x0002a61c   0x000000a4   Code   RO         1696    i.nrfx_gpiote_in_event_enable  nrfx_gpiote.o
    0x0002a6c0   0x0002a6c0   0x000000d0   Code   RO         1697    i.nrfx_gpiote_in_init  nrfx_gpiote.o
    0x0002a790   0x0002a790   0x00000014   Code   RO         1698    i.nrfx_gpiote_in_is_set  nrfx_gpiote.o
    0x0002a7a4   0x0002a7a4   0x00000070   Code   RO         1700    i.nrfx_gpiote_init  nrfx_gpiote.o
    0x0002a814   0x0002a814   0x00000014   Code   RO         1701    i.nrfx_gpiote_is_init  nrfx_gpiote.o
    0x0002a828   0x0002a828   0x00000010   Code   RO         2235    i.nrfx_is_in_ram    nrfx_uarte.o
    0x0002a838   0x0002a838   0x0000003a   Code   RO         1983    i.nrfx_prs_acquire  nrfx_prs.o
    0x0002a872   0x0002a872   0x00000002   PAD
    0x0002a874   0x0002a874   0x00000010   Code   RO         2044    i.nrfx_uart_0_irq_handler  nrfx_uart.o
    0x0002a884   0x0002a884   0x000000d4   Code   RO         2046    i.nrfx_uart_init    nrfx_uart.o
    0x0002a958   0x0002a958   0x000000ec   Code   RO         2047    i.nrfx_uart_rx      nrfx_uart.o
    0x0002aa44   0x0002aa44   0x000000a4   Code   RO         2052    i.nrfx_uart_tx      nrfx_uart.o
    0x0002aae8   0x0002aae8   0x00000020   Code   RO         2054    i.nrfx_uart_tx_in_progress  nrfx_uart.o
    0x0002ab08   0x0002ab08   0x00000010   Code   RO         2236    i.nrfx_uarte_0_irq_handler  nrfx_uarte.o
    0x0002ab18   0x0002ab18   0x0000006c   Code   RO         2238    i.nrfx_uarte_init   nrfx_uarte.o
    0x0002ab84   0x0002ab84   0x00000104   Code   RO         2239    i.nrfx_uarte_rx     nrfx_uarte.o
    0x0002ac88   0x0002ac88   0x00000090   Code   RO         2242    i.nrfx_uarte_tx     nrfx_uarte.o
    0x0002ad18   0x0002ad18   0x0000001c   Code   RO         2244    i.nrfx_uarte_tx_in_progress  nrfx_uarte.o
    0x0002ad34   0x0002ad34   0x00000150   Code   RO          863    i.on_characteristic_discovery_rsp  ble_db_discovery.o
    0x0002ae84   0x0002ae84   0x000000a8   Code   RO         1047    i.on_connected_evt  nrf_ble_gatt.o
    0x0002af2c   0x0002af2c   0x000000f0   Code   RO          864    i.on_descriptor_discovery_rsp  ble_db_discovery.o
    0x0002b01c   0x0002b01c   0x000000ac   Code   RO         1048    i.on_exchange_mtu_request_evt  nrf_ble_gatt.o
    0x0002b0c8   0x0002b0c8   0x0000006c   Code   RO          865    i.on_primary_srv_discovery_rsp  ble_db_discovery.o
    0x0002b134   0x0002b134   0x0000007c   Code   RO          866    i.on_srv_disc_completion  ble_db_discovery.o
    0x0002b1b0   0x0002b1b0   0x00000018   Code   RO         1717    i.pin_in_use_by_port  nrfx_gpiote.o
    0x0002b1c8   0x0002b1c8   0x00000018   Code   RO         1718    i.pin_in_use_by_te  nrfx_gpiote.o
    0x0002b1e0   0x0002b1e0   0x0000003c   Code   RO         4002    i.postfix_process   nrf_log_str_formatter.o
    0x0002b21c   0x0002b21c   0x00000098   Code   RO         4003    i.prefix_process    nrf_log_str_formatter.o
    0x0002b2b4   0x0002b2b4   0x00000018   Code   RO         1985    i.prs_box_get       nrfx_prs.o
    0x0002b2cc   0x0002b2cc   0x00000038   Code   RO          867    i.registered_handler_get  ble_db_discovery.o
    0x0002b304   0x0002b304   0x0000003c   Code   RO         2676    i.rtc1_stop         app_timer.o
    0x0002b340   0x0002b340   0x00000032   Code   RO         2056    i.rx_byte           nrfx_uart.o
    0x0002b372   0x0002b372   0x00000016   Code   RO         2057    i.rx_done_event     nrfx_uart.o
    0x0002b388   0x0002b388   0x00000018   Code   RO         2246    i.rx_done_event     nrfx_uarte.o
    0x0002b3a0   0x0002b3a0   0x00000020   Code   RO         2058    i.rx_enable         nrfx_uart.o
    0x0002b3c0   0x0002b3c0   0x000000b4   Code   RO           14    i.scan_evt_handler  main.o
    0x0002b474   0x0002b474   0x00000068   Code   RO           15    i.scan_init         main.o
    0x0002b4dc   0x0002b4dc   0x00000040   Code   RO           16    i.scan_start        main.o
    0x0002b51c   0x0002b51c   0x00000050   Code   RO         1359    i.sd_state_evt_handler  nrf_drv_clock.o
    0x0002b56c   0x0002b56c   0x00000030   Code   RO         4319    i.sdh_request_observer_notify  nrf_sdh.o
    0x0002b59c   0x0002b59c   0x0000002c   Code   RO         4320    i.sdh_state_observer_notify  nrf_sdh.o
    0x0002b5c8   0x0002b5c8   0x00000050   Code   RO         3678    i.serial_tx         nrf_log_backend_rtt.o
    0x0002b618   0x0002b618   0x0000003c   Code   RO           17    i.shutdown_handler  main.o
    0x0002b654   0x0002b654   0x0000007c   Code   RO         3436    i.shutdown_process  nrf_pwr_mgmt.o
    0x0002b6d0   0x0002b6d0   0x00000018   Code   RO         1360    i.soc_evt_handler   nrf_drv_clock.o
    0x0002b6e8   0x0002b6e8   0x00000098   Code   RO         4322    i.softdevices_evt_irq_enable  nrf_sdh.o
    0x0002b780   0x0002b780   0x0000008c   Code   RO         3838    i.std_n             nrf_log_frontend.o
    0x0002b80c   0x0002b80c   0x00000080   Code   RO         2677    i.timer_list_handler  app_timer.o
    0x0002b88c   0x0002b88c   0x0000003c   Code   RO         2678    i.timer_list_insert  app_timer.o
    0x0002b8c8   0x0002b8c8   0x00000060   Code   RO         2679    i.timer_list_remove  app_timer.o
    0x0002b928   0x0002b928   0x00000048   Code   RO         2680    i.timer_stop_op_schedule  app_timer.o
    0x0002b970   0x0002b970   0x00000074   Code   RO         2681    i.timer_timeouts_check  app_timer.o
    0x0002b9e4   0x0002b9e4   0x00000020   Code   RO         2059    i.tx_byte           nrfx_uart.o
    0x0002ba04   0x0002ba04   0x0000001a   Code   RO         2060    i.tx_done_event     nrfx_uart.o
    0x0002ba1e   0x0002ba1e   0x00000002   PAD
    0x0002ba20   0x0002ba20   0x00000110   Code   RO           18    i.uart_event_handle  main.o
    0x0002bb30   0x0002bb30   0x000000a0   Code   RO         2837    i.uart_event_handler  app_uart_fifo.o
    0x0002bbd0   0x0002bbd0   0x00000030   Code   RO         1494    i.uart_evt_handler  nrf_drv_uart.o
    0x0002bc00   0x0002bc00   0x00000128   Code   RO         2061    i.uart_irq_handler  nrfx_uart.o
    0x0002bd28   0x0002bd28   0x00000030   Code   RO         1495    i.uarte_evt_handler  nrf_drv_uart.o
    0x0002bd58   0x0002bd58   0x000000f4   Code   RO         2247    i.uarte_irq_handler  nrfx_uarte.o
    0x0002be4c   0x0002be4c   0x000000b4   Code   RO         3317    i.unsigned_print    nrf_fprintf_format.o
    0x0002bf00   0x0002bf00   0x00000030   Code   RO         2682    i.user_op_alloc     app_timer.o
    0x0002bf30   0x0002bf30   0x0000003a   Code   RO          530    i.wakeup_button_cfg  bsp.o
    0x0002bf6a   0x0002bf6a   0x00000002   PAD
    0x0002bf6c   0x0002bf6c   0x0000001c   Data   RO           20    .constdata          main.o
    0x0002bf88   0x0002bf88   0x00000008   Data   RO          397    .constdata          boards.o
    0x0002bf90   0x0002bf90   0x0000002c   Data   RO          535    .constdata          bsp.o
    0x0002bfbc   0x0002bfbc   0x0000007c   Data   RO          869    .constdata          ble_db_discovery.o
    0x0002c038   0x0002c038   0x00000016   Data   RO         1049    .constdata          nrf_ble_gatt.o
    0x0002c04e   0x0002c04e   0x00000002   PAD
    0x0002c050   0x0002c050   0x00000028   Data   RO         1269    .constdata          ble_nus_c.o
    0x0002c078   0x0002c078   0x00000004   Data   RO         1720    .constdata          nrfx_gpiote.o
    0x0002c07c   0x0002c07c   0x00000004   Data   RO         2064    .constdata          nrfx_uart.o
    0x0002c080   0x0002c080   0x00000004   Data   RO         2250    .constdata          nrfx_uarte.o
    0x0002c084   0x0002c084   0x00000008   Data   RO         2389    .constdata          app_button.o
    0x0002c08c   0x0002c08c   0x00000004   PAD
    0x0002c090   0x0002c090   0x00000006   Data   RO         2684    .constdata          app_timer.o
    0x0002c096   0x0002c096   0x00000002   PAD
    0x0002c098   0x0002c098   0x00000020   Data   RO         2839    .constdata          app_uart_fifo.o
    0x0002c0b8   0x0002c0b8   0x00000010   Data   RO         3318    .constdata          nrf_fprintf_format.o
    0x0002c0c8   0x0002c0c8   0x00000018   Data   RO         3438    .constdata          nrf_pwr_mgmt.o
    0x0002c0e0   0x0002c0e0   0x0000000c   Data   RO         3439    .constdata          nrf_pwr_mgmt.o
    0x0002c0ec   0x0002c0ec   0x0000013c   Data   RO         3605    .constdata          nrf_strerror.o
    0x0002c228   0x0002c228   0x0000000c   Data   RO         3680    .constdata          nrf_log_backend_rtt.o
    0x0002c234   0x0002c234   0x0000000c   PAD
    0x0002c240   0x0002c240   0x00000006   Data   RO         3681    .constdata          nrf_log_backend_rtt.o
    0x0002c246   0x0002c246   0x00000002   PAD
    0x0002c248   0x0002c248   0x0000000c   Data   RO         3843    .constdata          nrf_log_frontend.o
    0x0002c254   0x0002c254   0x00000010   Data   RO         4323    .constdata          nrf_sdh.o
    0x0002c264   0x0002c264   0x00000028   Data   RO         4324    .constdata          nrf_sdh.o
    0x0002c28c   0x0002c28c   0x00000010   Data   RO         4325    .constdata          nrf_sdh.o
    0x0002c29c   0x0002c29c   0x00000010   Data   RO         4326    .constdata          nrf_sdh.o
    0x0002c2ac   0x0002c2ac   0x00000020   Data   RO         4434    .constdata          nrf_sdh_ble.o
    0x0002c2cc   0x0002c2cc   0x00000010   Data   RO         4435    .constdata          nrf_sdh_ble.o
    0x0002c2dc   0x0002c2dc   0x00000010   Data   RO         4485    .constdata          nrf_sdh_soc.o
    0x0002c2ec   0x0002c2ec   0x0000000c   Data   RO         4486    .constdata          nrf_sdh_soc.o
    0x0002c2f8   0x0002c2f8   0x00000081   Data   RO         4571    .constdata          mc_w.l(ctype_o.o)
    0x0002c379   0x0002c379   0x00000003   PAD
    0x0002c37c   0x0002c37c   0x00000004   Data   RO         4572    .constdata          mc_w.l(ctype_o.o)
    0x0002c380   0x0002c380   0x000000a2   Data   RO          870    .conststring        ble_db_discovery.o
    0x0002c422   0x0002c422   0x00000002   PAD
    0x0002c424   0x0002c424   0x000000a2   Data   RO         1050    .conststring        nrf_ble_gatt.o
    0x0002c4c6   0x0002c4c6   0x00000002   PAD
    0x0002c4c8   0x0002c4c8   0x000003eb   Data   RO         3606    .conststring        nrf_strerror.o
    0x0002c8b3   0x0002c8b3   0x00000001   PAD
    0x0002c8b4   0x0002c8b4   0x00000066   Data   RO         4004    .conststring        nrf_log_str_formatter.o
    0x0002c91a   0x0002c91a   0x00000002   PAD
    0x0002c91c   0x0002c91c   0x000001cf   Data   RO         4436    .conststring        nrf_sdh_ble.o
    0x0002caeb   0x0002caeb   0x00000001   PAD
    0x0002caec   0x0002caec   0x0000000c   Data   RO          871    .conststrlit        ble_db_discovery.o
    0x0002caf8   0x0002caf8   0x0000000d   Data   RO         1051    .conststrlit        nrf_ble_gatt.o
    0x0002cb05   0x0002cb05   0x00000003   PAD
    0x0002cb08   0x0002cb08   0x00000009   Data   RO         1156    .conststrlit        nrf_ble_scan.o
    0x0002cb11   0x0002cb11   0x00000003   PAD
    0x0002cb14   0x0002cb14   0x0000000a   Data   RO         1270    .conststrlit        ble_nus_c.o
    0x0002cb1e   0x0002cb1e   0x00000002   PAD
    0x0002cb20   0x0002cb20   0x00000006   Data   RO         1366    .conststrlit        nrf_drv_clock.o
    0x0002cb26   0x0002cb26   0x00000002   PAD
    0x0002cb28   0x0002cb28   0x00000006   Data   RO         1562    .conststrlit        nrfx_clock.o
    0x0002cb2e   0x0002cb2e   0x00000002   PAD
    0x0002cb30   0x0002cb30   0x00000007   Data   RO         1724    .conststrlit        nrfx_gpiote.o
    0x0002cb37   0x0002cb37   0x00000001   PAD
    0x0002cb38   0x0002cb38   0x00000004   Data   RO         1987    .conststrlit        nrfx_prs.o
    0x0002cb3c   0x0002cb3c   0x00000005   Data   RO         2067    .conststrlit        nrfx_uart.o
    0x0002cb41   0x0002cb41   0x00000003   PAD
    0x0002cb44   0x0002cb44   0x00000006   Data   RO         2253    .conststrlit        nrfx_uarte.o
    0x0002cb4a   0x0002cb4a   0x00000002   PAD
    0x0002cb4c   0x0002cb4c   0x00000009   Data   RO         3440    .conststrlit        nrf_pwr_mgmt.o
    0x0002cb55   0x0002cb55   0x00000003   PAD
    0x0002cb58   0x0002cb58   0x00000010   Data   RO         3778    .conststrlit        nrf_log_default_backends.o
    0x0002cb68   0x0002cb68   0x00000004   Data   RO         3844    .conststrlit        nrf_log_frontend.o
    0x0002cb6c   0x0002cb6c   0x00000008   Data   RO         4327    .conststrlit        nrf_sdh.o
    0x0002cb74   0x0002cb74   0x0000000c   Data   RO         4437    .conststrlit        nrf_sdh_ble.o
    0x0002cb80   0x0002cb80   0x0000000c   Data   RO         4487    .conststrlit        nrf_sdh_soc.o
    0x0002cb8c   0x0002cb8c   0x00000020   Data   RO         4905    Region$$Table       anon$$obj.o
    0x0002cbac   0x0002cbac   0x00000010   Data   RO         3780    log_backends        nrf_log_default_backends.o
    0x0002cbbc   0x0002cbbc   0x00000008   Data   RO          873    log_const_data      ble_db_discovery.o
    0x0002cbc4   0x0002cbc4   0x00000008   Data   RO         1052    log_const_data      nrf_ble_gatt.o
    0x0002cbcc   0x0002cbcc   0x00000008   Data   RO         1157    log_const_data      nrf_ble_scan.o
    0x0002cbd4   0x0002cbd4   0x00000008   Data   RO         1271    log_const_data      ble_nus_c.o
    0x0002cbdc   0x0002cbdc   0x00000008   Data   RO         1367    log_const_data      nrf_drv_clock.o
    0x0002cbe4   0x0002cbe4   0x00000008   Data   RO         1564    log_const_data      nrfx_clock.o
    0x0002cbec   0x0002cbec   0x00000008   Data   RO         1725    log_const_data      nrfx_gpiote.o
    0x0002cbf4   0x0002cbf4   0x00000008   Data   RO         1989    log_const_data      nrfx_prs.o
    0x0002cbfc   0x0002cbfc   0x00000008   Data   RO         2068    log_const_data      nrfx_uart.o
    0x0002cc04   0x0002cc04   0x00000008   Data   RO         2254    log_const_data      nrfx_uarte.o
    0x0002cc0c   0x0002cc0c   0x00000008   Data   RO         3442    log_const_data      nrf_pwr_mgmt.o
    0x0002cc14   0x0002cc14   0x00000008   Data   RO         3847    log_const_data      nrf_log_frontend.o
    0x0002cc1c   0x0002cc1c   0x00000008   Data   RO         4329    log_const_data      nrf_sdh.o
    0x0002cc24   0x0002cc24   0x00000008   Data   RO         4439    log_const_data      nrf_sdh_ble.o
    0x0002cc2c   0x0002cc2c   0x00000008   Data   RO         4488    log_const_data      nrf_sdh_soc.o
    0x0002cc34   0x0002cc34   0x00000014   Data   RO         3848    nrf_balloc          nrf_log_frontend.o
    0x0002cc48   0x0002cc48   0x00000004   Data   RO           22    pwr_mgmt_data1      main.o
    0x0002cc4c   0x0002cc4c   0x00000018   Data   RO           23    sdh_ble_observers1  main.o
    0x0002cc64   0x0002cc64   0x00000008   Data   RO          638    sdh_ble_observers1  bsp_btn_ble.o
    0x0002cc6c   0x0002cc6c   0x00000008   Data   RO           24    sdh_ble_observers2  main.o
    0x0002cc74   0x0002cc74   0x00000008   Data   RO           25    sdh_ble_observers3  main.o
    0x0002cc7c   0x0002cc7c   0x00000008   Data   RO         1368    sdh_soc_observers0  nrf_drv_clock.o
    0x0002cc84   0x0002cc84   0x00000008   Data   RO         4440    sdh_stack_observers0  nrf_sdh_ble.o
    0x0002cc8c   0x0002cc8c   0x00000008   Data   RO         4489    sdh_stack_observers0  nrf_sdh_soc.o
    0x0002cc94   0x0002cc94   0x00000008   Data   RO         1369    sdh_state_observers0  nrf_drv_clock.o


    Execution Region RW_IRAM1 (Exec base: 0x200029e0, Load base: 0x0002cc9c, Size: 0x00003550, Max: 0x0000d620, ABSOLUTE, COMPRESSED[0x00000044])

    Exec Addr    Load Addr    Size         Type   Attr      Idx    E Section Name        Object

    0x200029e0   COMPRESSED   0x000002d0   Data   RW           21    .data               main.o
    0x20002cb0   COMPRESSED   0x00000010   Data   RW          536    .data               bsp.o
    0x20002cc0   COMPRESSED   0x00000008   Data   RW          637    .data               bsp_btn_ble.o
    0x20002cc8   COMPRESSED   0x00000010   Data   RW          872    .data               ble_db_discovery.o
    0x20002cd8   COMPRESSED   0x0000000c   Data   RW         1496    .data               nrf_drv_uart.o
    0x20002ce4   COMPRESSED   0x00000008   Data   RW         1563    .data               nrfx_clock.o
    0x20002cec   COMPRESSED   0x00000008   Data   RW         1988    .data               nrfx_prs.o
    0x20002cf4   COMPRESSED   0x00000004   PAD
    0x20002cf8   COMPRESSED   0x00000020   Data   RW         2390    .data               app_button.o
    0x20002d18   COMPRESSED   0x00000014   Data   RW         2685    .data               app_timer.o
    0x20002d2c   COMPRESSED   0x0000001c   Data   RW         2840    .data               app_uart_fifo.o
    0x20002d48   COMPRESSED   0x00000008   Data   RW         3441    .data               nrf_pwr_mgmt.o
    0x20002d50   COMPRESSED   0x00000004   Data   RW         3638    .data               retarget.o
    0x20002d54   COMPRESSED   0x00000001   Data   RW         3682    .data               nrf_log_backend_rtt.o
    0x20002d55   COMPRESSED   0x00000003   PAD
    0x20002d58   COMPRESSED   0x00000008   Data   RW         3779    .data               nrf_log_default_backends.o
    0x20002d60   COMPRESSED   0x00000008   Data   RW         3845    .data               nrf_log_frontend.o
    0x20002d68   COMPRESSED   0x00000008   Data   RW         3846    .data               nrf_log_frontend.o
    0x20002d70   COMPRESSED   0x00000040   Data   RW         4005    .data               nrf_log_str_formatter.o
    0x20002db0   COMPRESSED   0x00000003   Data   RW         4328    .data               nrf_sdh.o
    0x20002db3   COMPRESSED   0x00000001   Data   RW         4438    .data               nrf_sdh_ble.o
    0x20002db4   COMPRESSED   0x00000004   Data   RW         4528    .data               system_nrf52.o
    0x20002db8        -       0x00000368   Zero   RW           19    .bss                main.o
    0x20003120        -       0x00000020   Zero   RW          531    .bss                bsp.o
    0x20003140        -       0x00000020   Zero   RW          532    .bss                bsp.o
    0x20003160        -       0x0000000c   Zero   RW          533    .bss                bsp.o
    0x2000316c        -       0x00000020   Zero   RW          534    .bss                bsp.o
    0x2000318c        -       0x00000318   Zero   RW          868    .bss                ble_db_discovery.o
    0x200034a4        -       0x00000014   Zero   RW         1361    .bss                nrf_drv_clock.o
    0x200034b8        -       0x0000005c   Zero   RW         1719    .bss                nrfx_gpiote.o
    0x20003514        -       0x0000002c   Zero   RW         2062    .bss                nrfx_uart.o
    0x20003540        -       0x00000024   Zero   RW         2248    .bss                nrfx_uarte.o
    0x20003564        -       0x00000020   Zero   RW         2388    .bss                app_button.o
    0x20003584        -       0x00000020   Zero   RW         2449    .bss                app_error.o
    0x200035a4        -       0x0000010c   Zero   RW         2683    .bss                app_timer.o
    0x200036b0        -       0x00000020   Zero   RW         2838    .bss                app_uart_fifo.o
    0x200036d0        -       0x0000000c   Zero   RW         2919    .bss                app_util_platform.o
    0x200036dc        -       0x0000000c   Zero   RW         3437    .bss                nrf_pwr_mgmt.o
    0x200036e8        -       0x00000040   Zero   RW         3679    .bss                nrf_log_backend_rtt.o
    0x20003728        -       0x000000c0   Zero   RW         3839    .bss                nrf_log_frontend.o
    0x200037e8        -       0x00000080   Zero   RW         3840    .bss                nrf_log_frontend.o
    0x20003868        -       0x00000018   Zero   RW         3841    .bss                nrf_log_frontend.o
    0x20003880        -       0x00000424   Zero   RW         3842    .bss                nrf_log_frontend.o
    0x20003ca4        -       0x00000288   Zero   RW         4081    .bss                segger_rtt.o
    0x20003f2c   COMPRESSED   0x00000004   PAD
    0x20003f30        -       0x00002000   Zero   RW         4516    STACK               arm_startup_nrf52.o


==============================================================================

Image component sizes


      Code (inc. data)   RO Data    RW Data    ZI Data      Debug   Object Name

       440         36          8         32         32      12974   app_button.o
       100          4          0          0         32       3370   app_error.o
        26          0          0          0          0        564   app_error_handler_keil.o
       356        192          0          0          0       4862   app_error_weak.o
       118          0          0          0          0       4942   app_fifo.o
      1510        118          6         20        268      48247   app_timer.o
       588        120         32         28         32      21122   app_uart_fifo.o
       124         14          0          0         12       9546   app_util_platform.o
        36          8        512          0       8192        920   arm_startup_nrf52.o
       238          0          0          0          0      44111   ble_advdata.o
      1718         94        306         16        792      18755   ble_db_discovery.o
       558         72         58          0          0      18940   ble_nus_c.o
       358         40          8          0          0      47779   boards.o
       998         84         44         16        108      15311   bsp.o
       252         10          8          8          0       4752   bsp_btn_ble.o
      2268        874         72        720        872     132279   main.o
       294          0          0          0          0       7783   nrf_atomic.o
       164          0          0          0          0       3592   nrf_balloc.o
       950        272        205          0          0      37130   nrf_ble_gatt.o
       950         44         17          0          0      12775   nrf_ble_scan.o
       276         34         30          0         20      37612   nrf_drv_clock.o
       200         26          0         12          0      17780   nrf_drv_uart.o
        50          0          0          0          0       3493   nrf_fprintf.o
       850          4         16          0          0       5438   nrf_fprintf_format.o
       112         18         18          1         64       6045   nrf_log_backend_rtt.o
       200          0          0          0          0      10817   nrf_log_backend_serial.o
        28          4         32          8          0       3305   nrf_log_default_backends.o
      1530        114         44         16       1404      31184   nrf_log_frontend.o
       566        108        102         64          0       5572   nrf_log_str_formatter.o
       346          0          0          0          0       9491   nrf_memobj.o
       292         42         53          8         12      38102   nrf_pwr_mgmt.o
        28          0          0          0          0       2339   nrf_ringbuf.o
       448        106        104          3          0      39119   nrf_sdh.o
       796        296        539          1          0       5869   nrf_sdh_ble.o
       128         68         56          0          0       2448   nrf_sdh_soc.o
        78          0          0          0          0       2740   nrf_section_iter.o
        76         10       1319          0          0       2707   nrf_strerror.o
       226         30         14          8          0      41246   nrfx_clock.o
      1226         92         19          0         92      58399   nrfx_gpiote.o
        94         16         12          8          0       3721   nrfx_prs.o
      1362         36         17          0         44      31097   nrfx_uart.o
      1200         38         18          0         36      23635   nrfx_uarte.o
        14          0          0          4          0       2850   retarget.o
       378         34          0          0        648       8917   segger_rtt.o
       796         70          0          4          0      29522   system_nrf52.o

    ----------------------------------------------------------------------
     23390       3128       3752        984      12664     873202   Object Totals
         0          0         32          0          0          0   (incl. Generated)
        44          0         51          7          4          0   (incl. Padding)

    ----------------------------------------------------------------------

      Code (inc. data)   RO Data    RW Data    ZI Data      Debug   Library Member Name

        86          0          0          0          0          0   __dczerorl2.o
         8          4        133          0          0         68   ctype_o.o
         0          0          0          0          0          0   entry.o
         0          0          0          0          0          0   entry10a.o
         0          0          0          0          0          0   entry11a.o
         8          4          0          0          0          0   entry2.o
         4          0          0          0          0          0   entry5.o
         0          0          0          0          0          0   entry7b.o
         0          0          0          0          0          0   entry8b.o
         8          4          0          0          0          0   entry9a.o
        30          0          0          0          0          0   handlers.o
        36          8          0          0          0         68   init.o
        30          0          0          0          0         68   llshl.o
        32          0          0          0          0         68   llushr.o
        26          0          0          0          0         80   memcmp.o
        36          0          0          0          0         68   memcpya.o
        36          0          0          0          0        108   memseta.o
        50          8          0          0          0        152   printfb.o
        18          0          0          0          0         68   strcpy.o
        14          0          0          0          0         68   strlen.o
        98          0          0          0          0         92   uldiv.o

    ----------------------------------------------------------------------
       526         28        136          0          0        908   Library Totals
         6          0          3          0          0          0   (incl. Padding)

    ----------------------------------------------------------------------

      Code (inc. data)   RO Data    RW Data    ZI Data      Debug   Library Name

       520         28        133          0          0        908   mc_w.l

    ----------------------------------------------------------------------
       526         28        136          0          0        908   Library Totals

    ----------------------------------------------------------------------

==============================================================================


      Code (inc. data)   RO Data    RW Data    ZI Data      Debug   

     23916       3156       3888        984      12664     846730   Grand Totals
     23916       3156       3888         68      12664     846730   ELF Image Totals (compressed)
     23916       3156       3888         68          0          0   ROM Totals

==============================================================================

    Total RO  Size (Code + RO Data)                27804 (  27.15kB)
    Total RW  Size (RW Data + ZI Data)             13648 (  13.33kB)
    Total ROM Size (Code + RO Data + RW Data)      27872 (  27.22kB)

==============================================================================

