Component: ARM Compiler 5.06 update 6 (build 750) Tool: armlink [4d35ed]

==============================================================================

Section Cross References

    main.o(i.main) refers to app_timer.o(i.app_timer_init) for app_timer_init
    main.o(i.main) refers to app_error_handler_keil.o(.emb_text) for app_error_handler
    main.o(i.main) refers to app_timer.o(i.app_timer_create) for app_timer_create
    main.o(i.main) refers to nrf_log_frontend.o(i.nrf_log_init) for nrf_log_init
    main.o(i.main) refers to nrf_log_default_backends.o(i.nrf_log_default_backends_init) for nrf_log_default_backends_init
    main.o(i.main) refers to nrf_log_frontend.o(i.nrf_log_frontend_std_0) for nrf_log_frontend_std_0
    main.o(i.main) refers to nrf_log_frontend.o(i.nrf_log_frontend_dequeue) for nrf_log_frontend_dequeue
    main.o(i.main) refers to main.o(i.timer_handler) for timer_handler
    main.o(i.main) refers to main.o(.constdata) for .constdata
    main.o(i.main) refers to nrf_log_frontend.o(log_const_data) for m_nrf_log_app_logs_data_const
    main.o(i.timer_handler) refers to nrfx_gpiote.o(i.nrfx_gpiote_out_toggle) for nrfx_gpiote_out_toggle
    main.o(i.timer_handler) refers to app_util_platform.o(i.current_int_priority_get) for current_int_priority_get
    main.o(i.timer_handler) refers to nrf_log_frontend.o(i.nrf_log_frontend_std_0) for nrf_log_frontend_std_0
    main.o(i.timer_handler) refers to nrf_log_frontend.o(log_const_data) for m_nrf_log_app_logs_data_const
    main.o(.constdata) refers to main.o(.bss) for m_led_a_timer_id_data
    boards.o(i.bsp_board_button_idx_to_pin) refers to boards.o(.constdata) for .constdata
    boards.o(i.bsp_board_button_state_get) refers to boards.o(.constdata) for .constdata
    boards.o(i.bsp_board_init) refers to boards.o(i.nrf_gpio_cfg) for nrf_gpio_cfg
    boards.o(i.bsp_board_init) refers to boards.o(i.bsp_board_leds_off) for bsp_board_leds_off
    boards.o(i.bsp_board_init) refers to boards.o(.constdata) for .constdata
    boards.o(i.bsp_board_led_idx_to_pin) refers to boards.o(.constdata) for .constdata
    boards.o(i.bsp_board_led_invert) refers to boards.o(.constdata) for .constdata
    boards.o(i.bsp_board_led_off) refers to boards.o(i.nrf_gpio_pin_write) for nrf_gpio_pin_write
    boards.o(i.bsp_board_led_off) refers to boards.o(.constdata) for .constdata
    boards.o(i.bsp_board_led_on) refers to boards.o(i.nrf_gpio_pin_write) for nrf_gpio_pin_write
    boards.o(i.bsp_board_led_on) refers to boards.o(.constdata) for .constdata
    boards.o(i.bsp_board_led_state_get) refers to boards.o(.constdata) for .constdata
    boards.o(i.bsp_board_leds_off) refers to boards.o(i.bsp_board_led_off) for bsp_board_led_off
    boards.o(i.bsp_board_leds_on) refers to boards.o(i.bsp_board_led_on) for bsp_board_led_on
    boards.o(i.bsp_board_pin_to_button_idx) refers to boards.o(.constdata) for .constdata
    boards.o(i.bsp_board_pin_to_led_idx) refers to boards.o(.constdata) for .constdata
    nrf_drv_clock.o(i.clock_clk_started_notify) refers to nrf_drv_clock.o(.bss) for .bss
    nrf_drv_clock.o(i.clock_irq_handler) refers to nrf_drv_clock.o(i.clock_clk_started_notify) for clock_clk_started_notify
    nrf_drv_clock.o(i.clock_irq_handler) refers to nrf_drv_clock.o(.bss) for .bss
    nrf_drv_clock.o(i.nrf_drv_clock_hfclk_is_running) refers to nrf_sdh.o(i.nrf_sdh_is_enabled) for nrf_sdh_is_enabled
    nrf_drv_clock.o(i.nrf_drv_clock_hfclk_release) refers to app_util_platform.o(i.app_util_critical_region_enter) for app_util_critical_region_enter
    nrf_drv_clock.o(i.nrf_drv_clock_hfclk_release) refers to nrf_sdh.o(i.nrf_sdh_is_enabled) for nrf_sdh_is_enabled
    nrf_drv_clock.o(i.nrf_drv_clock_hfclk_release) refers to nrfx_clock.o(i.nrfx_clock_hfclk_stop) for nrfx_clock_hfclk_stop
    nrf_drv_clock.o(i.nrf_drv_clock_hfclk_release) refers to app_util_platform.o(i.app_util_critical_region_exit) for app_util_critical_region_exit
    nrf_drv_clock.o(i.nrf_drv_clock_hfclk_release) refers to nrf_drv_clock.o(.bss) for .bss
    nrf_drv_clock.o(i.nrf_drv_clock_hfclk_request) refers to app_util_platform.o(i.app_util_critical_region_enter) for app_util_critical_region_enter
    nrf_drv_clock.o(i.nrf_drv_clock_hfclk_request) refers to nrf_drv_clock.o(i.item_enqueue) for item_enqueue
    nrf_drv_clock.o(i.nrf_drv_clock_hfclk_request) refers to nrf_sdh.o(i.nrf_sdh_is_enabled) for nrf_sdh_is_enabled
    nrf_drv_clock.o(i.nrf_drv_clock_hfclk_request) refers to nrfx_clock.o(i.nrfx_clock_hfclk_start) for nrfx_clock_hfclk_start
    nrf_drv_clock.o(i.nrf_drv_clock_hfclk_request) refers to app_util_platform.o(i.app_util_critical_region_exit) for app_util_critical_region_exit
    nrf_drv_clock.o(i.nrf_drv_clock_hfclk_request) refers to nrf_drv_clock.o(.bss) for .bss
    nrf_drv_clock.o(i.nrf_drv_clock_init) refers to nrfx_clock.o(i.nrfx_clock_init) for nrfx_clock_init
    nrf_drv_clock.o(i.nrf_drv_clock_init) refers to nrf_sdh.o(i.nrf_sdh_is_enabled) for nrf_sdh_is_enabled
[...]
    module_idx_get                           0x000274fd   Thumb Code    42  nrf_log_frontend.o(i.module_idx_get)
    i.nrf_atomic_flag_clear_fetch            0x0002752c   Section        0  nrf_atomic.o(i.nrf_atomic_flag_clear_fetch)
    i.nrf_atomic_flag_set                    0x00027532   Section        0  nrf_atomic.o(i.nrf_atomic_flag_set)
    i.nrf_atomic_u32_add                     0x00027538   Section        0  nrf_atomic.o(i.nrf_atomic_u32_add)
    i.nrf_atomic_u32_fetch_and               0x00027544   Section        0  nrf_atomic.o(i.nrf_atomic_u32_fetch_and)
    i.nrf_atomic_u32_fetch_store             0x0002754e   Section        0  nrf_atomic.o(i.nrf_atomic_u32_fetch_store)
    i.nrf_atomic_u32_or                      0x00027558   Section        0  nrf_atomic.o(i.nrf_atomic_u32_or)
    i.nrf_atomic_u32_sub                     0x00027564   Section        0  nrf_atomic.o(i.nrf_atomic_u32_sub)
    i.nrf_balloc_alloc                       0x00027570   Section        0  nrf_balloc.o(i.nrf_balloc_alloc)
    i.nrf_balloc_free                        0x000275b4   Section        0  nrf_balloc.o(i.nrf_balloc_free)
    i.nrf_balloc_init                        0x000275e4   Section        0  nrf_balloc.o(i.nrf_balloc_init)
    i.nrf_bitmask_bit_is_set                 0x00027614   Section        0  nrfx_gpiote.o(i.nrf_bitmask_bit_is_set)
    nrf_bitmask_bit_is_set                   0x00027615   Thumb Code    16  nrfx_gpiote.o(i.nrf_bitmask_bit_is_set)
    i.nrf_bitmask_bit_set                    0x00027624   Section        0  nrfx_gpiote.o(i.nrf_bitmask_bit_set)
    nrf_bitmask_bit_set                      0x00027625   Thumb Code    20  nrfx_gpiote.o(i.nrf_bitmask_bit_set)
    i.nrf_clock_event_check                  0x00027638   Section        0  nrfx_clock.o(i.nrf_clock_event_check)
    nrf_clock_event_check                    0x00027639   Thumb Code    14  nrfx_clock.o(i.nrf_clock_event_check)
    i.nrf_clock_event_clear                  0x00027646   Section        0  nrfx_clock.o(i.nrf_clock_event_clear)
    nrf_clock_event_clear                    0x00027647   Thumb Code    16  nrfx_clock.o(i.nrf_clock_event_clear)
    i.nrf_drv_clock_init                     0x00027658   Section        0  nrf_drv_clock.o(i.nrf_drv_clock_init)
    i.nrf_drv_clock_lfclk_release            0x00027690   Section        0  nrf_drv_clock.o(i.nrf_drv_clock_lfclk_release)
    i.nrf_drv_uart_init                      0x000276c0   Section        0  nrf_drv_uart.o(i.nrf_drv_uart_init)
    i.nrf_fprintf                            0x00027728   Section        0  nrf_fprintf.o(i.nrf_fprintf)
    i.nrf_fprintf_buffer_flush               0x00027742   Section        0  nrf_fprintf.o(i.nrf_fprintf_buffer_flush)
    i.nrf_fprintf_fmt                        0x0002775a   Section        0  nrf_fprintf_format.o(i.nrf_fprintf_fmt)
    i.nrf_gpio_cfg                           0x00027934   Section        0  nrfx_uart.o(i.nrf_gpio_cfg)
    nrf_gpio_cfg                             0x00027935   Thumb Code    36  nrfx_uart.o(i.nrf_gpio_cfg)
    i.nrf_gpio_cfg                           0x00027958   Section        0  nrfx_uarte.o(i.nrf_gpio_cfg)
    nrf_gpio_cfg                             0x00027959   Thumb Code    36  nrfx_uarte.o(i.nrf_gpio_cfg)
    i.nrf_gpio_cfg_default                   0x0002797c   Section        0  nrfx_uart.o(i.nrf_gpio_cfg_default)
    nrf_gpio_cfg_default                     0x0002797d   Thumb Code    18  nrfx_uart.o(i.nrf_gpio_cfg_default)
    i.nrf_gpio_cfg_default                   0x0002798e   Section        0  nrfx_uarte.o(i.nrf_gpio_cfg_default)
    nrf_gpio_cfg_default                     0x0002798f   Thumb Code    18  nrfx_uarte.o(i.nrf_gpio_cfg_default)
    i.nrf_gpio_cfg_input                     0x000279a0   Section        0  nrfx_uart.o(i.nrf_gpio_cfg_input)
    nrf_gpio_cfg_input                       0x000279a1   Thumb Code    18  nrfx_uart.o(i.nrf_gpio_cfg_input)
    i.nrf_gpio_cfg_input                     0x000279b2   Section        0  nrfx_uarte.o(i.nrf_gpio_cfg_input)
    nrf_gpio_cfg_input                       0x000279b3   Thumb Code    18  nrfx_uarte.o(i.nrf_gpio_cfg_input)
    i.nrf_gpio_cfg_output                    0x000279c4   Section        0  nrfx_uart.o(i.nrf_gpio_cfg_output)
    nrf_gpio_cfg_output                      0x000279c5   Thumb Code    20  nrfx_uart.o(i.nrf_gpio_cfg_output)
    i.nrf_gpio_cfg_output                    0x000279d8   Section        0  nrfx_uarte.o(i.nrf_gpio_cfg_output)
    nrf_gpio_cfg_output                      0x000279d9   Thumb Code    20  nrfx_uarte.o(i.nrf_gpio_cfg_output)
    i.nrf_gpio_cfg_sense_set                 0x000279ec   Section        0  nrfx_gpiote.o(i.nrf_gpio_cfg_sense_set)
    nrf_gpio_cfg_sense_set                   0x000279ed   Thumb Code    34  nrfx_gpiote.o(i.nrf_gpio_cfg_sense_set)
    i.nrf_gpio_ports_read                    0x00027a10   Section        0  nrfx_gpiote.o(i.nrf_gpio_ports_read)
    nrf_gpio_ports_read                      0x00027a11   Thumb Code    34  nrfx_gpiote.o(i.nrf_gpio_ports_read)
    i.nrf_gpiote_event_clear                 0x00027a38   Section        0  nrfx_gpiote.o(i.nrf_gpiote_event_clear)
    nrf_gpiote_event_clear                   0x00027a39   Thumb Code    16  nrfx_gpiote.o(i.nrf_gpiote_event_clear)
    i.nrf_gpiote_event_is_set                0x00027a4c   Section        0  nrfx_gpiote.o(i.nrf_gpiote_event_is_set)
    nrf_gpiote_event_is_set                  0x00027a4d   Thumb Code    12  nrfx_gpiote.o(i.nrf_gpiote_event_is_set)
    i.nrf_log_backend_add                    0x00027a5c   Section        0  nrf_log_frontend.o(i.nrf_log_backend_add)
    i.nrf_log_backend_rtt_flush              0x00027ab8   Section        0  nrf_log_backend_rtt.o(i.nrf_log_backend_rtt_flush)
    nrf_log_backend_rtt_flush                0x00027ab9   Thumb Code     2  nrf_log_backend_rtt.o(i.nrf_log_backend_rtt_flush)
    i.nrf_log_backend_rtt_init               0x00027aba   Section        0  nrf_log_backend_rtt.o(i.nrf_log_backend_rtt_init)
    i.nrf_log_backend_rtt_panic_set          0x00027abe   Section        0  nrf_log_backend_rtt.o(i.nrf_log_backend_rtt_panic_set)
    nrf_log_backend_rtt_panic_set            0x00027abf   Thumb Code     2  nrf_log_backend_rtt.o(i.nrf_log_backend_rtt_panic_set)
    i.nrf_log_backend_rtt_put                0x00027ac0   Section        0  nrf_log_backend_rtt.o(i.nrf_log_backend_rtt_put)
    nrf_log_backend_rtt_put                  0x00027ac1   Thumb Code    16  nrf_log_backend_rtt.o(i.nrf_log_backend_rtt_put)
    i.nrf_log_backend_serial_put             0x00027ad8   Section        0  nrf_log_backend_serial.o(i.nrf_log_backend_serial_put)
    i.nrf_log_backend_uart_flush             0x00027ba0   Section        0  nrf_log_backend_uart.o(i.nrf_log_backend_uart_flush)
    nrf_log_backend_uart_flush               0x00027ba1   Thumb Code     2  nrf_log_backend_uart.o(i.nrf_log_backend_uart_flush)
    i.nrf_log_backend_uart_init              0x00027ba2   Section        0  nrf_log_backend_uart.o(i.nrf_log_backend_uart_init)
    i.nrf_log_backend_uart_panic_set         0x00027ba8   Section        0  nrf_log_backend_uart.o(i.nrf_log_backend_uart_panic_set)
    nrf_log_backend_uart_panic_set           0x00027ba9   Thumb Code    36  nrf_log_backend_uart.o(i.nrf_log_backend_uart_panic_set)
    i.nrf_log_backend_uart_put               0x00027bd4   Section        0  nrf_log_backend_uart.o(i.nrf_log_backend_uart_put)
    nrf_log_backend_uart_put                 0x00027bd5   Thumb Code    16  nrf_log_backend_uart.o(i.nrf_log_backend_uart_put)
    i.nrf_log_color_id_get                   0x00027bec   Section        0  nrf_log_frontend.o(i.nrf_log_color_id_get)
    i.nrf_log_default_backends_init          0x00027c1c   Section        0  nrf_log_default_backends.o(i.nrf_log_default_backends_init)
    i.nrf_log_frontend_dequeue               0x00027c50   Section        0  nrf_log_frontend.o(i.nrf_log_frontend_dequeue)
    i.nrf_log_frontend_std_0                 0x00027e84   Section        0  nrf_log_frontend.o(i.nrf_log_frontend_std_0)
    i.nrf_log_frontend_std_1                 0x00027e8c   Section        0  nrf_log_frontend.o(i.nrf_log_frontend_std_1)
    i.nrf_log_frontend_std_2                 0x00027e9a   Section        0  nrf_log_frontend.o(i.nrf_log_frontend_std_2)
    i.nrf_log_frontend_std_5                 0x00027eaa   Section        0  nrf_log_frontend.o(i.nrf_log_frontend_std_5)
    i.nrf_log_hexdump_entry_process          0x00027ec8   Section        0  nrf_log_str_formatter.o(i.nrf_log_hexdump_entry_process)
    i.nrf_log_init                           0x00027f74   Section        0  nrf_log_frontend.o(i.nrf_log_init)
    i.nrf_log_module_cnt_get                 0x00027fb0   Section        0  nrf_log_frontend.o(i.nrf_log_module_cnt_get)
    i.nrf_log_module_name_get                0x00027fc4   Section        0  nrf_log_frontend.o(i.nrf_log_module_name_get)
    i.nrf_log_panic                          0x00027fe0   Section        0  nrf_log_frontend.o(i.nrf_log_panic)
    i.nrf_log_std_entry_process              0x0002800c   Section        0  nrf_log_str_formatter.o(i.nrf_log_std_entry_process)
    i.nrf_memobj_alloc                       0x000280c2   Section        0  nrf_memobj.o(i.nrf_memobj_alloc)
    i.nrf_memobj_free                        0x00028122   Section        0  nrf_memobj.o(i.nrf_memobj_free)
    i.nrf_memobj_get                         0x00028154   Section        0  nrf_memobj.o(i.nrf_memobj_get)
    i.nrf_memobj_pool_init                   0x0002815c   Section        0  nrf_memobj.o(i.nrf_memobj_pool_init)
    i.nrf_memobj_put                         0x00028160   Section        0  nrf_memobj.o(i.nrf_memobj_put)
    i.nrf_memobj_read                        0x0002817e   Section        0  nrf_memobj.o(i.nrf_memobj_read)
    i.nrf_memobj_write                       0x0002818e   Section        0  nrf_memobj.o(i.nrf_memobj_write)
    i.nrf_ringbuf_init                       0x0002819e   Section        0  nrf_ringbuf.o(i.nrf_ringbuf_init)
    i.nrf_sdh_evts_poll                      0x000281bc   Section        0  nrf_sdh.o(i.nrf_sdh_evts_poll)
    i.nrf_sdh_is_enabled                     0x000281e0   Section        0  nrf_sdh.o(i.nrf_sdh_is_enabled)
    i.nrf_sdh_soc_evts_poll                  0x000281ec   Section        0  nrf_sdh_soc.o(i.nrf_sdh_soc_evts_poll)
    nrf_sdh_soc_evts_poll                    0x000281ed   Thumb Code    60  nrf_sdh_soc.o(i.nrf_sdh_soc_evts_poll)
    i.nrf_section_iter_init                  0x0002826c   Section        0  nrf_section_iter.o(i.nrf_section_iter_init)
    i.nrf_section_iter_item_set              0x00028276   Section        0  nrf_section_iter.o(i.nrf_section_iter_item_set)
    nrf_section_iter_item_set                0x00028277   Thumb Code    36  nrf_section_iter.o(i.nrf_section_iter_item_set)
    i.nrf_section_iter_next                  0x0002829a   Section        0  nrf_section_iter.o(i.nrf_section_iter_next)
    i.nrf_strerror_find                      0x000282bc   Section        0  nrf_strerror.o(i.nrf_strerror_find)
    i.nrf_strerror_get                       0x000282f4   Section        0  nrf_strerror.o(i.nrf_strerror_get)
    i.nrf_uart_event_check                   0x00028308   Section        0  nrfx_uart.o(i.nrf_uart_event_check)
    nrf_uart_event_check                     0x00028309   Thumb Code    10  nrfx_uart.o(i.nrf_uart_event_check)
    i.nrf_uart_event_clear                   0x00028312   Section        0  nrfx_uart.o(i.nrf_uart_event_clear)
    nrf_uart_event_clear                     0x00028313   Thumb Code    12  nrfx_uart.o(i.nrf_uart_event_clear)
    i.nrf_uart_int_enable_check              0x0002831e   Section        0  nrfx_uart.o(i.nrf_uart_int_enable_check)
    nrf_uart_int_enable_check                0x0002831f   Thumb Code    12  nrfx_uart.o(i.nrf_uart_int_enable_check)
    i.nrf_uarte_event_check                  0x0002832a   Section        0  nrfx_uarte.o(i.nrf_uarte_event_check)
    nrf_uarte_event_check                    0x0002832b   Thumb Code    10  nrfx_uarte.o(i.nrf_uarte_event_check)
    i.nrf_uarte_event_clear                  0x00028334   Section        0  nrfx_uarte.o(i.nrf_uarte_event_clear)
    nrf_uarte_event_clear                    0x00028335   Thumb Code    12  nrfx_uarte.o(i.nrf_uarte_event_clear)
    i.nrfx_clock_enable                      0x00028340   Section        0  nrfx_clock.o(i.nrfx_clock_enable)
    i.nrfx_clock_init                        0x00028370   Section        0  nrfx_clock.o(i.nrfx_clock_init)
    i.nrfx_clock_lfclk_stop                  0x00028390   Section        0  nrfx_clock.o(i.nrfx_clock_lfclk_stop)
    i.nrfx_coredep_delay_us                  0x000283ac   Section        0  app_timer.o(i.nrfx_coredep_delay_us)
    nrfx_coredep_delay_us                    0x000283ad   Thumb Code    12  app_timer.o(i.nrfx_coredep_delay_us)
    i.nrfx_gpiote_out_toggle                 0x000283bc   Section        0  nrfx_gpiote.o(i.nrfx_gpiote_out_toggle)
    i.nrfx_is_in_ram                         0x000283d8   Section        0  nrfx_uarte.o(i.nrfx_is_in_ram)
    nrfx_is_in_ram                           0x000283d9   Thumb Code    16  nrfx_uarte.o(i.nrfx_is_in_ram)
    i.nrfx_prs_acquire                       0x000283e8   Section        0  nrfx_prs.o(i.nrfx_prs_acquire)
    i.nrfx_prs_release                       0x00028422   Section        0  nrfx_prs.o(i.nrfx_prs_release)
    i.nrfx_uart_0_irq_handler                0x00028434   Section        0  nrfx_uart.o(i.nrfx_uart_0_irq_handler)
    i.nrfx_uart_init                         0x00028444   Section        0  nrfx_uart.o(i.nrfx_uart_init)
    i.nrfx_uart_tx                           0x00028518   Section        0  nrfx_uart.o(i.nrfx_uart_tx)
    i.nrfx_uart_tx_in_progress               0x000285bc   Section        0  nrfx_uart.o(i.nrfx_uart_tx_in_progress)
    i.nrfx_uart_uninit                       0x000285dc   Section        0  nrfx_uart.o(i.nrfx_uart_uninit)
    i.nrfx_uarte_0_irq_handler               0x00028690   Section        0  nrfx_uarte.o(i.nrfx_uarte_0_irq_handler)
    i.nrfx_uarte_init                        0x000286a0   Section        0  nrfx_uarte.o(i.nrfx_uarte_init)
    i.nrfx_uarte_tx                          0x0002870c   Section        0  nrfx_uarte.o(i.nrfx_uarte_tx)
    i.nrfx_uarte_tx_in_progress              0x0002879c   Section        0  nrfx_uarte.o(i.nrfx_uarte_tx_in_progress)
    i.nrfx_uarte_uninit                      0x000287b8   Section        0  nrfx_uarte.o(i.nrfx_uarte_uninit)
    i.postfix_process                        0x00028868   Section        0  nrf_log_str_formatter.o(i.postfix_process)
    postfix_process                          0x00028869   Thumb Code    48  nrf_log_str_formatter.o(i.postfix_process)
    i.prefix_process                         0x000288a4   Section        0  nrf_log_str_formatter.o(i.prefix_process)
    prefix_process                           0x000288a5   Thumb Code    90  nrf_log_str_formatter.o(i.prefix_process)
    i.prs_box_get                            0x0002893c   Section        0  nrfx_prs.o(i.prs_box_get)
    prs_box_get                              0x0002893d   Thumb Code    14  nrfx_prs.o(i.prs_box_get)
    i.rtc1_stop                              0x00028954   Section        0  app_timer.o(i.rtc1_stop)
    rtc1_stop                                0x00028955   Thumb Code    52  app_timer.o(i.rtc1_stop)
    i.rx_byte                                0x00028990   Section        0  nrfx_uart.o(i.rx_byte)
    rx_byte                                  0x00028991   Thumb Code    50  nrfx_uart.o(i.rx_byte)
    i.rx_done_event                          0x000289c2   Section        0  nrfx_uart.o(i.rx_done_event)
    rx_done_event                            0x000289c3   Thumb Code    22  nrfx_uart.o(i.rx_done_event)
    i.rx_done_event                          0x000289d8   Section        0  nrfx_uarte.o(i.rx_done_event)
    rx_done_event                            0x000289d9   Thumb Code    24  nrfx_uarte.o(i.rx_done_event)
    i.sd_state_evt_handler                   0x000289f0   Section        0  nrf_drv_clock.o(i.sd_state_evt_handler)
    sd_state_evt_handler                     0x000289f1   Thumb Code    76  nrf_drv_clock.o(i.sd_state_evt_handler)
    i.serial_tx                              0x00028a40   Section        0  nrf_log_backend_rtt.o(i.serial_tx)
    serial_tx                                0x00028a41   Thumb Code    70  nrf_log_backend_rtt.o(i.serial_tx)
    i.serial_tx                              0x00028a90   Section        0  nrf_log_backend_uart.o(i.serial_tx)
    serial_tx                                0x00028a91   Thumb Code    58  nrf_log_backend_uart.o(i.serial_tx)
    i.soc_evt_handler                        0x00028ad8   Section        0  nrf_drv_clock.o(i.soc_evt_handler)
    soc_evt_handler                          0x00028ad9   Thumb Code    18  nrf_drv_clock.o(i.soc_evt_handler)
    i.std_n                                  0x00028af0   Section        0  nrf_log_frontend.o(i.std_n)
    std_n                                    0x00028af1   Thumb Code   136  nrf_log_frontend.o(i.std_n)
    i.timer_handler                          0x00028b7c   Section        0  main.o(i.timer_handler)
    timer_handler                            0x00028b7d   Thumb Code    46  main.o(i.timer_handler)
    i.timer_list_handler                     0x00028c20   Section        0  app_timer.o(i.timer_list_handler)
    timer_list_handler                       0x00028c21   Thumb Code   122  app_timer.o(i.timer_list_handler)
    i.timer_list_insert                      0x00028ca0   Section        0  app_timer.o(i.timer_list_insert)
    timer_list_insert                        0x00028ca1   Thumb Code    56  app_timer.o(i.timer_list_insert)
    i.timer_list_remove                      0x00028cdc   Section        0  app_timer.o(i.timer_list_remove)
    timer_list_remove                        0x00028cdd   Thumb Code    88  app_timer.o(i.timer_list_remove)
    i.timer_timeouts_check                   0x00028d3c   Section        0  app_timer.o(i.timer_timeouts_check)
    timer_timeouts_check                     0x00028d3d   Thumb Code   106  app_timer.o(i.timer_timeouts_check)
    i.tx_byte                                0x00028db0   Section        0  nrfx_uart.o(i.tx_byte)
    tx_byte                                  0x00028db1   Thumb Code    32  nrfx_uart.o(i.tx_byte)
    i.tx_done_event                          0x00028dd0   Section        0  nrfx_uart.o(i.tx_done_event)
    tx_done_event                            0x00028dd1   Thumb Code    26  nrfx_uart.o(i.tx_done_event)
    i.uart_evt_handler                       0x00028dec   Section        0  nrf_drv_uart.o(i.uart_evt_handler)
    uart_evt_handler                         0x00028ded   Thumb Code    42  nrf_drv_uart.o(i.uart_evt_handler)
    i.uart_evt_handler                       0x00028e1c   Section        0  nrf_log_backend_uart.o(i.uart_evt_handler)
    uart_evt_handler                         0x00028e1d   Thumb Code     8  nrf_log_backend_uart.o(i.uart_evt_handler)
    i.uart_init                              0x00028e28   Section        0  nrf_log_backend_uart.o(i.uart_init)
    uart_init                                0x00028e29   Thumb Code    70  nrf_log_backend_uart.o(i.uart_init)
    i.uart_irq_handler                       0x00028e80   Section        0  nrfx_uart.o(i.uart_irq_handler)
    uart_irq_handler                         0x00028e81   Thumb Code   296  nrfx_uart.o(i.uart_irq_handler)
    i.uarte_evt_handler                      0x00028fa8   Section        0  nrf_drv_uart.o(i.uarte_evt_handler)
    uarte_evt_handler                        0x00028fa9   Thumb Code    42  nrf_drv_uart.o(i.uarte_evt_handler)
    i.uarte_irq_handler                      0x00028fd8   Section        0  nrfx_uarte.o(i.uarte_irq_handler)
    uarte_irq_handler                        0x00028fd9   Thumb Code   244  nrfx_uarte.o(i.uarte_irq_handler)
    i.unsigned_print                         0x000290cc   Section        0  nrf_fprintf_format.o(i.unsigned_print)
    unsigned_print                           0x000290cd   Thumb Code   176  nrf_fprintf_format.o(i.unsigned_print)
    .constdata                               0x00029180   Section        4  main.o(.constdata)
    m_led_a_timer_id                         0x00029180   Data           4  main.o(.constdata)
    .constdata                               0x00029184   Section        4  nrfx_gpiote.o(.constdata)
    .constdata                               0x00029188   Section        4  nrfx_uart.o(.constdata)
    irq_handlers                             0x00029188   Data           4  nrfx_uart.o(.constdata)
    .constdata                               0x0002918c   Section        4  nrfx_uarte.o(.constdata)
    irq_handlers                             0x0002918c   Data           4  nrfx_uarte.o(.constdata)
    .constdata                               0x00029190   Section        6  app_timer.o(.constdata)
    delay_bytecode                           0x00029190   Data           6  app_timer.o(.constdata)
    .constdata                               0x00029196   Section       16  nrf_fprintf_format.o(.constdata)
    _aV2C                                    0x00029196   Data          16  nrf_fprintf_format.o(.constdata)
    .constdata                               0x000291a8   Section      316  nrf_strerror.o(.constdata)
    m_unknown_str                            0x000291a8   Data          19  nrf_strerror.o(.constdata)
    nrf_strerror_array                       0x000291bc   Data         296  nrf_strerror.o(.constdata)
    .constdata                               0x000292e4   Section       12  nrf_log_backend_rtt.o(.constdata)
    .constdata                               0x000292f0   Section        6  nrf_log_backend_rtt.o(.constdata)
    delay_bytecode                           0x000292f0   Data           6  nrf_log_backend_rtt.o(.constdata)
    .constdata                               0x000292f8   Section       12  nrf_log_backend_uart.o(.constdata)
    .constdata                               0x00029304   Section       32  nrf_log_backend_uart.o(.constdata)
    .constdata                               0x00029324   Section       12  nrf_log_frontend.o(.constdata)
    m_log_push_ringbuf                       0x00029324   Data          12  nrf_log_frontend.o(.constdata)
    .constdata                               0x00029330   Section       16  nrf_sdh.o(.constdata)
    sdh_req_observers_array                  0x00029330   Data          16  nrf_sdh.o(.constdata)
    .constdata                               0x00029340   Section       40  nrf_sdh.o(.constdata)
    sdh_req_observers                        0x00029344   Data          12  nrf_sdh.o(.constdata)
    sdh_state_observers                      0x00029350   Data          12  nrf_sdh.o(.constdata)
    sdh_stack_observers                      0x0002935c   Data          12  nrf_sdh.o(.constdata)
    .constdata                               0x00029368   Section       16  nrf_sdh.o(.constdata)
    sdh_state_observers_array                0x00029368   Data          16  nrf_sdh.o(.constdata)
    .constdata                               0x00029378   Section       16  nrf_sdh.o(.constdata)
    sdh_stack_observers_array                0x00029378   Data          16  nrf_sdh.o(.constdata)
    .constdata                               0x00029388   Section       16  nrf_sdh_soc.o(.constdata)
    sdh_soc_observers_array                  0x00029388   Data          16  nrf_sdh_soc.o(.constdata)
    .constdata                               0x00029398   Section       12  nrf_sdh_soc.o(.constdata)
    sdh_soc_observers                        0x00029398   Data          12  nrf_sdh_soc.o(.constdata)
    .constdata                               0x000293a4   Section      129  ctype_o.o(.constdata)
    .constdata                               0x00029428   Section        4  ctype_o.o(.constdata)
    table                                    0x00029428   Data           4  ctype_o.o(.constdata)
    .conststring                             0x0002942c   Section     1003  nrf_strerror.o(.conststring)
    .conststring                             0x00029818   Section       70  nrf_log_backend_uart.o(.conststring)
    .conststring                             0x00029860   Section      102  nrf_log_str_formatter.o(.conststring)
    .conststrlit                             0x000298c8   Section        6  nrf_drv_clock.o(.conststrlit)
    .conststrlit                             0x000298d0   Section        6  nrfx_clock.o(.conststrlit)
    .conststrlit                             0x000298d8   Section        7  nrfx_gpiote.o(.conststrlit)
    .conststrlit                             0x000298e0   Section        4  nrfx_prs.o(.conststrlit)
    .conststrlit                             0x000298e4   Section        5  nrfx_uart.o(.conststrlit)
    .conststrlit                             0x000298ec   Section        6  nrfx_uarte.o(.conststrlit)
    .conststrlit                             0x000298f4   Section       33  nrf_log_default_backends.o(.conststrlit)
    .conststrlit                             0x00029918   Section        4  nrf_log_frontend.o(.conststrlit)
    .conststrlit                             0x0002991c   Section        8  nrf_sdh.o(.conststrlit)
    .conststrlit                             0x00029924   Section       12  nrf_sdh_soc.o(.conststrlit)
    log_backends                             0x00029950   Section       32  nrf_log_default_backends.o(log_backends)
    __tagsym$$used                           0x00029950   Number         0  nrf_log_default_backends.o(log_backends)
    rtt_log_backend                          0x00029950   Data          16  nrf_log_default_backends.o(log_backends)
    __tagsym$$used                           0x00029960   Number         0  nrf_log_default_backends.o(log_backends)
    uart_log_backend                         0x00029960   Data          16  nrf_log_default_backends.o(log_backends)
    log_const_data                           0x00029970   Section        8  nrf_drv_clock.o(log_const_data)
    __tagsym$$used                           0x00029970   Number         0  nrf_drv_clock.o(log_const_data)
    log_const_data                           0x00029978   Section        8  nrfx_clock.o(log_const_data)
    __tagsym$$used                           0x00029978   Number         0  nrfx_clock.o(log_const_data)
    log_const_data                           0x00029980   Section        8  nrfx_gpiote.o(log_const_data)
    __tagsym$$used                           0x00029980   Number         0  nrfx_gpiote.o(log_const_data)
    log_const_data                           0x00029988   Section        8  nrfx_prs.o(log_const_data)
    __tagsym$$used                           0x00029988   Number         0  nrfx_prs.o(log_const_data)
    log_const_data                           0x00029990   Section        8  nrfx_uart.o(log_const_data)
    __tagsym$$used                           0x00029990   Number         0  nrfx_uart.o(log_const_data)
    log_const_data                           0x00029998   Section        8  nrfx_uarte.o(log_const_data)
    __tagsym$$used                           0x00029998   Number         0  nrfx_uarte.o(log_const_data)
    log_const_data                           0x000299a0   Section        8  nrf_log_frontend.o(log_const_data)
    __tagsym$$used                           0x000299a0   Number         0  nrf_log_frontend.o(log_const_data)
    log_const_data                           0x000299a8   Section        8  nrf_sdh.o(log_const_data)
    __tagsym$$used                           0x000299a8   Number         0  nrf_sdh.o(log_const_data)
    log_const_data                           0x000299b0   Section        8  nrf_sdh_soc.o(log_const_data)
    __tagsym$$used                           0x000299b0   Number         0  nrf_sdh_soc.o(log_const_data)
    nrf_balloc                               0x000299b8   Section       20  nrf_log_frontend.o(nrf_balloc)
    __tagsym$$used                           0x000299b8   Number         0  nrf_log_frontend.o(nrf_balloc)
    sdh_soc_observers0                       0x000299cc   Section        8  nrf_drv_clock.o(sdh_soc_observers0)
    __tagsym$$used                           0x000299cc   Number         0  nrf_drv_clock.o(sdh_soc_observers0)
    m_soc_evt_observer                       0x000299cc   Data           8  nrf_drv_clock.o(sdh_soc_observers0)
    sdh_stack_observers0                     0x000299d4   Section        8  nrf_sdh_soc.o(sdh_stack_observers0)
    __tagsym$$used                           0x000299d4   Number         0  nrf_sdh_soc.o(sdh_stack_observers0)
    m_nrf_sdh_soc_evts_poll                  0x000299d4   Data           8  nrf_sdh_soc.o(sdh_stack_observers0)
    sdh_state_observers0                     0x000299dc   Section        8  nrf_drv_clock.o(sdh_state_observers0)
    __tagsym$$used                           0x000299dc   Number         0  nrf_drv_clock.o(sdh_state_observers0)
    m_sd_state_observer                      0x000299dc   Data           8  nrf_drv_clock.o(sdh_state_observers0)
    .data                                    0x200057b8   Section       12  nrf_drv_uart.o(.data)
    m_handlers                               0x200057bc   Data           4  nrf_drv_uart.o(.data)
    m_contexts                               0x200057c0   Data           4  nrf_drv_uart.o(.data)
    .data                                    0x200057c4   Section        8  nrfx_clock.o(.data)
    m_clock_cb                               0x200057c4   Data           8  nrfx_clock.o(.data)
    .data                                    0x200057cc   Section        8  nrfx_prs.o(.data)
    m_prs_box_4                              0x200057cc   Data           8  nrfx_prs.o(.data)
    .data                                    0x200057d4   Section       20  app_timer.o(.data)
    m_ticks_elapsed_q_read_ind               0x200057d4   Data           1  app_timer.o(.data)
    m_ticks_elapsed_q_write_ind              0x200057d5   Data           1  app_timer.o(.data)
    m_rtc1_running                           0x200057d6   Data           1  app_timer.o(.data)
    m_rtc1_reset                             0x200057d7   Data           1  app_timer.o(.data)
    mp_timer_id_head                         0x200057d8   Data           4  app_timer.o(.data)
    m_ticks_latest                           0x200057dc   Data           4  app_timer.o(.data)
    m_ticks_elapsed                          0x200057e0   Data           8  app_timer.o(.data)
    .data                                    0x200057e8   Section        1  nrf_log_backend_rtt.o(.data)
    m_host_present                           0x200057e8   Data           1  nrf_log_backend_rtt.o(.data)
    .data                                    0x200057ec   Section       24  nrf_log_backend_uart.o(.data)
    m_xfer_done                              0x200057ec   Data           1  nrf_log_backend_uart.o(.data)
    m_async_mode                             0x200057ed   Data           1  nrf_log_backend_uart.o(.data)
    .data                                    0x20005804   Section        8  nrf_log_default_backends.o(.data)
    log_backend_cb_rtt_log_backend           0x20005804   Data           8  nrf_log_default_backends.o(.data)
    .data                                    0x2000580c   Section        8  nrf_log_default_backends.o(.data)
    log_backend_cb_uart_log_backend          0x2000580c   Data           8  nrf_log_default_backends.o(.data)
    .data                                    0x20005814   Section        8  nrf_log_frontend.o(.data)
    log_mempool_nrf_balloc_pool_stack        0x20005814   Data           8  nrf_log_frontend.o(.data)
    .data                                    0x2000581c   Section        8  nrf_log_frontend.o(.data)
    log_mempool_nrf_balloc_cb                0x2000581c   Data           8  nrf_log_frontend.o(.data)
    .data                                    0x20005824   Section       64  nrf_log_str_formatter.o(.data)
    m_freq                                   0x20005824   Data           4  nrf_log_str_formatter.o(.data)
    m_timestamp_div                          0x20005828   Data           4  nrf_log_str_formatter.o(.data)
    severity_names                           0x2000582c   Data          20  nrf_log_str_formatter.o(.data)
    m_colors                                 0x20005840   Data          36  nrf_log_str_formatter.o(.data)
    .data                                    0x20005864   Section        3  nrf_sdh.o(.data)
    m_nrf_sdh_enabled                        0x20005864   Data           1  nrf_sdh.o(.data)
    m_nrf_sdh_suspended                      0x20005865   Data           1  nrf_sdh.o(.data)
    m_nrf_sdh_continue                       0x20005866   Data           1  nrf_sdh.o(.data)
    .data                                    0x20005868   Section        4  system_nrf52.o(.data)
    __tagsym$$used                           0x20005868   Number         0  system_nrf52.o(.data)
    .bss                                     0x2000586c   Section       32  main.o(.bss)
    m_led_a_timer_id_data                    0x2000586c   Data          32  main.o(.bss)
    .bss                                     0x2000588c   Section       20  nrf_drv_clock.o(.bss)
    m_clock_cb                               0x2000588c   Data          20  nrf_drv_clock.o(.bss)
    .bss                                     0x200058a0   Section       76  nrfx_gpiote.o(.bss)
    m_cb                                     0x200058a0   Data          76  nrfx_gpiote.o(.bss)
    .bss                                     0x200058ec   Section       44  nrfx_uart.o(.bss)
    m_cb                                     0x200058ec   Data          44  nrfx_uart.o(.bss)
    .bss                                     0x20005918   Section       36  nrfx_uarte.o(.bss)
    m_cb                                     0x20005918   Data          36  nrfx_uarte.o(.bss)
    .bss                                     0x2000593c   Section       32  app_error.o(.bss)
    m_error_data                             0x2000593c   Data          32  app_error.o(.bss)
    .bss                                     0x2000595c   Section      268  app_timer.o(.bss)
    m_op_queue                               0x2000595c   Data         268  app_timer.o(.bss)
    .bss                                     0x20005a68   Section       12  app_util_platform.o(.bss)
    .bss                                     0x20005a74   Section       64  nrf_log_backend_rtt.o(.bss)
    m_string_buff                            0x20005a74   Data          64  nrf_log_backend_rtt.o(.bss)
    .bss                                     0x20005ab4   Section       64  nrf_log_backend_uart.o(.bss)
    m_string_buff                            0x20005ab4   Data          64  nrf_log_backend_uart.o(.bss)
    .bss                                     0x20005af4   Section      192  nrf_log_frontend.o(.bss)
    log_mempool_nrf_balloc_pool_mem          0x20005af4   Data         192  nrf_log_frontend.o(.bss)
    .bss                                     0x20005bb4   Section      128  nrf_log_frontend.o(.bss)
    m_log_push_ringbuf_buf                   0x20005bb4   Data         128  nrf_log_frontend.o(.bss)
    .bss                                     0x20005c34   Section       24  nrf_log_frontend.o(.bss)
    m_log_push_ringbuf_cb                    0x20005c34   Data          24  nrf_log_frontend.o(.bss)
    .bss                                     0x20005c4c   Section     1060  nrf_log_frontend.o(.bss)
    m_log_data                               0x20005c4c   Data        1060  nrf_log_frontend.o(.bss)
    .bss                                     0x20006070   Section      648  segger_rtt.o(.bss)
    _acUpBuffer                              0x200060e8   Data         512  segger_rtt.o(.bss)
    _acDownBuffer                            0x200062e8   Data          16  segger_rtt.o(.bss)
    STACK                                    0x200062f8   Section     8192  arm_startup_nrf52.o(STACK)

    Global Symbols

    Symbol Name                              Value     Ov Type        Size  Object(Section)

    BuildAttributes$$THM_ISAv4$E$P$D$K$B$S$7EM$VFPi3$EXTD16$VFPS$VFMA$PE$A:L22UL41UL21$X:L11$S22US41US21$IEEE1$IW$USESV6$~STKCKD$USESV7$~SHL$OSPACE$EBA8$MICROLIB$REQ8$EABIv2 0x00000000   Number         0  anon$$obj.o ABSOLUTE
    __ARM_use_no_argv                        0x00000000   Number         0  main.o ABSOLUTE
    __use_no_errno                           0x00000000   Number         0  useno.o ABSOLUTE
    __use_no_exception_handling              0x00000000   Number         0  useno.o ABSOLUTE
    __use_no_fp                              0x00000000   Number         0  useno.o ABSOLUTE
    __use_no_heap                            0x00000000   Number         0  useno.o ABSOLUTE
    __use_no_heap_region                     0x00000000   Number         0  useno.o ABSOLUTE
    __use_no_semihosting                     0x00000000   Number         0  useno.o ABSOLUTE
    __use_no_semihosting_swi                 0x00000000   Number         0  useno.o ABSOLUTE
    __use_no_signal_handling                 0x00000000   Number         0  useno.o ABSOLUTE
    __cpp_initialize__aeabi_                  - Undefined Weak Reference
    __cxa_finalize                            - Undefined Weak Reference
    __decompress                              - Undefined Weak Reference
    _clock_init                               - Undefined Weak Reference
    _microlib_exit                            - Undefined Weak Reference
    log_dynamic_data$$Base                    - Undefined Reference
    sdh_req_observers0$$Base                  - Undefined Reference
    sdh_req_observers0$$Limit                 - Undefined Reference
    sdh_req_observers1$$Base                  - Undefined Reference
    sdh_req_observers1$$Limit                 - Undefined Reference
    sdh_soc_observers1$$Base                  - Undefined Reference
    sdh_soc_observers1$$Limit                 - Undefined Reference
    sdh_stack_observers1$$Base                - Undefined Reference
    sdh_stack_observers1$$Limit               - Undefined Reference
    sdh_state_observers1$$Base                - Undefined Reference
    sdh_state_observers1$$Limit               - Undefined Reference
    __Vectors_Size                           0x00000200   Number         0  arm_startup_nrf52.o ABSOLUTE
    __Vectors                                0x00026000   Data           4  arm_startup_nrf52.o(RESET)
    __Vectors_End                            0x00026200   Data           0  arm_startup_nrf52.o(RESET)
    __main                                   0x00026201   Thumb Code     0  entry.o(.ARM.Collect$$$$00000000)
    _main_stk                                0x00026201   Thumb Code     0  entry2.o(.ARM.Collect$$$$00000001)
    _main_scatterload                        0x00026205   Thumb Code     0  entry5.o(.ARM.Collect$$$$00000004)
    __main_after_scatterload                 0x00026209   Thumb Code     0  entry5.o(.ARM.Collect$$$$00000004)
    _main_clock                              0x00026209   Thumb Code     0  entry7b.o(.ARM.Collect$$$$00000008)
    _main_cpp_init                           0x00026209   Thumb Code     0  entry8b.o(.ARM.Collect$$$$0000000A)
    _main_init                               0x00026209   Thumb Code     0  entry9a.o(.ARM.Collect$$$$0000000B)
    __rt_final_cpp                           0x00026211   Thumb Code     0  entry10a.o(.ARM.Collect$$$$0000000D)
    __rt_final_exit                          0x00026211   Thumb Code     0  entry11a.o(.ARM.Collect$$$$0000000F)
    app_error_handler                        0x00026215   Thumb Code    26  app_error_handler_keil.o(.emb_text)
    __asm___12_nrf_atomic_c_85ca2469__nrf_atomic_internal_mov 0x00026231   Thumb Code    24  nrf_atomic.o(.emb_text)
    __asm___12_nrf_atomic_c_85ca2469__nrf_atomic_internal_orr 0x00026249   Thumb Code    26  nrf_atomic.o(.emb_text)
    __asm___12_nrf_atomic_c_85ca2469__nrf_atomic_internal_and 0x00026263   Thumb Code    26  nrf_atomic.o(.emb_text)
    __asm___12_nrf_atomic_c_85ca2469__nrf_atomic_internal_eor 0x0002627d   Thumb Code    26  nrf_atomic.o(.emb_text)
    __asm___12_nrf_atomic_c_85ca2469__nrf_atomic_internal_add 0x00026297   Thumb Code    26  nrf_atomic.o(.emb_text)
    __asm___12_nrf_atomic_c_85ca2469__nrf_atomic_internal_sub 0x000262b1   Thumb Code    26  nrf_atomic.o(.emb_text)
    __asm___12_nrf_atomic_c_85ca2469__nrf_atomic_internal_cmp_exch 0x000262cb   Thumb Code    42  nrf_atomic.o(.emb_text)
    __asm___12_nrf_atomic_c_85ca2469__nrf_atomic_internal_sub_hs 0x000262f5   Thumb Code    30  nrf_atomic.o(.emb_text)
    Reset_Handler                            0x00026315   Thumb Code     8  arm_startup_nrf52.o(.text)
    NMI_Handler                              0x0002631d   Thumb Code     2  arm_startup_nrf52.o(.text)
    HardFault_Handler                        0x0002631f   Thumb Code     2  arm_startup_nrf52.o(.text)
    MemoryManagement_Handler                 0x00026321   Thumb Code     2  arm_startup_nrf52.o(.text)
    BusFault_Handler                         0x00026323   Thumb Code     2  arm_startup_nrf52.o(.text)
    UsageFault_Handler                       0x00026325   Thumb Code     2  arm_startup_nrf52.o(.text)
    SVC_Handler                              0x00026327   Thumb Code     2  arm_startup_nrf52.o(.text)
    DebugMon_Handler                         0x00026329   Thumb Code     2  arm_startup_nrf52.o(.text)
    PendSV_Handler                           0x0002632b   Thumb Code     2  arm_startup_nrf52.o(.text)
    SysTick_Handler                          0x0002632d   Thumb Code     2  arm_startup_nrf52.o(.text)
    CCM_AAR_IRQHandler                       0x0002632f   Thumb Code     0  arm_startup_nrf52.o(.text)
    COMP_LPCOMP_IRQHandler                   0x0002632f   Thumb Code     0  arm_startup_nrf52.o(.text)
    ECB_IRQHandler                           0x0002632f   Thumb Code     0  arm_startup_nrf52.o(.text)
    FPU_IRQHandler                           0x0002632f   Thumb Code     0  arm_startup_nrf52.o(.text)
    I2S_IRQHandler                           0x0002632f   Thumb Code     0  arm_startup_nrf52.o(.text)
    MWU_IRQHandler                           0x0002632f   Thumb Code     0  arm_startup_nrf52.o(.text)
    NFCT_IRQHandler                          0x0002632f   Thumb Code     0  arm_startup_nrf52.o(.text)
    PDM_IRQHandler                           0x0002632f   Thumb Code     0  arm_startup_nrf52.o(.text)
    PWM0_IRQHandler                          0x0002632f   Thumb Code     0  arm_startup_nrf52.o(.text)
    PWM1_IRQHandler                          0x0002632f   Thumb Code     0  arm_startup_nrf52.o(.text)
    PWM2_IRQHandler                          0x0002632f   Thumb Code     0  arm_startup_nrf52.o(.text)
    QDEC_IRQHandler                          0x0002632f   Thumb Code     0  arm_startup_nrf52.o(.text)
    RADIO_IRQHandler                         0x0002632f   Thumb Code     0  arm_startup_nrf52.o(.text)
    RNG_IRQHandler                           0x0002632f   Thumb Code     0  arm_startup_nrf52.o(.text)
    RTC0_IRQHandler                          0x0002632f   Thumb Code     0  arm_startup_nrf52.o(.text)
    RTC2_IRQHandler                          0x0002632f   Thumb Code     0  arm_startup_nrf52.o(.text)
    SAADC_IRQHandler                         0x0002632f   Thumb Code     0  arm_startup_nrf52.o(.text)
    SPIM0_SPIS0_TWIM0_TWIS0_SPI0_TWI0_IRQHandler 0x0002632f   Thumb Code     0  arm_startup_nrf52.o(.text)
    SPIM1_SPIS1_TWIM1_TWIS1_SPI1_TWI1_IRQHandler 0x0002632f   Thumb Code     0  arm_startup_nrf52.o(.text)
    SPIM2_SPIS2_SPI2_IRQHandler              0x0002632f   Thumb Code     0  arm_startup_nrf52.o(.text)
    SWI1_EGU1_IRQHandler                     0x0002632f   Thumb Code     0  arm_startup_nrf52.o(.text)
    SWI3_EGU3_IRQHandler                     0x0002632f   Thumb Code     0  arm_startup_nrf52.o(.text)
    SWI4_EGU4_IRQHandler                     0x0002632f   Thumb Code     0  arm_startup_nrf52.o(.text)
    SWI5_EGU5_IRQHandler                     0x0002632f   Thumb Code     0  arm_startup_nrf52.o(.text)
    TEMP_IRQHandler                          0x0002632f   Thumb Code     0  arm_startup_nrf52.o(.text)
    TIMER0_IRQHandler                        0x0002632f   Thumb Code     0  arm_startup_nrf52.o(.text)
    TIMER1_IRQHandler                        0x0002632f   Thumb Code     0  arm_startup_nrf52.o(.text)
    TIMER2_IRQHandler                        0x0002632f   Thumb Code     0  arm_startup_nrf52.o(.text)
    TIMER3_IRQHandler                        0x0002632f   Thumb Code     0  arm_startup_nrf52.o(.text)
    TIMER4_IRQHandler                        0x0002632f   Thumb Code     0  arm_startup_nrf52.o(.text)
    WDT_IRQHandler                           0x0002632f   Thumb Code     0  arm_startup_nrf52.o(.text)
    __rt_ctype_table                         0x00026339   Thumb Code     4  ctype_o.o(.text)
    __aeabi_memcpy                           0x00026341   Thumb Code    36  memcpya.o(.text)
    __aeabi_memcpy4                          0x00026341   Thumb Code     0  memcpya.o(.text)
    __aeabi_memcpy8                          0x00026341   Thumb Code     0  memcpya.o(.text)
    __aeabi_memset                           0x00026365   Thumb Code    14  memseta.o(.text)
    __aeabi_memset4                          0x00026365   Thumb Code     0  memseta.o(.text)
    __aeabi_memset8                          0x00026365   Thumb Code     0  memseta.o(.text)
    __aeabi_memclr                           0x00026373   Thumb Code     4  memseta.o(.text)
    __aeabi_memclr4                          0x00026373   Thumb Code     0  memseta.o(.text)
    __aeabi_memclr8                          0x00026373   Thumb Code     0  memseta.o(.text)
    _memset$wrapper                          0x00026377   Thumb Code    18  memseta.o(.text)
    strlen                                   0x00026389   Thumb Code    14  strlen.o(.text)
    strcpy                                   0x00026397   Thumb Code    18  strcpy.o(.text)
    __scatterload                            0x000263a9   Thumb Code    28  init.o(.text)
    __scatterload_rt2                        0x000263a9   Thumb Code     0  init.o(.text)
    GPIOTE_IRQHandler                        0x000263cd   Thumb Code   332  nrfx_gpiote.o(i.GPIOTE_IRQHandler)
    POWER_CLOCK_IRQHandler                   0x00026585   Thumb Code    82  nrfx_clock.o(i.POWER_CLOCK_IRQHandler)
    RTC1_IRQHandler                          0x000265dd   Thumb Code    32  app_timer.o(i.RTC1_IRQHandler)
    SEGGER_RTT_Init                          0x00026601   Thumb Code     4  segger_rtt.o(i.SEGGER_RTT_Init)
    SEGGER_RTT_WriteNoLock                   0x00026605   Thumb Code    86  segger_rtt.o(i.SEGGER_RTT_WriteNoLock)
    SWI0_EGU0_IRQHandler                     0x00026661   Thumb Code     4  app_timer.o(i.SWI0_EGU0_IRQHandler)
    SWI2_EGU2_IRQHandler                     0x00026665   Thumb Code     4  nrf_sdh.o(i.SWI2_EGU2_IRQHandler)
    SystemInit                               0x00026669   Thumb Code   726  system_nrf52.o(i.SystemInit)
    UARTE0_UART0_IRQHandler                  0x00026985   Thumb Code     6  nrfx_prs.o(i.UARTE0_UART0_IRQHandler)
    __scatterload_copy                       0x00026aab   Thumb Code    14  handlers.o(i.__scatterload_copy)
    __scatterload_null                       0x00026ab9   Thumb Code     2  handlers.o(i.__scatterload_null)
    __scatterload_zeroinit                   0x00026abb   Thumb Code    14  handlers.o(i.__scatterload_zeroinit)
    app_error_fault_handler                  0x00026ac9   Thumb Code   164  app_error_weak.o(i.app_error_fault_handler)
    app_error_save_and_stop                  0x00026c2d   Thumb Code    96  app_error.o(i.app_error_save_and_stop)
    app_timer_create                         0x00026c91   Thumb Code    36  app_timer.o(i.app_timer_create)
    app_timer_init                           0x00026cb9   Thumb Code    70  app_timer.o(i.app_timer_init)
    app_util_critical_region_enter           0x00026d0d   Thumb Code    64  app_util_platform.o(i.app_util_critical_region_enter)
    app_util_critical_region_exit            0x00026d55   Thumb Code    46  app_util_platform.o(i.app_util_critical_region_exit)
    buffer_is_empty                          0x00026f49   Thumb Code    16  nrf_log_frontend.o(i.buffer_is_empty)
    current_int_priority_get                 0x0002705d   Thumb Code    48  app_util_platform.o(i.current_int_priority_get)
    main                                     0x000273d1   Thumb Code    98  main.o(i.main)
    nrf_atomic_flag_clear_fetch              0x0002752d   Thumb Code     6  nrf_atomic.o(i.nrf_atomic_flag_clear_fetch)
    nrf_atomic_flag_set                      0x00027533   Thumb Code     6  nrf_atomic.o(i.nrf_atomic_flag_set)
    nrf_atomic_u32_add                       0x00027539   Thumb Code    12  nrf_atomic.o(i.nrf_atomic_u32_add)
    nrf_atomic_u32_fetch_and                 0x00027545   Thumb Code    10  nrf_atomic.o(i.nrf_atomic_u32_fetch_and)
    nrf_atomic_u32_fetch_store               0x0002754f   Thumb Code    10  nrf_atomic.o(i.nrf_atomic_u32_fetch_store)
    nrf_atomic_u32_or                        0x00027559   Thumb Code    12  nrf_atomic.o(i.nrf_atomic_u32_or)
    nrf_atomic_u32_sub                       0x00027565   Thumb Code    12  nrf_atomic.o(i.nrf_atomic_u32_sub)
    nrf_balloc_alloc                         0x00027571   Thumb Code    68  nrf_balloc.o(i.nrf_balloc_alloc)
    nrf_balloc_free                          0x000275b5   Thumb Code    48  nrf_balloc.o(i.nrf_balloc_free)
    nrf_balloc_init                          0x000275e5   Thumb Code    48  nrf_balloc.o(i.nrf_balloc_init)
    nrf_drv_clock_init                       0x00027659   Thumb Code    48  nrf_drv_clock.o(i.nrf_drv_clock_init)
    nrf_drv_clock_lfclk_release              0x00027691   Thumb Code    42  nrf_drv_clock.o(i.nrf_drv_clock_lfclk_release)
    nrf_drv_uart_init                        0x000276c1   Thumb Code    90  nrf_drv_uart.o(i.nrf_drv_uart_init)
    nrf_fprintf                              0x00027729   Thumb Code    26  nrf_fprintf.o(i.nrf_fprintf)
    nrf_fprintf_buffer_flush                 0x00027743   Thumb Code    24  nrf_fprintf.o(i.nrf_fprintf_buffer_flush)
    nrf_fprintf_fmt                          0x0002775b   Thumb Code   474  nrf_fprintf_format.o(i.nrf_fprintf_fmt)
    nrf_log_backend_add                      0x00027a5d   Thumb Code    86  nrf_log_frontend.o(i.nrf_log_backend_add)
    nrf_log_backend_rtt_init                 0x00027abb   Thumb Code     4  nrf_log_backend_rtt.o(i.nrf_log_backend_rtt_init)
    nrf_log_backend_serial_put               0x00027ad9   Thumb Code   200  nrf_log_backend_serial.o(i.nrf_log_backend_serial_put)
    nrf_log_backend_uart_init                0x00027ba3   Thumb Code     6  nrf_log_backend_uart.o(i.nrf_log_backend_uart_init)
    nrf_log_color_id_get                     0x00027bed   Thumb Code    42  nrf_log_frontend.o(i.nrf_log_color_id_get)
    nrf_log_default_backends_init            0x00027c1d   Thumb Code    46  nrf_log_default_backends.o(i.nrf_log_default_backends_init)
    nrf_log_frontend_dequeue                 0x00027c51   Thumb Code   528  nrf_log_frontend.o(i.nrf_log_frontend_dequeue)
    nrf_log_frontend_std_0                   0x00027e85   Thumb Code     8  nrf_log_frontend.o(i.nrf_log_frontend_std_0)
    nrf_log_frontend_std_1                   0x00027e8d   Thumb Code    14  nrf_log_frontend.o(i.nrf_log_frontend_std_1)
    nrf_log_frontend_std_2                   0x00027e9b   Thumb Code    16  nrf_log_frontend.o(i.nrf_log_frontend_std_2)
    nrf_log_frontend_std_5                   0x00027eab   Thumb Code    28  nrf_log_frontend.o(i.nrf_log_frontend_std_5)
    nrf_log_hexdump_entry_process            0x00027ec9   Thumb Code   146  nrf_log_str_formatter.o(i.nrf_log_hexdump_entry_process)
    nrf_log_init                             0x00027f75   Thumb Code    46  nrf_log_frontend.o(i.nrf_log_init)
    nrf_log_module_cnt_get                   0x00027fb1   Thumb Code    10  nrf_log_frontend.o(i.nrf_log_module_cnt_get)
    nrf_log_module_name_get                  0x00027fc5   Thumb Code    24  nrf_log_frontend.o(i.nrf_log_module_name_get)
    nrf_log_panic                            0x00027fe1   Thumb Code    38  nrf_log_frontend.o(i.nrf_log_panic)
    nrf_log_std_entry_process                0x0002800d   Thumb Code   182  nrf_log_str_formatter.o(i.nrf_log_std_entry_process)
    nrf_memobj_alloc                         0x000280c3   Thumb Code    96  nrf_memobj.o(i.nrf_memobj_alloc)
    nrf_memobj_free                          0x00028123   Thumb Code    50  nrf_memobj.o(i.nrf_memobj_free)
    nrf_memobj_get                           0x00028155   Thumb Code     8  nrf_memobj.o(i.nrf_memobj_get)
    nrf_memobj_pool_init                     0x0002815d   Thumb Code     4  nrf_memobj.o(i.nrf_memobj_pool_init)
    nrf_memobj_put                           0x00028161   Thumb Code    30  nrf_memobj.o(i.nrf_memobj_put)
    nrf_memobj_read                          0x0002817f   Thumb Code    16  nrf_memobj.o(i.nrf_memobj_read)
    nrf_memobj_write                         0x0002818f   Thumb Code    16  nrf_memobj.o(i.nrf_memobj_write)
    nrf_ringbuf_init                         0x0002819f   Thumb Code    28  nrf_ringbuf.o(i.nrf_ringbuf_init)
    nrf_sdh_evts_poll                        0x000281bd   Thumb Code    32  nrf_sdh.o(i.nrf_sdh_evts_poll)
    nrf_sdh_is_enabled                       0x000281e1   Thumb Code     6  nrf_sdh.o(i.nrf_sdh_is_enabled)
    nrf_section_iter_init                    0x0002826d   Thumb Code    10  nrf_section_iter.o(i.nrf_section_iter_init)
    nrf_section_iter_next                    0x0002829b   Thumb Code    32  nrf_section_iter.o(i.nrf_section_iter_next)
    nrf_strerror_find                        0x000282bd   Thumb Code    52  nrf_strerror.o(i.nrf_strerror_find)
    nrf_strerror_get                         0x000282f5   Thumb Code    14  nrf_strerror.o(i.nrf_strerror_get)
    nrfx_clock_enable                        0x00028341   Thumb Code    38  nrfx_clock.o(i.nrfx_clock_enable)
    nrfx_clock_init                          0x00028371   Thumb Code    26  nrfx_clock.o(i.nrfx_clock_init)
    nrfx_clock_lfclk_stop                    0x00028391   Thumb Code    20  nrfx_clock.o(i.nrfx_clock_lfclk_stop)
    nrfx_gpiote_out_toggle                   0x000283bd   Thumb Code    28  nrfx_gpiote.o(i.nrfx_gpiote_out_toggle)
    nrfx_prs_acquire                         0x000283e9   Thumb Code    58  nrfx_prs.o(i.nrfx_prs_acquire)
    nrfx_prs_release                         0x00028423   Thumb Code    18  nrfx_prs.o(i.nrfx_prs_release)
    nrfx_uart_0_irq_handler                  0x00028435   Thumb Code     8  nrfx_uart.o(i.nrfx_uart_0_irq_handler)
    nrfx_uart_init                           0x00028445   Thumb Code   200  nrfx_uart.o(i.nrfx_uart_init)
    nrfx_uart_tx                             0x00028519   Thumb Code   160  nrfx_uart.o(i.nrfx_uart_tx)
    nrfx_uart_tx_in_progress                 0x000285bd   Thumb Code    26  nrfx_uart.o(i.nrfx_uart_tx_in_progress)
    nrfx_uart_uninit                         0x000285dd   Thumb Code   170  nrfx_uart.o(i.nrfx_uart_uninit)
    nrfx_uarte_0_irq_handler                 0x00028691   Thumb Code     8  nrfx_uarte.o(i.nrfx_uarte_0_irq_handler)
    nrfx_uarte_init                          0x000286a1   Thumb Code   100  nrfx_uarte.o(i.nrfx_uarte_init)
    nrfx_uarte_tx                            0x0002870d   Thumb Code   138  nrfx_uarte.o(i.nrfx_uarte_tx)
    nrfx_uarte_tx_in_progress                0x0002879d   Thumb Code    22  nrfx_uarte.o(i.nrfx_uarte_tx_in_progress)
    nrfx_uarte_uninit                        0x000287b9   Thumb Code   166  nrfx_uarte.o(i.nrfx_uarte_uninit)
    nrf_log_backend_rtt_api                  0x000292e4   Data          12  nrf_log_backend_rtt.o(.constdata)
    nrf_log_backend_uart_api                 0x000292f8   Data          12  nrf_log_backend_uart.o(.constdata)
    __ctype_table                            0x000293a4   Data         129  ctype_o.o(.constdata)
    Region$$Table$$Base                      0x00029930   Number         0  anon$$obj.o(Region$$Table)
    Region$$Table$$Limit                     0x00029950   Number         0  anon$$obj.o(Region$$Table)
    log_const_data$$Base                     0x00029970   Number         0  nrf_drv_clock.o(log_const_data)
    m_nrf_log_clock_logs_data_const          0x00029970   Data           8  nrf_drv_clock.o(log_const_data)
    m_nrf_log_CLOCK_logs_data_const          0x00029978   Data           8  nrfx_clock.o(log_const_data)
    m_nrf_log_GPIOTE_logs_data_const         0x00029980   Data           8  nrfx_gpiote.o(log_const_data)
    m_nrf_log_PRS_logs_data_const            0x00029988   Data           8  nrfx_prs.o(log_const_data)
    m_nrf_log_UART_logs_data_const           0x00029990   Data           8  nrfx_uart.o(log_const_data)
    m_nrf_log_UARTE_logs_data_const          0x00029998   Data           8  nrfx_uarte.o(log_const_data)
    m_nrf_log_app_logs_data_const            0x000299a0   Data           8  nrf_log_frontend.o(log_const_data)
    m_nrf_log_nrf_sdh_logs_data_const        0x000299a8   Data           8  nrf_sdh.o(log_const_data)
    m_nrf_log_nrf_sdh_soc_logs_data_const    0x000299b0   Data           8  nrf_sdh_soc.o(log_const_data)
    log_const_data$$Limit                    0x000299b8   Number         0  nrf_sdh_soc.o(log_const_data)
    log_mempool                              0x000299b8   Data          20  nrf_log_frontend.o(nrf_balloc)
    sdh_soc_observers0$$Base                 0x000299cc   Number         0  nrf_drv_clock.o(sdh_soc_observers0)
    sdh_soc_observers0$$Limit                0x000299d4   Number         0  nrf_drv_clock.o(sdh_soc_observers0)
    sdh_stack_observers0$$Base               0x000299d4   Number         0  nrf_sdh_soc.o(sdh_stack_observers0)
    sdh_stack_observers0$$Limit              0x000299dc   Number         0  nrf_sdh_soc.o(sdh_stack_observers0)
    sdh_state_observers0$$Base               0x000299dc   Number         0  nrf_drv_clock.o(sdh_state_observers0)
    sdh_state_observers0$$Limit              0x000299e4   Number         0  nrf_drv_clock.o(sdh_state_observers0)
    nrf_drv_uart_use_easy_dma                0x200057b8   Data           1  nrf_drv_uart.o(.data)
    m_uart                                   0x200057f0   Data          20  nrf_log_backend_uart.o(.data)
    SystemCoreClock                          0x20005868   Data           4  system_nrf52.o(.data)
    nrf_nvic_state                           0x20005a68   Data          12  app_util_platform.o(.bss)
    _SEGGER_RTT                              0x20006070   Data         120  segger_rtt.o(.bss)
    __initial_sp                             0x200082f8   Data           0  arm_startup_nrf52.o(STACK)



==============================================================================

Memory Map of the image

  Image Entry point : 0x00026201

  Load Region LR_IROM1 (Base: 0x00026000, Size: 0x00003a98, Max: 0x0005a000, ABSOLUTE)

    Execution Region ER_IROM1 (Exec base: 0x00026000, Load base: 0x00026000, Size: 0x000039e4, Max: 0x0005a000, ABSOLUTE)

    Exec Addr    Load Addr    Size         Type   Attr      Idx    E Section Name        Object

    0x00026000   0x00026000   0x00000200   Data   RO         3261    RESET               arm_startup_nrf52.o
    0x00026200   0x00026200   0x00000000   Code   RO         3306  * .ARM.Collect$$$$00000000  mc_w.l(entry.o)
    0x00026200   0x00026200   0x00000004   Code   RO         3354    .ARM.Collect$$$$00000001  mc_w.l(entry2.o)
    0x00026204   0x00026204   0x00000004   Code   RO         3357    .ARM.Collect$$$$00000004  mc_w.l(entry5.o)
    0x00026208   0x00026208   0x00000000   Code   RO         3359    .ARM.Collect$$$$00000008  mc_w.l(entry7b.o)
    0x00026208   0x00026208   0x00000000   Code   RO         3361    .ARM.Collect$$$$0000000A  mc_w.l(entry8b.o)
    0x00026208   0x00026208   0x00000008   Code   RO         3362    .ARM.Collect$$$$0000000B  mc_w.l(entry9a.o)
    0x00026210   0x00026210   0x00000000   Code   RO         3364    .ARM.Collect$$$$0000000D  mc_w.l(entry10a.o)
    0x00026210   0x00026210   0x00000000   Code   RO         3366    .ARM.Collect$$$$0000000F  mc_w.l(entry11a.o)
    0x00026210   0x00026210   0x00000004   Code   RO         3355    .ARM.Collect$$$$00002712  mc_w.l(entry2.o)
    0x00026214   0x00026214   0x0000001a   Code   RO         1436    .emb_text           app_error_handler_keil.o
    0x0002622e   0x0002622e   0x00000002   PAD
    0x00026230   0x00026230   0x000000e2   Code   RO         1812    .emb_text           nrf_atomic.o
    0x00026312   0x00026312   0x00000002   PAD
    0x00026314   0x00026314   0x00000024   Code   RO         3262    .text               arm_startup_nrf52.o
    0x00026338   0x00026338   0x00000008   Code   RO         3314    .text               mc_w.l(ctype_o.o)
    0x00026340   0x00026340   0x00000024   Code   RO         3342    .text               mc_w.l(memcpya.o)
    0x00026364   0x00026364   0x00000024   Code   RO         3344    .text               mc_w.l(memseta.o)
    0x00026388   0x00026388   0x0000000e   Code   RO         3346    .text               mc_w.l(strlen.o)
    0x00026396   0x00026396   0x00000012   Code   RO         3350    .text               mc_w.l(strcpy.o)
    0x000263a8   0x000263a8   0x00000024   Code   RO         3370    .text               mc_w.l(init.o)
    0x000263cc   0x000263cc   0x00000154   Code   RO          705    i.GPIOTE_IRQHandler  nrfx_gpiote.o
    0x00026520   0x00026520   0x00000016   Code   RO         1528    i.NVIC_ClearPendingIRQ  app_timer.o
    0x00026536   0x00026536   0x00000016   Code   RO         1529    i.NVIC_EnableIRQ    app_timer.o
    0x0002654c   0x0002654c   0x00000016   Code   RO         1530    i.NVIC_SetPendingIRQ  app_timer.o
    0x00026562   0x00026562   0x00000020   Code   RO         1531    i.NVIC_SetPriority  app_timer.o
    0x00026582   0x00026582   0x00000002   PAD
    0x00026584   0x00026584   0x00000058   Code   RO          570    i.POWER_CLOCK_IRQHandler  nrfx_clock.o
    0x000265dc   0x000265dc   0x00000024   Code   RO         1532    i.RTC1_IRQHandler   app_timer.o
    0x00026600   0x00026600   0x00000004   Code   RO         2758    i.SEGGER_RTT_Init   segger_rtt.o
    0x00026604   0x00026604   0x0000005c   Code   RO         2772    i.SEGGER_RTT_WriteNoLock  segger_rtt.o
    0x00026660   0x00026660   0x00000004   Code   RO         1533    i.SWI0_EGU0_IRQHandler  app_timer.o
    0x00026664   0x00026664   0x00000004   Code   RO         3106    i.SWI2_EGU2_IRQHandler  nrf_sdh.o
    0x00026668   0x00026668   0x0000031c   Code   RO         3270    i.SystemInit        system_nrf52.o
    0x00026984   0x00026984   0x0000000c   Code   RO          998    i.UARTE0_UART0_IRQHandler  nrfx_prs.o
    0x00026990   0x00026990   0x00000068   Code   RO         2776    i._DoInit           segger_rtt.o
    0x000269f8   0x000269f8   0x00000016   Code   RO         2777    i._GetAvailWriteSpace  segger_rtt.o
    0x00026a0e   0x00026a0e   0x0000005a   Code   RO         2779    i._WriteBlocking    segger_rtt.o
    0x00026a68   0x00026a68   0x00000042   Code   RO         2780    i._WriteNoCheck     segger_rtt.o
    0x00026aaa   0x00026aaa   0x0000000e   Code   RO         3374    i.__scatterload_copy  mc_w.l(handlers.o)
    0x00026ab8   0x00026ab8   0x00000002   Code   RO         3375    i.__scatterload_null  mc_w.l(handlers.o)
    0x00026aba   0x00026aba   0x0000000e   Code   RO         3376    i.__scatterload_zeroinit  mc_w.l(handlers.o)
    0x00026ac8   0x00026ac8   0x00000164   Code   RO         1471    i.app_error_fault_handler  app_error_weak.o
    0x00026c2c   0x00026c2c   0x00000064   Code   RO         1399    i.app_error_save_and_stop  app_error.o
    0x00026c90   0x00026c90   0x00000028   Code   RO         1536    i.app_timer_create  app_timer.o
    0x00026cb8   0x00026cb8   0x00000054   Code   RO         1537    i.app_timer_init    app_timer.o
    0x00026d0c   0x00026d0c   0x00000048   Code   RO         1717    i.app_util_critical_region_enter  app_util_platform.o
    0x00026d54   0x00026d54   0x00000034   Code   RO         1718    i.app_util_critical_region_exit  app_util_platform.o
    0x00026d88   0x00026d88   0x00000088   Code   RO         1052    i.apply_config      nrfx_uart.o
    0x00026e10   0x00026e10   0x00000088   Code   RO         1243    i.apply_config      nrfx_uarte.o
    0x00026e98   0x00026e98   0x00000090   Code   RO         2513    i.buf_prealloc      nrf_log_frontend.o
    0x00026f28   0x00026f28   0x0000001e   Code   RO         2027    i.buffer_add        nrf_fprintf_format.o
    0x00026f46   0x00026f46   0x00000002   PAD
    0x00026f48   0x00026f48   0x00000014   Code   RO         2514    i.buffer_is_empty   nrf_log_frontend.o
    0x00026f5c   0x00026f5c   0x00000010   Code   RO          708    i.channel_port_get  nrfx_gpiote.o
    0x00026f6c   0x00026f6c   0x00000028   Code   RO          360    i.clock_clk_started_notify  nrf_drv_clock.o
    0x00026f94   0x00026f94   0x0000001c   Code   RO          361    i.clock_irq_handler  nrf_drv_clock.o
    0x00026fb0   0x00026fb0   0x000000ac   Code   RO         1543    i.compare_reg_update  app_timer.o
    0x0002705c   0x0002705c   0x00000030   Code   RO         1721    i.current_int_priority_get  app_util_platform.o
    0x0002708c   0x0002708c   0x00000014   Code   RO         2515    i.dropped_sat16_get  nrf_log_frontend.o
    0x000270a0   0x000270a0   0x00000040   Code   RO         1544    i.elapsed_ticks_acquire  app_timer.o
    0x000270e0   0x000270e0   0x000000a6   Code   RO         2028    i.int_print         nrf_fprintf_format.o
    0x00027186   0x00027186   0x00000002   PAD
    0x00027188   0x00027188   0x00000080   Code   RO         1244    i.interrupts_enable  nrfx_uarte.o
    0x00027208   0x00027208   0x00000034   Code   RO         2516    i.invalid_packets_omit  nrf_log_frontend.o
    0x0002723c   0x0002723c   0x000000f8   Code   RO         1545    i.list_insertions_handler  app_timer.o
    0x00027334   0x00027334   0x0000009c   Code   RO         2517    i.log_skip          nrf_log_frontend.o
    0x000273d0   0x000273d0   0x000000ac   Code   RO            4    i.main              main.o
    0x0002747c   0x0002747c   0x0000007e   Code   RO         2067    i.memobj_op         nrf_memobj.o
    0x000274fa   0x000274fa   0x00000002   PAD
    0x000274fc   0x000274fc   0x00000030   Code   RO         2518    i.module_idx_get    nrf_log_frontend.o
    0x0002752c   0x0002752c   0x00000006   Code   RO         1814    i.nrf_atomic_flag_clear_fetch  nrf_atomic.o
    0x00027532   0x00027532   0x00000006   Code   RO         1815    i.nrf_atomic_flag_set  nrf_atomic.o
    0x00027538   0x00027538   0x0000000c   Code   RO         1817    i.nrf_atomic_u32_add  nrf_atomic.o
    0x00027544   0x00027544   0x0000000a   Code   RO         1821    i.nrf_atomic_u32_fetch_and  nrf_atomic.o
    0x0002754e   0x0002754e   0x0000000a   Code   RO         1823    i.nrf_atomic_u32_fetch_store  nrf_atomic.o
    0x00027558   0x00027558   0x0000000c   Code   RO         1827    i.nrf_atomic_u32_or  nrf_atomic.o
    0x00027564   0x00027564   0x0000000c   Code   RO         1829    i.nrf_atomic_u32_sub  nrf_atomic.o
    0x00027570   0x00027570   0x00000044   Code   RO         1951    i.nrf_balloc_alloc  nrf_balloc.o
    0x000275b4   0x000275b4   0x00000030   Code   RO         1952    i.nrf_balloc_free   nrf_balloc.o
    0x000275e4   0x000275e4   0x00000030   Code   RO         1953    i.nrf_balloc_init   nrf_balloc.o
    0x00027614   0x00027614   0x00000010   Code   RO          709    i.nrf_bitmask_bit_is_set  nrfx_gpiote.o
    0x00027624   0x00027624   0x00000014   Code   RO          710    i.nrf_bitmask_bit_set  nrfx_gpiote.o
    0x00027638   0x00027638   0x0000000e   Code   RO          571    i.nrf_clock_event_check  nrfx_clock.o
    0x00027646   0x00027646   0x00000010   Code   RO          572    i.nrf_clock_event_clear  nrfx_clock.o
    0x00027656   0x00027656   0x00000002   PAD
    0x00027658   0x00027658   0x00000038   Code   RO          368    i.nrf_drv_clock_init  nrf_drv_clock.o
    0x00027690   0x00027690   0x00000030   Code   RO          372    i.nrf_drv_clock_lfclk_release  nrf_drv_clock.o
    0x000276c0   0x000276c0   0x00000068   Code   RO          518    i.nrf_drv_uart_init  nrf_drv_uart.o
    0x00027728   0x00027728   0x0000001a   Code   RO         1988    i.nrf_fprintf       nrf_fprintf.o
    0x00027742   0x00027742   0x00000018   Code   RO         1989    i.nrf_fprintf_buffer_flush  nrf_fprintf.o
    0x0002775a   0x0002775a   0x000001da   Code   RO         2029    i.nrf_fprintf_fmt   nrf_fprintf_format.o
    0x00027934   0x00027934   0x00000024   Code   RO         1053    i.nrf_gpio_cfg      nrfx_uart.o
    0x00027958   0x00027958   0x00000024   Code   RO         1245    i.nrf_gpio_cfg      nrfx_uarte.o
    0x0002797c   0x0002797c   0x00000012   Code   RO         1054    i.nrf_gpio_cfg_default  nrfx_uart.o
    0x0002798e   0x0002798e   0x00000012   Code   RO         1246    i.nrf_gpio_cfg_default  nrfx_uarte.o
    0x000279a0   0x000279a0   0x00000012   Code   RO         1055    i.nrf_gpio_cfg_input  nrfx_uart.o
    0x000279b2   0x000279b2   0x00000012   Code   RO         1247    i.nrf_gpio_cfg_input  nrfx_uarte.o
    0x000279c4   0x000279c4   0x00000014   Code   RO         1056    i.nrf_gpio_cfg_output  nrfx_uart.o
    0x000279d8   0x000279d8   0x00000014   Code   RO         1248    i.nrf_gpio_cfg_output  nrfx_uarte.o
    0x000279ec   0x000279ec   0x00000022   Code   RO          713    i.nrf_gpio_cfg_sense_set  nrfx_gpiote.o
    0x00027a0e   0x00027a0e   0x00000002   PAD
    0x00027a10   0x00027a10   0x00000028   Code   RO          714    i.nrf_gpio_ports_read  nrfx_gpiote.o
    0x00027a38   0x00027a38   0x00000014   Code   RO          715    i.nrf_gpiote_event_clear  nrfx_gpiote.o
    0x00027a4c   0x00027a4c   0x00000010   Code   RO          716    i.nrf_gpiote_event_is_set  nrfx_gpiote.o
    0x00027a5c   0x00027a5c   0x0000005c   Code   RO         2519    i.nrf_log_backend_add  nrf_log_frontend.o
    0x00027ab8   0x00027ab8   0x00000002   Code   RO         2279    i.nrf_log_backend_rtt_flush  nrf_log_backend_rtt.o
    0x00027aba   0x00027aba   0x00000004   Code   RO         2280    i.nrf_log_backend_rtt_init  nrf_log_backend_rtt.o
    0x00027abe   0x00027abe   0x00000002   Code   RO         2281    i.nrf_log_backend_rtt_panic_set  nrf_log_backend_rtt.o
    0x00027ac0   0x00027ac0   0x00000018   Code   RO         2282    i.nrf_log_backend_rtt_put  nrf_log_backend_rtt.o
    0x00027ad8   0x00027ad8   0x000000c8   Code   RO         2358    i.nrf_log_backend_serial_put  nrf_log_backend_serial.o
    0x00027ba0   0x00027ba0   0x00000002   Code   RO         2392    i.nrf_log_backend_uart_flush  nrf_log_backend_uart.o
    0x00027ba2   0x00027ba2   0x00000006   Code   RO         2393    i.nrf_log_backend_uart_init  nrf_log_backend_uart.o
    0x00027ba8   0x00027ba8   0x0000002c   Code   RO         2394    i.nrf_log_backend_uart_panic_set  nrf_log_backend_uart.o
    0x00027bd4   0x00027bd4   0x00000018   Code   RO         2395    i.nrf_log_backend_uart_put  nrf_log_backend_uart.o
    0x00027bec   0x00027bec   0x00000030   Code   RO         2521    i.nrf_log_color_id_get  nrf_log_frontend.o
    0x00027c1c   0x00027c1c   0x00000034   Code   RO         2472    i.nrf_log_default_backends_init  nrf_log_default_backends.o
    0x00027c50   0x00027c50   0x00000234   Code   RO         2522    i.nrf_log_frontend_dequeue  nrf_log_frontend.o
    0x00027e84   0x00027e84   0x00000008   Code   RO         2524    i.nrf_log_frontend_std_0  nrf_log_frontend.o
    0x00027e8c   0x00027e8c   0x0000000e   Code   RO         2525    i.nrf_log_frontend_std_1  nrf_log_frontend.o
    0x00027e9a   0x00027e9a   0x00000010   Code   RO         2526    i.nrf_log_frontend_std_2  nrf_log_frontend.o
    0x00027eaa   0x00027eaa   0x0000001c   Code   RO         2529    i.nrf_log_frontend_std_5  nrf_log_frontend.o
    0x00027ec6   0x00027ec6   0x00000002   PAD
    0x00027ec8   0x00027ec8   0x000000ac   Code   RO         2699    i.nrf_log_hexdump_entry_process  nrf_log_str_formatter.o
    0x00027f74   0x00027f74   0x0000003c   Code   RO         2531    i.nrf_log_init      nrf_log_frontend.o
    0x00027fb0   0x00027fb0   0x00000014   Code   RO         2532    i.nrf_log_module_cnt_get  nrf_log_frontend.o
    0x00027fc4   0x00027fc4   0x0000001c   Code   RO         2535    i.nrf_log_module_name_get  nrf_log_frontend.o
    0x00027fe0   0x00027fe0   0x0000002c   Code   RO         2536    i.nrf_log_panic     nrf_log_frontend.o
    0x0002800c   0x0002800c   0x000000b6   Code   RO         2700    i.nrf_log_std_entry_process  nrf_log_str_formatter.o
    0x000280c2   0x000280c2   0x00000060   Code   RO         2068    i.nrf_memobj_alloc  nrf_memobj.o
    0x00028122   0x00028122   0x00000032   Code   RO         2069    i.nrf_memobj_free   nrf_memobj.o
    0x00028154   0x00028154   0x00000008   Code   RO         2070    i.nrf_memobj_get    nrf_memobj.o
    0x0002815c   0x0002815c   0x00000004   Code   RO         2071    i.nrf_memobj_pool_init  nrf_memobj.o
    0x00028160   0x00028160   0x0000001e   Code   RO         2072    i.nrf_memobj_put    nrf_memobj.o
    0x0002817e   0x0002817e   0x00000010   Code   RO         2073    i.nrf_memobj_read   nrf_memobj.o
    0x0002818e   0x0002818e   0x00000010   Code   RO         2074    i.nrf_memobj_write  nrf_memobj.o
    0x0002819e   0x0002819e   0x0000001c   Code   RO         2150    i.nrf_ringbuf_init  nrf_ringbuf.o
    0x000281ba   0x000281ba   0x00000002   PAD
    0x000281bc   0x000281bc   0x00000024   Code   RO         3110    i.nrf_sdh_evts_poll  nrf_sdh.o
    0x000281e0   0x000281e0   0x0000000c   Code   RO         3111    i.nrf_sdh_is_enabled  nrf_sdh.o
    0x000281ec   0x000281ec   0x00000080   Code   RO         3227    i.nrf_sdh_soc_evts_poll  nrf_sdh_soc.o
    0x0002826c   0x0002826c   0x0000000a   Code   RO         2208    i.nrf_section_iter_init  nrf_section_iter.o
    0x00028276   0x00028276   0x00000024   Code   RO         2209    i.nrf_section_iter_item_set  nrf_section_iter.o
    0x0002829a   0x0002829a   0x00000020   Code   RO         2210    i.nrf_section_iter_next  nrf_section_iter.o
    0x000282ba   0x000282ba   0x00000002   PAD
    0x000282bc   0x000282bc   0x00000038   Code   RO         2246    i.nrf_strerror_find  nrf_strerror.o
    0x000282f4   0x000282f4   0x00000014   Code   RO         2247    i.nrf_strerror_get  nrf_strerror.o
    0x00028308   0x00028308   0x0000000a   Code   RO         1057    i.nrf_uart_event_check  nrfx_uart.o
    0x00028312   0x00028312   0x0000000c   Code   RO         1058    i.nrf_uart_event_clear  nrfx_uart.o
    0x0002831e   0x0002831e   0x0000000c   Code   RO         1059    i.nrf_uart_int_enable_check  nrfx_uart.o
    0x0002832a   0x0002832a   0x0000000a   Code   RO         1249    i.nrf_uarte_event_check  nrfx_uarte.o
    0x00028334   0x00028334   0x0000000c   Code   RO         1250    i.nrf_uarte_event_clear  nrfx_uarte.o
    0x00028340   0x00028340   0x00000030   Code   RO          577    i.nrfx_clock_enable  nrfx_clock.o
    0x00028370   0x00028370   0x00000020   Code   RO          580    i.nrfx_clock_init   nrfx_clock.o
    0x00028390   0x00028390   0x0000001c   Code   RO          583    i.nrfx_clock_lfclk_stop  nrfx_clock.o
    0x000283ac   0x000283ac   0x00000010   Code   RO         1546    i.nrfx_coredep_delay_us  app_timer.o
    0x000283bc   0x000283bc   0x0000001c   Code   RO          735    i.nrfx_gpiote_out_toggle  nrfx_gpiote.o
    0x000283d8   0x000283d8   0x00000010   Code   RO         1251    i.nrfx_is_in_ram    nrfx_uarte.o
    0x000283e8   0x000283e8   0x0000003a   Code   RO          999    i.nrfx_prs_acquire  nrfx_prs.o
    0x00028422   0x00028422   0x00000012   Code   RO         1000    i.nrfx_prs_release  nrfx_prs.o
    0x00028434   0x00028434   0x00000010   Code   RO         1060    i.nrfx_uart_0_irq_handler  nrfx_uart.o
    0x00028444   0x00028444   0x000000d4   Code   RO         1062    i.nrfx_uart_init    nrfx_uart.o
    0x00028518   0x00028518   0x000000a4   Code   RO         1068    i.nrfx_uart_tx      nrfx_uart.o
    0x000285bc   0x000285bc   0x00000020   Code   RO         1070    i.nrfx_uart_tx_in_progress  nrfx_uart.o
    0x000285dc   0x000285dc   0x000000b4   Code   RO         1071    i.nrfx_uart_uninit  nrfx_uart.o
    0x00028690   0x00028690   0x00000010   Code   RO         1252    i.nrfx_uarte_0_irq_handler  nrfx_uarte.o
    0x000286a0   0x000286a0   0x0000006c   Code   RO         1254    i.nrfx_uarte_init   nrfx_uarte.o
    0x0002870c   0x0002870c   0x00000090   Code   RO         1258    i.nrfx_uarte_tx     nrfx_uarte.o
    0x0002879c   0x0002879c   0x0000001c   Code   RO         1260    i.nrfx_uarte_tx_in_progress  nrfx_uarte.o
    0x000287b8   0x000287b8   0x000000b0   Code   RO         1261    i.nrfx_uarte_uninit  nrfx_uarte.o
    0x00028868   0x00028868   0x0000003c   Code   RO         2702    i.postfix_process   nrf_log_str_formatter.o
    0x000288a4   0x000288a4   0x00000098   Code   RO         2703    i.prefix_process    nrf_log_str_formatter.o
    0x0002893c   0x0002893c   0x00000018   Code   RO         1001    i.prs_box_get       nrfx_prs.o
    0x00028954   0x00028954   0x0000003c   Code   RO         1547    i.rtc1_stop         app_timer.o
    0x00028990   0x00028990   0x00000032   Code   RO         1072    i.rx_byte           nrfx_uart.o
    0x000289c2   0x000289c2   0x00000016   Code   RO         1073    i.rx_done_event     nrfx_uart.o
    0x000289d8   0x000289d8   0x00000018   Code   RO         1262    i.rx_done_event     nrfx_uarte.o
    0x000289f0   0x000289f0   0x00000050   Code   RO          375    i.sd_state_evt_handler  nrf_drv_clock.o
    0x00028a40   0x00028a40   0x00000050   Code   RO         2283    i.serial_tx         nrf_log_backend_rtt.o
    0x00028a90   0x00028a90   0x00000048   Code   RO         2396    i.serial_tx         nrf_log_backend_uart.o
    0x00028ad8   0x00028ad8   0x00000018   Code   RO          376    i.soc_evt_handler   nrf_drv_clock.o
    0x00028af0   0x00028af0   0x0000008c   Code   RO         2538    i.std_n             nrf_log_frontend.o
    0x00028b7c   0x00028b7c   0x000000a4   Code   RO            5    i.timer_handler     main.o
    0x00028c20   0x00028c20   0x00000080   Code   RO         1548    i.timer_list_handler  app_timer.o
    0x00028ca0   0x00028ca0   0x0000003c   Code   RO         1549    i.timer_list_insert  app_timer.o
    0x00028cdc   0x00028cdc   0x00000060   Code   RO         1550    i.timer_list_remove  app_timer.o
    0x00028d3c   0x00028d3c   0x00000074   Code   RO         1552    i.timer_timeouts_check  app_timer.o
    0x00028db0   0x00028db0   0x00000020   Code   RO         1075    i.tx_byte           nrfx_uart.o
    0x00028dd0   0x00028dd0   0x0000001a   Code   RO         1076    i.tx_done_event     nrfx_uart.o
    0x00028dea   0x00028dea   0x00000002   PAD
    0x00028dec   0x00028dec   0x00000030   Code   RO          519    i.uart_evt_handler  nrf_drv_uart.o
    0x00028e1c   0x00028e1c   0x0000000c   Code   RO         2397    i.uart_evt_handler  nrf_log_backend_uart.o
    0x00028e28   0x00028e28   0x00000058   Code   RO         2398    i.uart_init         nrf_log_backend_uart.o
    0x00028e80   0x00028e80   0x00000128   Code   RO         1077    i.uart_irq_handler  nrfx_uart.o
    0x00028fa8   0x00028fa8   0x00000030   Code   RO          520    i.uarte_evt_handler  nrf_drv_uart.o
    0x00028fd8   0x00028fd8   0x000000f4   Code   RO         1263    i.uarte_irq_handler  nrfx_uarte.o
    0x000290cc   0x000290cc   0x000000b4   Code   RO         2030    i.unsigned_print    nrf_fprintf_format.o
    0x00029180   0x00029180   0x00000004   Data   RO            7    .constdata          main.o
    0x00029184   0x00029184   0x00000004   Data   RO          745    .constdata          nrfx_gpiote.o
    0x00029188   0x00029188   0x00000004   Data   RO         1080    .constdata          nrfx_uart.o
    0x0002918c   0x0002918c   0x00000004   Data   RO         1266    .constdata          nrfx_uarte.o
    0x00029190   0x00029190   0x00000006   Data   RO         1555    .constdata          app_timer.o
    0x00029196   0x00029196   0x00000010   Data   RO         2031    .constdata          nrf_fprintf_format.o
    0x000291a6   0x000291a6   0x00000002   PAD
    0x000291a8   0x000291a8   0x0000013c   Data   RO         2248    .constdata          nrf_strerror.o
    0x000292e4   0x000292e4   0x0000000c   Data   RO         2285    .constdata          nrf_log_backend_rtt.o
    0x000292f0   0x000292f0   0x00000006   Data   RO         2286    .constdata          nrf_log_backend_rtt.o
    0x000292f6   0x000292f6   0x00000002   PAD
    0x000292f8   0x000292f8   0x0000000c   Data   RO         2400    .constdata          nrf_log_backend_uart.o
    0x00029304   0x00029304   0x00000020   Data   RO         2401    .constdata          nrf_log_backend_uart.o
    0x00029324   0x00029324   0x0000000c   Data   RO         2543    .constdata          nrf_log_frontend.o
    0x00029330   0x00029330   0x00000010   Data   RO         3120    .constdata          nrf_sdh.o
    0x00029340   0x00029340   0x00000028   Data   RO         3121    .constdata          nrf_sdh.o
    0x00029368   0x00029368   0x00000010   Data   RO         3122    .constdata          nrf_sdh.o
    0x00029378   0x00029378   0x00000010   Data   RO         3123    .constdata          nrf_sdh.o
    0x00029388   0x00029388   0x00000010   Data   RO         3228    .constdata          nrf_sdh_soc.o
    0x00029398   0x00029398   0x0000000c   Data   RO         3229    .constdata          nrf_sdh_soc.o
    0x000293a4   0x000293a4   0x00000081   Data   RO         3315    .constdata          mc_w.l(ctype_o.o)
    0x00029425   0x00029425   0x00000003   PAD
    0x00029428   0x00029428   0x00000004   Data   RO         3316    .constdata          mc_w.l(ctype_o.o)
    0x0002942c   0x0002942c   0x000003eb   Data   RO         2249    .conststring        nrf_strerror.o
    0x00029817   0x00029817   0x00000001   PAD
    0x00029818   0x00029818   0x00000046   Data   RO         2402    .conststring        nrf_log_backend_uart.o
    0x0002985e   0x0002985e   0x00000002   PAD
    0x00029860   0x00029860   0x00000066   Data   RO         2704    .conststring        nrf_log_str_formatter.o
    0x000298c6   0x000298c6   0x00000002   PAD
    0x000298c8   0x000298c8   0x00000006   Data   RO          382    .conststrlit        nrf_drv_clock.o
    0x000298ce   0x000298ce   0x00000002   PAD
    0x000298d0   0x000298d0   0x00000006   Data   RO          587    .conststrlit        nrfx_clock.o
    0x000298d6   0x000298d6   0x00000002   PAD
    0x000298d8   0x000298d8   0x00000007   Data   RO          749    .conststrlit        nrfx_gpiote.o
    0x000298df   0x000298df   0x00000001   PAD
    0x000298e0   0x000298e0   0x00000004   Data   RO         1003    .conststrlit        nrfx_prs.o
    0x000298e4   0x000298e4   0x00000005   Data   RO         1083    .conststrlit        nrfx_uart.o
    0x000298e9   0x000298e9   0x00000003   PAD
    0x000298ec   0x000298ec   0x00000006   Data   RO         1269    .conststrlit        nrfx_uarte.o
    0x000298f2   0x000298f2   0x00000002   PAD
    0x000298f4   0x000298f4   0x00000021   Data   RO         2473    .conststrlit        nrf_log_default_backends.o
    0x00029915   0x00029915   0x00000003   PAD
    0x00029918   0x00029918   0x00000004   Data   RO         2544    .conststrlit        nrf_log_frontend.o
    0x0002991c   0x0002991c   0x00000008   Data   RO         3124    .conststrlit        nrf_sdh.o
    0x00029924   0x00029924   0x0000000c   Data   RO         3230    .conststrlit        nrf_sdh_soc.o
    0x00029930   0x00029930   0x00000020   Data   RO         3372    Region$$Table       anon$$obj.o
    0x00029950   0x00029950   0x00000020   Data   RO         2476    log_backends        nrf_log_default_backends.o
    0x00029970   0x00029970   0x00000008   Data   RO          383    log_const_data      nrf_drv_clock.o
    0x00029978   0x00029978   0x00000008   Data   RO          589    log_const_data      nrfx_clock.o
    0x00029980   0x00029980   0x00000008   Data   RO          750    log_const_data      nrfx_gpiote.o
    0x00029988   0x00029988   0x00000008   Data   RO         1005    log_const_data      nrfx_prs.o
    0x00029990   0x00029990   0x00000008   Data   RO         1084    log_const_data      nrfx_uart.o
    0x00029998   0x00029998   0x00000008   Data   RO         1270    log_const_data      nrfx_uarte.o
    0x000299a0   0x000299a0   0x00000008   Data   RO         2547    log_const_data      nrf_log_frontend.o
    0x000299a8   0x000299a8   0x00000008   Data   RO         3126    log_const_data      nrf_sdh.o
    0x000299b0   0x000299b0   0x00000008   Data   RO         3231    log_const_data      nrf_sdh_soc.o
    0x000299b8   0x000299b8   0x00000014   Data   RO         2548    nrf_balloc          nrf_log_frontend.o
    0x000299cc   0x000299cc   0x00000008   Data   RO          384    sdh_soc_observers0  nrf_drv_clock.o
    0x000299d4   0x000299d4   0x00000008   Data   RO         3232    sdh_stack_observers0  nrf_sdh_soc.o
    0x000299dc   0x000299dc   0x00000008   Data   RO          385    sdh_state_observers0  nrf_drv_clock.o


    Execution Region RW_IRAM1 (Exec base: 0x200057b8, Load base: 0x000299e4, Size: 0x00002b40, Max: 0x0000a848, ABSOLUTE)

    Exec Addr    Load Addr    Size         Type   Attr      Idx    E Section Name        Object

    0x200057b8   0x000299e4   0x0000000c   Data   RW          521    .data               nrf_drv_uart.o
    0x200057c4   0x000299f0   0x00000008   Data   RW          588    .data               nrfx_clock.o
    0x200057cc   0x000299f8   0x00000008   Data   RW         1004    .data               nrfx_prs.o
    0x200057d4   0x00029a00   0x00000014   Data   RW         1556    .data               app_timer.o
    0x200057e8   0x00029a14   0x00000001   Data   RW         2287    .data               nrf_log_backend_rtt.o
    0x200057e9   0x00029a15   0x00000003   PAD
    0x200057ec   0x00029a18   0x00000018   Data   RW         2403    .data               nrf_log_backend_uart.o
    0x20005804   0x00029a30   0x00000008   Data   RW         2474    .data               nrf_log_default_backends.o
    0x2000580c   0x00029a38   0x00000008   Data   RW         2475    .data               nrf_log_default_backends.o
    0x20005814   0x00029a40   0x00000008   Data   RW         2545    .data               nrf_log_frontend.o
    0x2000581c   0x00029a48   0x00000008   Data   RW         2546    .data               nrf_log_frontend.o
    0x20005824   0x00029a50   0x00000040   Data   RW         2705    .data               nrf_log_str_formatter.o
    0x20005864   0x00029a90   0x00000003   Data   RW         3125    .data               nrf_sdh.o
    0x20005867   0x00029a93   0x00000001   PAD
    0x20005868   0x00029a94   0x00000004   Data   RW         3271    .data               system_nrf52.o
    0x2000586c        -       0x00000020   Zero   RW            6    .bss                main.o
    0x2000588c        -       0x00000014   Zero   RW          377    .bss                nrf_drv_clock.o
    0x200058a0        -       0x0000004c   Zero   RW          744    .bss                nrfx_gpiote.o
    0x200058ec        -       0x0000002c   Zero   RW         1078    .bss                nrfx_uart.o
    0x20005918        -       0x00000024   Zero   RW         1264    .bss                nrfx_uarte.o
    0x2000593c        -       0x00000020   Zero   RW         1400    .bss                app_error.o
    0x2000595c        -       0x0000010c   Zero   RW         1554    .bss                app_timer.o
    0x20005a68        -       0x0000000c   Zero   RW         1723    .bss                app_util_platform.o
    0x20005a74        -       0x00000040   Zero   RW         2284    .bss                nrf_log_backend_rtt.o
    0x20005ab4        -       0x00000040   Zero   RW         2399    .bss                nrf_log_backend_uart.o
    0x20005af4        -       0x000000c0   Zero   RW         2539    .bss                nrf_log_frontend.o
    0x20005bb4        -       0x00000080   Zero   RW         2540    .bss                nrf_log_frontend.o
    0x20005c34        -       0x00000018   Zero   RW         2541    .bss                nrf_log_frontend.o
    0x20005c4c        -       0x00000424   Zero   RW         2542    .bss                nrf_log_frontend.o
    0x20006070        -       0x00000288   Zero   RW         2781    .bss                segger_rtt.o
    0x200062f8        -       0x00002000   Zero   RW         3259    STACK               arm_startup_nrf52.o


==============================================================================

Image component sizes


      Code (inc. data)   RO Data    RW Data    ZI Data      Debug   Object Name

       100          4          0          0         32       3418   app_error.o
        26          0          0          0          0        968   app_error_handler_keil.o
       356        192          0          0          0       4902   app_error_weak.o
      1222         94          6         20        268      73936   app_timer.o
       172         14          0          0         12      37192   app_util_platform.o
        36          8        512          0       8192        932   arm_startup_nrf52.o
       336        192          4          0         32      68484   main.o
       294          0          0          0          0       7927   nrf_atomic.o
       164          0          0          0          0       3656   nrf_balloc.o
       276         34         30          0         20      41640   nrf_drv_clock.o
       200         26          0         12          0      17912   nrf_drv_uart.o
        50          0          0          0          0       3553   nrf_fprintf.o
       850          4         16          0          0       5510   nrf_fprintf_format.o
       112         18         18          1         64       6177   nrf_log_backend_rtt.o
       200          0          0          0          0      10877   nrf_log_backend_serial.o
       248         52        114         24         64      21142   nrf_log_backend_uart.o
        52          6         65         16          0       3465   nrf_log_default_backends.o
      1502        114         44         16       1404      30643   nrf_log_frontend.o
       566        108        102         64          0       5656   nrf_log_str_formatter.o
       346          0          0          0          0       9619   nrf_memobj.o
        28          0          0          0          0       2387   nrf_ringbuf.o
        52         10        104          3          0       6242   nrf_sdh.o
       128         68         56          0          0       2488   nrf_sdh_soc.o
        78          0          0          0          0       4488   nrf_section_iter.o
        76         10       1319          0          0       2763   nrf_strerror.o
       226         30         14          8          0      41414   nrfx_clock.o
       530         28         19          0         76      20532   nrfx_gpiote.o
       112         16         12          8          0       4528   nrfx_prs.o
      1292         40         17          0         44      31389   nrfx_uart.o
      1134         44         18          0         36      24455   nrfx_uarte.o
       378         34          0          0        648       9033   segger_rtt.o
       796         70          0          4          0      29566   system_nrf52.o

    ----------------------------------------------------------------------
     11962       1216       2524        180      10892     536894   Object Totals
         0          0         32          0          0          0   (incl. Generated)
        24          0         22          4          0          0   (incl. Padding)

    ----------------------------------------------------------------------

      Code (inc. data)   RO Data    RW Data    ZI Data      Debug   Library Member Name

         8          4        133          0          0         68   ctype_o.o
         0          0          0          0          0          0   entry.o
         0          0          0          0          0          0   entry10a.o
         0          0          0          0          0          0   entry11a.o
         8          4          0          0          0          0   entry2.o
         4          0          0          0          0          0   entry5.o
         0          0          0          0          0          0   entry7b.o
         0          0          0          0          0          0   entry8b.o
         8          4          0          0          0          0   entry9a.o
        30          0          0          0          0          0   handlers.o
        36          8          0          0          0         68   init.o
        36          0          0          0          0         68   memcpya.o
        36          0          0          0          0        108   memseta.o
        18          0          0          0          0         68   strcpy.o
        14          0          0          0          0         68   strlen.o

    ----------------------------------------------------------------------
       198         20        136          0          0        448   Library Totals
         0          0          3          0          0          0   (incl. Padding)

    ----------------------------------------------------------------------

      Code (inc. data)   RO Data    RW Data    ZI Data      Debug   Library Name

       198         20        133          0          0        448   mc_w.l

    ----------------------------------------------------------------------
       198         20        136          0          0        448   Library Totals

    ----------------------------------------------------------------------

==============================================================================


      Code (inc. data)   RO Data    RW Data    ZI Data      Debug   

     12160       1236       2660        180      10892     521542   Grand Totals
     12160       1236       2660        180      10892     521542   ELF Image Totals
     12160       1236       2660        180          0          0   ROM Totals

==============================================================================

    Total RO  Size (Code + RO Data)                14820 (  14.47kB)
    Total RW  Size (RW Data + ZI Data)             11072 (  10.81kB)
    Total ROM Size (Code + RO Data + RW Data)      15000 (  14.65kB)

==============================================================================

